1783550341 0
1783550342 0
1783550343 0
1783550344 0
1783550345 0
1783550346 0
1783550347 0
1783550348 0
1783550349 0
1783550350 0
1783550351 0
1783550352 0
1783550353 0
1783550354 0
1783550355 0
1783550356 0
1783550357 0
1783550358 0
1783550359 0
1783550360 0
1783550361 0
1783550362 0
1783550363 0
1783550364 0
1783550365 0
1783550366 0
1783550367 0
1783550368 0
1783550369 0
1783550370 0
1783550371 0
1783550372 0
1783550373 0
1783550374 0
1783550375 0
1783550376 0
1783550377 0
1783550378 0
1783550379 0
1783550380 0
1783550381 0
1783550382 0
1783550384 0
1783550385 0
1783550386 0
1783550387 0
1783550388 0
1783550389 0
1783550390 0
1783550391 0
1783550392 0
1783550393 0
1783550394 0
1783550395 0
1783550396 0
1783550397 0
1783550398 0
1783550399 0
1783550400 0
1783550401 0
1783550402 0
1783550403 0
1783550404 0
1783550405 0
1783550406 0
1783550407 0
1783550408 0
1783550409 0
1783550410 0
1783550411 0
1783550412 0
1783550413 0
1783550414 0
1783550415 0
