1783550341 Dirty: 80 Writeback: 0 
1783550342 Dirty: 152 Writeback: 0 
1783550343 Dirty: 168 Writeback: 0 
1783550344 Dirty: 8 Writeback: 0 
1783550345 Dirty: 156 Writeback: 0 
1783550346 Dirty: 144 Writeback: 0 
1783550347 Dirty: 148 Writeback: 0 
1783550348 Dirty: 80 Writeback: 0 
1783550349 Dirty: 124 Writeback: 0 
1783550350 Dirty: 104 Writeback: 0 
1783550351 Dirty: 136 Writeback: 0 
1783550352 Dirty: 164 Writeback: 0 
1783550353 Dirty: 132 Writeback: 0 
1783550354 Dirty: 120 Writeback: 0 
1783550355 Dirty: 140 Writeback: 0 
1783550356 Dirty: 140 Writeback: 0 
1783550357 Dirty: 140 Writeback: 0 
1783550358 Dirty: 144 Writeback: 0 
1783550359 Dirty: 112 Writeback: 0 
1783550360 Dirty: 148 Writeback: 0 
1783550361 Dirty: 148 Writeback: 0 
1783550362 Dirty: 152 Writeback: 0 
1783550363 Dirty: 156 Writeback: 0 
1783550364 Dirty: 120 Writeback: 0 
1783550365 Dirty: 148 Writeback: 0 
1783550366 Dirty: 148 Writeback: 0 
1783550367 Dirty: 148 Writeback: 0 
1783550368 Dirty: 156 Writeback: 0 
1783550369 Dirty: 156 Writeback: 12 
1783550370 Dirty: 132 Writeback: 0 
1783550371 Dirty: 132 Writeback: 0 
1783550372 Dirty: 140 Writeback: 0 
1783550373 Dirty: 148 Writeback: 0 
1783550374 Dirty: 112 Writeback: 8 
1783550375 Dirty: 140 Writeback: 8 
1783550376 Dirty: 140 Writeback: 0 
1783550377 Dirty: 144 Writeback: 0 
1783550378 Dirty: 148 Writeback: 0 
1783550379 Dirty: 0 Writeback: 0 
1783550380 Dirty: 0 Writeback: 0 
1783550381 Dirty: 140 Writeback: 0 
1783550382 Dirty: 108 Writeback: 0 
1783550383 Dirty: 120 Writeback: 0 
1783550384 Dirty: 104 Writeback: 0 
1783550385 Dirty: 132 Writeback: 0 
1783550386 Dirty: 132 Writeback: 0 
1783550387 Dirty: 132 Writeback: 0 
1783550388 Dirty: 140 Writeback: 4 
1783550389 Dirty: 132 Writeback: 0 
1783550390 Dirty: 180 Writeback: 0 
1783550391 Dirty: 140 Writeback: 0 
1783550392 Dirty: 140 Writeback: 0 
1783550393 Dirty: 144 Writeback: 0 
1783550394 Dirty: 156 Writeback: 0 
1783550395 Dirty: 196 Writeback: 0 
1783550396 Dirty: 132 Writeback: 0 
1783550397 Dirty: 136 Writeback: 0 
1783550398 Dirty: 136 Writeback: 0 
1783550399 Dirty: 144 Writeback: 0 
1783550400 Dirty: 96 Writeback: 0 
1783550401 Dirty: 76 Writeback: 0 
1783550402 Dirty: 148 Writeback: 0 
1783550403 Dirty: 152 Writeback: 0 
1783550404 Dirty: 152 Writeback: 0 
1783550405 Dirty: 172 Writeback: 4 
1783550406 Dirty: 124 Writeback: 0 
1783550407 Dirty: 248 Writeback: 0 
1783550408 Dirty: 264 Writeback: 0 
1783550409 Dirty: 268 Writeback: 0 
1783550410 Dirty: 64 Writeback: 0 
1783550411 Dirty: 80 Writeback: 0 
1783550412 Dirty: 144 Writeback: 0 
1783550413 Dirty: 148 Writeback: 0 
1783550414 Dirty: 148 Writeback: 0 
1783550415 Dirty: 152 Writeback: 0 
