1783542337 
1783542338 
1783542339 
1783542340 
1783542341 
1783542342 
1783542343 
1783542344 
1783542345 
1783542346 
1783542347 
1783542348 
1783542349 
1783542350 
1783542351 
1783542352 
1783542353 
1783542354 
1783542355 
1783542356 
1783542357 
1783542358 
1783542359 
1783542360 
1783542361 
1783542362 
1783542363 
1783542364 
1783542365 
1783542366 
1783542367 
1783542368 
1783542369 
1783542370 
1783542371 
1783542372 
1783542373 
1783542375 
1783542376 
1783542377 
1783542378 
1783542379 
1783542380 
1783542381 
1783542382 
1783542383 
1783542384 
1783542385 
1783542386 
1783542387 
1783542388 
1783542389 
1783542390 
1783542391 
1783542392 
1783542393 
1783542394 
1783542395 
1783542396 
1783542397 
1783542398 
1783542399 
1783542400 
1783542401 
1783542402 
1783542403 
1783542404 
1783542405 
1783542406 
1783542407 
1783542408 
1783542409 
1783542410 
1783542411 
1783542412 
1783542413 
1783542414 
1783542415 
1783542416 
1783542417 
1783542418 
1783542419 
1783542420 
1783542421 
1783542422 
1783542424 
1783542425 
1783542426 
1783542427 
1783542428 
1783542429 
1783542430 
1783542431 
1783542432 
1783542433 
1783542434 
1783542435 
1783542436 
1783542437 
1783542438 
1783542439 
1783542440 
1783542441 
1783542442 
1783542443 
1783542444 
1783542445 
1783542446 
1783542447 
1783542448 
1783542449 
1783542450 
1783542451 
1783542452 
1783542453 
1783542454 
1783542455 
1783542456 
1783542457 
1783542458 
1783542459 
1783542460 
1783542461 
