1783542337 Dirty: 80 Writeback: 0 
1783542338 Dirty: 88 Writeback: 0 
1783542339 Dirty: 112 Writeback: 0 
1783542340 Dirty: 116 Writeback: 0 
1783542341 Dirty: 56 Writeback: 0 
1783542342 Dirty: 60 Writeback: 0 
1783542343 Dirty: 40 Writeback: 0 
1783542344 Dirty: 60 Writeback: 0 
1783542345 Dirty: 64 Writeback: 0 
1783542346 Dirty: 28 Writeback: 0 
1783542347 Dirty: 32 Writeback: 0 
1783542348 Dirty: 44 Writeback: 0 
1783542349 Dirty: 20 Writeback: 0 
1783542350 Dirty: 36 Writeback: 0 
1783542351 Dirty: 36 Writeback: 0 
1783542352 Dirty: 44 Writeback: 0 
1783542353 Dirty: 36 Writeback: 0 
1783542354 Dirty: 36 Writeback: 0 
1783542355 Dirty: 12 Writeback: 0 
1783542356 Dirty: 24 Writeback: 0 
1783542357 Dirty: 32 Writeback: 0 
1783542358 Dirty: 56 Writeback: 0 
1783542359 Dirty: 56 Writeback: 0 
1783542360 Dirty: 56 Writeback: 0 
1783542361 Dirty: 44 Writeback: 0 
1783542362 Dirty: 44 Writeback: 0 
1783542363 Dirty: 32 Writeback: 0 
1783542364 Dirty: 36 Writeback: 0 
1783542365 Dirty: 36 Writeback: 0 
1783542366 Dirty: 8 Writeback: 0 
1783542367 Dirty: 28 Writeback: 0 
1783542368 Dirty: 60 Writeback: 0 
1783542369 Dirty: 64 Writeback: 0 
1783542370 Dirty: 72 Writeback: 0 
1783542371 Dirty: 32 Writeback: 0 
1783542372 Dirty: 56 Writeback: 0 
1783542373 Dirty: 24 Writeback: 0 
1783542374 Dirty: 32 Writeback: 0 
1783542375 Dirty: 32 Writeback: 0 
1783542376 Dirty: 32 Writeback: 0 
1783542377 Dirty: 24 Writeback: 0 
1783542378 Dirty: 44 Writeback: 0 
1783542379 Dirty: 48 Writeback: 0 
1783542380 Dirty: 52 Writeback: 0 
1783542381 Dirty: 52 Writeback: 0 
1783542382 Dirty: 16 Writeback: 0 
1783542383 Dirty: 24 Writeback: 0 
1783542384 Dirty: 28 Writeback: 0 
1783542385 Dirty: 32 Writeback: 0 
1783542386 Dirty: 36 Writeback: 0 
1783542387 Dirty: 36 Writeback: 0 
1783542388 Dirty: 20 Writeback: 0 
1783542389 Dirty: 32 Writeback: 0 
1783542390 Dirty: 32 Writeback: 0 
1783542391 Dirty: 40 Writeback: 0 
1783542392 Dirty: 44 Writeback: 0 
1783542393 Dirty: 40 Writeback: 0 
1783542394 Dirty: 4 Writeback: 0 
1783542395 Dirty: 28 Writeback: 0 
1783542396 Dirty: 28 Writeback: 0 
1783542397 Dirty: 32 Writeback: 0 
1783542398 Dirty: 68 Writeback: 0 
1783542399 Dirty: 72 Writeback: 0 
1783542400 Dirty: 36 Writeback: 0 
1783542401 Dirty: 52 Writeback: 0 
1783542402 Dirty: 56 Writeback: 0 
1783542403 Dirty: 28 Writeback: 0 
1783542404 Dirty: 32 Writeback: 0 
1783542405 Dirty: 0 Writeback: 0 
1783542406 Dirty: 20 Writeback: 0 
1783542407 Dirty: 24 Writeback: 0 
1783542408 Dirty: 56 Writeback: 0 
1783542409 Dirty: 56 Writeback: 0 
1783542410 Dirty: 60 Writeback: 0 
1783542411 Dirty: 40 Writeback: 12 
1783542412 Dirty: 56 Writeback: 0 
1783542413 Dirty: 32 Writeback: 0 
1783542414 Dirty: 36 Writeback: 0 
1783542415 Dirty: 36 Writeback: 0 
1783542416 Dirty: 40 Writeback: 0 
1783542417 Dirty: 180 Writeback: 0 
1783542418 Dirty: 216 Writeback: 0 
1783542419 Dirty: 220 Writeback: 0 
1783542420 Dirty: 224 Writeback: 0 
1783542421 Dirty: 228 Writeback: 0 
1783542422 Dirty: 36 Writeback: 0 
1783542423 Dirty: 24 Writeback: 0 
1783542424 Dirty: 28 Writeback: 0 
1783542425 Dirty: 28 Writeback: 0 
1783542426 Dirty: 36 Writeback: 0 
1783542427 Dirty: 0 Writeback: 0 
1783542428 Dirty: 48 Writeback: 0 
1783542429 Dirty: 52 Writeback: 0 
1783542430 Dirty: 56 Writeback: 0 
1783542431 Dirty: 56 Writeback: 0 
1783542432 Dirty: 60 Writeback: 0 
1783542433 Dirty: 24 Writeback: 0 
1783542434 Dirty: 32 Writeback: 0 
1783542435 Dirty: 32 Writeback: 0 
1783542436 Dirty: 36 Writeback: 0 
1783542437 Dirty: 36 Writeback: 0 
1783542438 Dirty: 56 Writeback: 0 
1783542439 Dirty: 28 Writeback: 0 
1783542440 Dirty: 48 Writeback: 0 
1783542441 Dirty: 48 Writeback: 0 
1783542442 Dirty: 52 Writeback: 0 
1783542443 Dirty: 40 Writeback: 0 
1783542444 Dirty: 12 Writeback: 0 
1783542445 Dirty: 24 Writeback: 0 
1783542446 Dirty: 28 Writeback: 0 
1783542447 Dirty: 28 Writeback: 0 
1783542448 Dirty: 64 Writeback: 0 
1783542449 Dirty: 72 Writeback: 0 
1783542450 Dirty: 52 Writeback: 0 
1783542451 Dirty: 56 Writeback: 0 
1783542452 Dirty: 60 Writeback: 0 
1783542453 Dirty: 32 Writeback: 0 
1783542454 Dirty: 40 Writeback: 0 
1783542455 Dirty: 12 Writeback: 0 
1783542456 Dirty: 28 Writeback: 0 
1783542457 Dirty: 28 Writeback: 0 
1783542458 Dirty: 60 Writeback: 0 
1783542459 Dirty: 64 Writeback: 0 
1783542460 Dirty: 64 Writeback: 0 
1783542461 Dirty: 56 Writeback: 0 
