1783538516 
1783538517 
1783538518 
1783538519 
1783538520 
1783538521 
1783538522 
1783538523 
1783538524 
1783538525 
1783538526 
1783538527 
1783538528 
1783538529 
1783538530 
1783538531 
1783538532 
1783538533 
1783538534 
1783538535 
1783538536 
1783538537 
1783538538 
1783538539 
1783538541 
1783538542 
1783538543 
1783538544 
1783538545 
1783538546 
1783538547 
1783538548 
1783538549 
1783538550 
1783538551 
1783538552 
1783538553 
1783538554 
1783538555 
1783538556 
1783538557 
1783538558 
1783538559 
1783538560 
1783538561 
1783538562 
1783538563 
1783538564 
1783538565 
1783538566 
1783538567 
1783538568 
1783538569 
1783538570 
1783538571 
1783538572 
1783538573 
1783538574 
1783538575 
1783538576 
1783538577 
1783538578 
1783538579 
1783538580 
1783538581 
1783538582 
1783538583 
1783538584 
1783538585 
1783538586 
1783538587 
1783538588 
1783538589 
1783538590 
1783538591 
1783538592 
1783538593 
1783538594 
1783538595 
1783538596 
1783538597 
1783538598 
1783538599 
1783538600 
1783538601 
1783538602 
1783538603 
1783538604 
1783538605 
1783538606 
1783538607 
1783538608 
1783538609 
1783538610 
1783538611 
1783538612 
1783538613 
1783538614 
1783538615 
1783538617 
1783538618 
1783538619 
1783538620 
1783538621 
1783538622 
1783538623 
1783538624 
1783538625 
1783538626 
1783538627 
1783538628 
1783538629 
1783538630 
1783538631 
1783538632 
1783538633 
1783538634 
1783538635 
1783538636 
1783538637 
1783538638 
1783538639 
1783538640 
1783538641 
