1783544563 
1783544564 
1783544565 
1783544566 
1783544567 
1783544568 
1783544569 
1783544570 
1783544571 
1783544572 
1783544573 
1783544574 
1783544575 
1783544576 
1783544577 
1783544578 
1783544579 
1783544580 
1783544581 
1783544582 
1783544583 
1783544584 
1783544585 
1783544587 
1783544588 
1783544589 
1783544590 
1783544591 
1783544592 
1783544593 
1783544594 
1783544595 
1783544596 
1783544597 
1783544598 
1783544599 
1783544600 
1783544601 
1783544602 
1783544603 
1783544604 
1783544605 
1783544606 
1783544607 
1783544608 
1783544609 
1783544610 
1783544611 
1783544612 
1783544613 
1783544614 
1783544615 
1783544616 
1783544617 
1783544618 
1783544619 
1783544620 
1783544621 
1783544622 
1783544623 
1783544624 
1783544625 
1783544626 
1783544627 
1783544628 
1783544629 
1783544630 
1783544631 
1783544632 
1783544633 
1783544634 
1783544635 
1783544636 
1783544637 
1783544638 
1783544639 
1783544640 
1783544641 
1783544642 
1783544643 
1783544644 
1783544645 
1783544646 
1783544647 
1783544648 
1783544649 
1783544650 
1783544651 
1783544652 
1783544653 
1783544654 
1783544655 
1783544656 
1783544658 
1783544659 
1783544660 
1783544661 
1783544662 
1783544663 
1783544664 
1783544665 
1783544666 
1783544667 
1783544668 
1783544669 
1783544670 
1783544671 
1783544672 
1783544673 
1783544674 
1783544675 
1783544676 
1783544677 
1783544678 
1783544679 
1783544680 
1783544681 
1783544682 
1783544683 
1783544684 
1783544685 
1783544686 
1783544687 
1783544688 
