1783544563 Dirty: 0 Writeback: 0 
1783544564 Dirty: 12 Writeback: 0 
1783544565 Dirty: 36 Writeback: 0 
1783544566 Dirty: 40 Writeback: 0 
1783544567 Dirty: 40 Writeback: 0 
1783544568 Dirty: 44 Writeback: 0 
1783544569 Dirty: 48 Writeback: 0 
1783544570 Dirty: 56 Writeback: 0 
1783544571 Dirty: 60 Writeback: 0 
1783544572 Dirty: 60 Writeback: 0 
1783544573 Dirty: 60 Writeback: 0 
1783544574 Dirty: 44 Writeback: 0 
1783544575 Dirty: 60 Writeback: 0 
1783544576 Dirty: 60 Writeback: 0 
1783544577 Dirty: 64 Writeback: 0 
1783544578 Dirty: 28 Writeback: 0 
1783544579 Dirty: 48 Writeback: 0 
1783544580 Dirty: 20 Writeback: 0 
1783544581 Dirty: 44 Writeback: 0 
1783544582 Dirty: 44 Writeback: 0 
1783544583 Dirty: 56 Writeback: 0 
1783544584 Dirty: 32 Writeback: 0 
1783544585 Dirty: 20 Writeback: 0 
1783544586 Dirty: 24 Writeback: 0 
1783544587 Dirty: 28 Writeback: 0 
1783544588 Dirty: 44 Writeback: 0 
1783544589 Dirty: 48 Writeback: 0 
1783544590 Dirty: 24 Writeback: 0 
1783544591 Dirty: 36 Writeback: 0 
1783544592 Dirty: 44 Writeback: 0 
1783544593 Dirty: 64 Writeback: 0 
1783544594 Dirty: 28 Writeback: 0 
1783544595 Dirty: 0 Writeback: 0 
1783544596 Dirty: 20 Writeback: 0 
1783544597 Dirty: 20 Writeback: 0 
1783544598 Dirty: 52 Writeback: 0 
1783544599 Dirty: 56 Writeback: 0 
1783544600 Dirty: 56 Writeback: 0 
1783544601 Dirty: 44 Writeback: 0 
1783544602 Dirty: 52 Writeback: 0 
1783544603 Dirty: 56 Writeback: 0 
1783544604 Dirty: 32 Writeback: 0 
1783544605 Dirty: 32 Writeback: 0 
1783544606 Dirty: 12 Writeback: 0 
1783544607 Dirty: 24 Writeback: 0 
1783544608 Dirty: 64 Writeback: 0 
1783544609 Dirty: 64 Writeback: 0 
1783544610 Dirty: 68 Writeback: 0 
1783544611 Dirty: 44 Writeback: 0 
1783544612 Dirty: 56 Writeback: 0 
1783544613 Dirty: 64 Writeback: 0 
1783544614 Dirty: 32 Writeback: 0 
1783544615 Dirty: 32 Writeback: 0 
1783544616 Dirty: 4 Writeback: 0 
1783544617 Dirty: 16 Writeback: 0 
1783544618 Dirty: 64 Writeback: 0 
1783544619 Dirty: 64 Writeback: 0 
1783544620 Dirty: 68 Writeback: 0 
1783544621 Dirty: 68 Writeback: 0 
1783544622 Dirty: 60 Writeback: 0 
1783544623 Dirty: 64 Writeback: 0 
1783544624 Dirty: 32 Writeback: 0 
1783544625 Dirty: 32 Writeback: 0 
1783544626 Dirty: 36 Writeback: 0 
1783544627 Dirty: 36 Writeback: 0 
1783544628 Dirty: 52 Writeback: 0 
1783544629 Dirty: 56 Writeback: 0 
1783544630 Dirty: 56 Writeback: 0 
1783544631 Dirty: 60 Writeback: 0 
1783544632 Dirty: 64 Writeback: 0 
1783544633 Dirty: 52 Writeback: 0 
1783544634 Dirty: 20 Writeback: 0 
1783544635 Dirty: 20 Writeback: 0 
1783544636 Dirty: 32 Writeback: 0 
1783544637 Dirty: 32 Writeback: 0 
1783544638 Dirty: 8 Writeback: 0 
1783544639 Dirty: 8 Writeback: 0 
1783544640 Dirty: 52 Writeback: 0 
1783544641 Dirty: 56 Writeback: 0 
1783544642 Dirty: 56 Writeback: 0 
1783544643 Dirty: 32 Writeback: 0 
1783544644 Dirty: 20 Writeback: 0 
1783544645 Dirty: 28 Writeback: 0 
1783544646 Dirty: 28 Writeback: 0 
1783544647 Dirty: 32 Writeback: 0 
1783544648 Dirty: 40 Writeback: 0 
1783544649 Dirty: 28 Writeback: 0 
1783544650 Dirty: 32 Writeback: 0 
1783544651 Dirty: 36 Writeback: 0 
1783544652 Dirty: 36 Writeback: 0 
1783544653 Dirty: 64 Writeback: 0 
1783544654 Dirty: 36 Writeback: 0 
1783544655 Dirty: 8 Writeback: 0 
1783544656 Dirty: 20 Writeback: 0 
1783544657 Dirty: 28 Writeback: 0 
1783544658 Dirty: 52 Writeback: 0 
1783544659 Dirty: 52 Writeback: 0 
1783544660 Dirty: 20 Writeback: 0 
1783544661 Dirty: 44 Writeback: 0 
1783544662 Dirty: 48 Writeback: 0 
1783544663 Dirty: 48 Writeback: 0 
1783544664 Dirty: 28 Writeback: 0 
1783544665 Dirty: 32 Writeback: 0 
1783544666 Dirty: 12 Writeback: 0 
1783544667 Dirty: 28 Writeback: 0 
1783544668 Dirty: 168 Writeback: 0 
1783544669 Dirty: 188 Writeback: 0 
1783544670 Dirty: 192 Writeback: 0 
1783544672 Dirty: 192 Writeback: 0 
1783544673 Dirty: 176 Writeback: 0 
1783544674 Dirty: 64 Writeback: 0 
1783544675 Dirty: 36 Writeback: 0 
1783544676 Dirty: 40 Writeback: 0 
1783544677 Dirty: 44 Writeback: 0 
1783544678 Dirty: 8 Writeback: 0 
1783544679 Dirty: 56 Writeback: 0 
1783544680 Dirty: 64 Writeback: 0 
1783544681 Dirty: 68 Writeback: 0 
1783544682 Dirty: 72 Writeback: 0 
1783544683 Dirty: 32 Writeback: 0 
1783544684 Dirty: 52 Writeback: 0 
1783544685 Dirty: 24 Writeback: 0 
1783544686 Dirty: 24 Writeback: 0 
1783544687 Dirty: 32 Writeback: 0 
1783544688 Dirty: 32 Writeback: 0 
