1783544029 0
1783544030 0
1783544031 0
1783544032 0
1783544033 0
1783544034 0
1783544035 0
1783544036 0
1783544037 0
1783544038 0
1783544039 0
1783544040 0
1783544041 0
1783544042 0
1783544043 0
1783544044 0
1783544045 0
1783544046 0
1783544047 0
1783544049 0
1783544050 0
1783544051 0
1783544052 0
1783544053 0
1783544054 0
1783544055 0
1783544056 0
1783544057 0
1783544059 0
1783544060 0
1783544061 0
1783544062 0
1783544063 0
1783544064 0
1783544065 0
1783544067 0
1783544068 0
1783544069 0
1783544070 0
1783544071 0
1783544072 0
1783544074 0
1783544075 0
1783544076 0
1783544077 0
1783544078 0
1783544079 0
1783544080 0
1783544082 0
1783544083 0
1783544084 0
1783544085 0
1783544086 0
1783544087 0
1783544088 0
1783544090 0
1783544091 0
1783544092 0
1783544093 0
1783544094 0
1783544095 0
1783544096 0
1783544098 0
1783544099 0
1783544100 0
1783544101 0
1783544102 0
1783544103 0
1783544104 0
1783544106 0
1783544107 0
1783544108 0
1783544109 0
1783544110 0
1783544111 0
1783544112 0
1783544114 0
1783544115 0
1783544116 0
1783544117 0
1783544118 0
1783544119 0
1783544120 0
1783544122 0
1783544123 0
1783544124 0
1783544125 0
1783544126 0
1783544127 0
1783544128 0
1783544130 0
1783544131 0
1783544132 0
1783544133 0
1783544134 0
1783544135 0
1783544136 0
1783544138 0
1783544139 0
1783544140 0
1783544141 0
1783544142 0
1783544143 0
1783544144 0
1783544146 0
1783544147 0
1783544148 0
1783544149 0
1783544150 0
1783544151 0
1783544152 0
1783544154 0
