1783544029 
1783544030 
1783544031 
1783544032 
1783544033 
1783544034 
1783544035 
1783544036 
1783544037 
1783544038 
1783544039 
1783544040 
1783544041 
1783544042 
1783544043 
1783544044 
1783544045 
1783544046 
1783544047 
1783544048 
1783544050 
1783544051 
1783544052 
1783544053 
1783544054 
1783544055 
1783544056 
1783544057 
1783544058 
1783544060 
1783544061 
1783544062 
1783544063 
1783544064 
1783544065 
1783544066 
1783544068 
1783544069 
1783544070 
1783544071 
1783544072 
1783544073 
1783544075 
1783544076 
1783544077 
1783544078 
1783544079 
1783544080 
1783544081 
1783544083 
1783544084 
1783544085 
1783544086 
1783544087 
1783544088 
1783544090 
1783544091 
1783544092 
1783544093 
1783544094 
1783544095 
1783544096 
1783544098 
1783544099 
1783544100 
1783544101 
1783544102 
1783544103 
1783544105 
1783544106 
1783544107 
1783544108 
1783544109 
1783544110 
1783544111 
1783544113 
1783544114 
1783544115 
1783544116 
1783544117 
1783544118 
1783544120 
1783544121 
1783544122 
1783544123 
1783544124 
1783544125 
1783544126 
1783544128 
1783544129 
1783544130 
1783544131 
1783544132 
1783544133 
1783544134 
1783544136 
1783544137 
1783544138 
1783544139 
1783544140 
1783544141 
1783544142 
1783544144 
1783544145 
1783544146 
1783544147 
1783544148 
1783544149 
1783544150 
1783544152 
1783544153 
1783544154 
