1783540554 0
1783540555 0
1783540556 0
1783540557 0
1783540558 0
1783540559 0
1783540560 0
1783540561 0
1783540562 0
1783540563 0
1783540564 0
1783540565 0
1783540566 0
1783540567 0
1783540568 0
1783540569 0
1783540570 0
1783540571 0
1783540572 0
1783540573 0
1783540574 0
1783540575 0
1783540576 0
1783540577 0
1783540578 0
1783540579 0
1783540580 0
1783540581 0
1783540582 0
1783540583 0
1783540584 0
1783540585 0
1783540586 0
1783540587 0
1783540588 0
1783540589 0
1783540590 0
1783540591 0
1783540592 0
1783540593 0
1783540594 0
1783540595 0
1783540596 0
1783540597 0
1783540598 0
1783540599 0
1783540601 0
1783540602 0
1783540603 0
1783540604 0
1783540605 0
1783540606 0
1783540607 0
1783540608 0
1783540609 0
1783540610 0
1783540611 0
1783540612 0
1783540613 0
1783540614 0
1783540615 0
1783540616 0
1783540617 0
1783540618 0
1783540619 0
1783540620 0
1783540621 0
1783540622 0
1783540623 0
1783540624 0
1783540625 0
1783540626 0
1783540627 0
1783540628 0
1783540629 0
1783540630 0
1783540631 0
1783540632 0
1783540633 0
1783540634 0
1783540635 0
1783540636 0
1783540637 0
1783540638 0
1783540639 0
1783540640 0
1783540641 0
1783540642 0
1783540643 0
1783540644 0
1783540645 0
1783540646 0
1783540647 0
1783540648 0
1783540649 0
1783540650 0
1783540651 0
1783540652 0
1783540653 0
1783540654 0
1783540655 0
1783540656 0
1783540657 0
1783540658 0
1783540659 0
1783540660 0
1783540661 0
1783540662 0
1783540663 0
1783540664 0
1783540665 0
1783540666 0
1783540667 0
1783540668 0
1783540669 0
1783540670 0
1783540671 0
1783540672 0
1783540674 0
1783540675 0
1783540676 0
1783540677 0
1783540678 0
1783540679 0
