1783540554 
1783540555 
1783540556 
1783540557 
1783540558 
1783540559 
1783540560 
1783540561 
1783540562 
1783540563 
1783540564 
1783540565 
1783540566 
1783540567 
1783540568 
1783540569 
1783540570 
1783540571 
1783540572 
1783540573 
1783540574 
1783540575 
1783540576 
1783540577 
1783540578 
1783540579 
1783540580 
1783540581 
1783540582 
1783540583 
1783540584 
1783540585 
1783540586 
1783540587 
1783540588 
1783540589 
1783540590 
1783540591 
1783540592 
1783540593 
1783540594 
1783540595 
1783540596 
1783540597 
1783540598 
1783540599 
1783540600 
1783540602 
1783540603 
1783540604 
1783540605 
1783540606 
1783540607 
1783540608 
1783540609 
1783540610 
1783540611 
1783540612 
1783540613 
1783540614 
1783540615 
1783540616 
1783540617 
1783540618 
1783540619 
1783540620 
1783540621 
1783540622 
1783540623 
1783540624 
1783540625 
1783540626 
1783540627 
1783540628 
1783540629 
1783540630 
1783540631 
1783540632 
1783540633 
1783540634 
1783540635 
1783540636 
1783540637 
1783540638 
1783540639 
1783540640 
1783540641 
1783540642 
1783540643 
1783540644 
1783540645 
1783540646 
1783540647 
1783540648 
1783540649 
1783540650 
1783540651 
1783540652 
1783540653 
1783540654 
1783540655 
1783540656 
1783540657 
1783540658 
1783540659 
1783540660 
1783540661 
1783540662 
1783540663 
1783540664 
1783540665 
1783540666 
1783540667 
1783540668 
1783540669 
1783540670 
1783540671 
1783540672 
1783540673 
1783540675 
1783540676 
1783540677 
1783540678 
1783540679 
