1783542591 Dirty: 80 Writeback: 0 
1783542592 Dirty: 116 Writeback: 0 
1783542593 Dirty: 116 Writeback: 0 
1783542594 Dirty: 120 Writeback: 0 
1783542595 Dirty: 56 Writeback: 0 
1783542597 Dirty: 92 Writeback: 0 
1783542598 Dirty: 44 Writeback: 0 
1783542599 Dirty: 68 Writeback: 0 
1783542600 Dirty: 68 Writeback: 0 
1783542601 Dirty: 80 Writeback: 0 
1783542602 Dirty: 88 Writeback: 0 
1783542603 Dirty: 92 Writeback: 0 
1783542604 Dirty: 88 Writeback: 0 
1783542605 Dirty: 88 Writeback: 0 
1783542606 Dirty: 92 Writeback: 0 
1783542607 Dirty: 100 Writeback: 0 
1783542608 Dirty: 104 Writeback: 0 
1783542609 Dirty: 84 Writeback: 0 
1783542610 Dirty: 88 Writeback: 0 
1783542611 Dirty: 96 Writeback: 0 
1783542612 Dirty: 96 Writeback: 0 
1783542613 Dirty: 100 Writeback: 0 
1783542614 Dirty: 88 Writeback: 0 
1783542615 Dirty: 92 Writeback: 0 
1783542616 Dirty: 96 Writeback: 0 
1783542617 Dirty: 96 Writeback: 0 
1783542618 Dirty: 108 Writeback: 0 
1783542619 Dirty: 88 Writeback: 0 
1783542620 Dirty: 100 Writeback: 0 
1783542621 Dirty: 260 Writeback: 0 
1783542622 Dirty: 260 Writeback: 0 
1783542623 Dirty: 124 Writeback: 0 
1783542624 Dirty: 84 Writeback: 20 
1783542625 Dirty: 112 Writeback: 0 
1783542626 Dirty: 124 Writeback: 0 
1783542627 Dirty: 104 Writeback: 0 
1783542628 Dirty: 104 Writeback: 0 
1783542629 Dirty: 108 Writeback: 0 
1783542630 Dirty: 96 Writeback: 0 
1783542631 Dirty: 108 Writeback: 0 
1783542632 Dirty: 108 Writeback: 0 
1783542633 Dirty: 112 Writeback: 0 
1783542634 Dirty: 112 Writeback: 0 
1783542635 Dirty: 88 Writeback: 0 
1783542636 Dirty: 100 Writeback: 0 
1783542637 Dirty: 104 Writeback: 0 
1783542638 Dirty: 116 Writeback: 0 
1783542639 Dirty: 116 Writeback: 0 
1783542640 Dirty: 120 Writeback: 0 
1783542641 Dirty: 100 Writeback: 0 
1783542642 Dirty: 104 Writeback: 0 
1783542643 Dirty: 108 Writeback: 0 
1783542644 Dirty: 108 Writeback: 0 
1783542645 Dirty: 116 Writeback: 0 
1783542646 Dirty: 116 Writeback: 0 
1783542647 Dirty: 108 Writeback: 0 
1783542648 Dirty: 108 Writeback: 0 
1783542649 Dirty: 112 Writeback: 0 
1783542650 Dirty: 116 Writeback: 0 
1783542651 Dirty: 116 Writeback: 0 
1783542652 Dirty: 36 Writeback: 0 
1783542653 Dirty: 56 Writeback: 0 
1783542654 Dirty: 60 Writeback: 0 
1783542655 Dirty: 60 Writeback: 0 
1783542656 Dirty: 64 Writeback: 0 
1783542657 Dirty: 52 Writeback: 0 
1783542658 Dirty: 20 Writeback: 0 
1783542659 Dirty: 44 Writeback: 0 
1783542660 Dirty: 48 Writeback: 0 
1783542661 Dirty: 48 Writeback: 0 
1783542662 Dirty: 52 Writeback: 0 
1783542663 Dirty: 64 Writeback: 0 
1783542664 Dirty: 48 Writeback: 0 
1783542665 Dirty: 52 Writeback: 0 
1783542666 Dirty: 60 Writeback: 0 
1783542667 Dirty: 60 Writeback: 0 
1783542668 Dirty: 64 Writeback: 0 
1783542669 Dirty: 72 Writeback: 0 
1783542670 Dirty: 52 Writeback: 0 
1783542671 Dirty: 52 Writeback: 0 
1783542672 Dirty: 56 Writeback: 0 
1783542673 Dirty: 68 Writeback: 0 
1783542674 Dirty: 32 Writeback: 0 
1783542675 Dirty: 52 Writeback: 0 
1783542676 Dirty: 56 Writeback: 0 
1783542677 Dirty: 60 Writeback: 0 
1783542678 Dirty: 60 Writeback: 0 
1783542679 Dirty: 64 Writeback: 0 
1783542680 Dirty: 52 Writeback: 0 
1783542681 Dirty: 64 Writeback: 0 
1783542682 Dirty: 64 Writeback: 0 
1783542683 Dirty: 32 Writeback: 0 
1783542684 Dirty: 32 Writeback: 0 
1783542685 Dirty: 36 Writeback: 0 
1783542686 Dirty: 12 Writeback: 0 
1783542687 Dirty: 28 Writeback: 0 
1783542688 Dirty: 56 Writeback: 0 
1783542689 Dirty: 60 Writeback: 0 
1783542690 Dirty: 60 Writeback: 0 
1783542691 Dirty: 64 Writeback: 0 
1783542692 Dirty: 52 Writeback: 0 
1783542693 Dirty: 52 Writeback: 0 
1783542694 Dirty: 60 Writeback: 0 
1783542695 Dirty: 60 Writeback: 0 
1783542696 Dirty: 64 Writeback: 0 
1783542697 Dirty: 176 Writeback: 0 
1783542698 Dirty: 220 Writeback: 0 
1783542699 Dirty: 220 Writeback: 0 
1783542700 Dirty: 224 Writeback: 0 
1783542701 Dirty: 232 Writeback: 0 
1783542702 Dirty: 232 Writeback: 0 
1783542703 Dirty: 76 Writeback: 0 
1783542704 Dirty: 80 Writeback: 0 
1783542705 Dirty: 84 Writeback: 0 
1783542706 Dirty: 84 Writeback: 0 
1783542707 Dirty: 88 Writeback: 0 
1783542708 Dirty: 80 Writeback: 0 
1783542709 Dirty: 92 Writeback: 0 
1783542710 Dirty: 92 Writeback: 0 
1783542711 Dirty: 92 Writeback: 0 
1783542712 Dirty: 104 Writeback: 0 
1783542713 Dirty: 72 Writeback: 0 
1783542714 Dirty: 92 Writeback: 0 
1783542715 Dirty: 92 Writeback: 0 
1783542716 Dirty: 104 Writeback: 0 
