1783542722 0
1783542723 0
1783542724 0
1783542725 0
1783542726 0
1783542727 0
1783542728 0
1783542729 0
1783542730 0
1783542731 0
1783542732 0
1783542733 0
1783542734 0
1783542735 0
1783542736 0
1783542737 0
1783542738 0
1783542739 0
1783542740 0
1783542741 0
1783542742 0
1783542743 0
1783542744 0
1783542745 0
1783542747 0
1783542748 0
1783542749 0
1783542750 0
1783542751 0
1783542752 0
1783542753 0
1783542754 0
1783542755 0
1783542756 0
1783542757 0
1783542758 0
1783542759 0
1783542760 0
1783542761 0
1783542762 0
1783542763 0
1783542764 0
1783542765 0
1783542766 0
1783542767 0
1783542768 0
1783542769 0
1783542770 0
1783542771 0
1783542772 0
1783542773 0
1783542774 0
1783542775 0
1783542776 0
1783542777 0
1783542778 0
1783542779 0
1783542780 0
1783542781 0
1783542782 0
1783542783 0
1783542784 0
1783542785 0
1783542786 0
1783542787 0
1783542788 0
1783542789 0
1783542790 0
1783542791 0
1783542792 0
1783542793 0
1783542794 0
1783542795 0
1783542796 0
1783542797 0
1783542798 0
1783542799 0
1783542800 0
1783542801 0
1783542802 0
1783542803 0
1783542804 0
1783542805 0
1783542806 0
1783542807 0
1783542808 0
1783542809 0
1783542810 0
1783542811 0
1783542812 0
1783542813 0
1783542814 0
1783542815 0
1783542817 0
1783542818 0
1783542819 0
1783542820 0
1783542821 0
1783542822 0
1783542823 0
1783542824 0
1783542825 0
1783542826 0
1783542827 0
1783542828 0
1783542829 0
1783542830 0
1783542831 0
1783542832 0
1783542833 0
1783542834 0
1783542835 0
1783542836 0
1783542837 0
1783542838 0
1783542839 0
1783542840 0
1783542841 0
1783542842 0
1783542843 0
1783542844 0
1783542845 0
1783542846 0
1783542847 0
