1783546814 Dirty: 0 Writeback: 0 
1783546815 Dirty: 2702188 Writeback: 0 
1783546816 Dirty: 6408152 Writeback: 0 
1783546817 Dirty: 8426748 Writeback: 126212 
1783546818 Dirty: 10058572 Writeback: 261392 
1783546819 Dirty: 10076012 Writeback: 523536 
1783546820 Dirty: 10005468 Writeback: 589824 
1783546821 Dirty: 10083376 Writeback: 679940 
1783546822 Dirty: 10428424 Writeback: 296192 
1783546823 Dirty: 10150724 Writeback: 696320 
1783546824 Dirty: 10427684 Writeback: 425988 
1783546825 Dirty: 10142304 Writeback: 692224 
1783546826 Dirty: 10138144 Writeback: 692224 
1783546827 Dirty: 10617256 Writeback: 196612 
1783546828 Dirty: 10130032 Writeback: 688128 
1783546829 Dirty: 10137984 Writeback: 684108 
1783546830 Dirty: 10465436 Writeback: 668804 
1783546831 Dirty: 10797104 Writeback: 684032 
1783546832 Dirty: 10784680 Writeback: 684032 
1783546833 Dirty: 9541256 Writeback: 1173932 
1783546834 Dirty: 8224804 Writeback: 1286144 
1783546835 Dirty: 6367060 Writeback: 1531808 
1783546836 Dirty: 5421200 Writeback: 837540 
1783546837 Dirty: 4292656 Writeback: 330536 
1783546838 Dirty: 2606856 Writeback: 839136 
1783546839 Dirty: 1365964 Writeback: 960588 
1783546840 Dirty: 24 Writeback: 360448 
