1783546734 Dirty: 16 Writeback: 0 
1783546735 Dirty: 2685684 Writeback: 0 
1783546736 Dirty: 6379472 Writeback: 0 
1783546737 Dirty: 8407940 Writeback: 121124 
1783546738 Dirty: 9543440 Writeback: 269216 
1783546739 Dirty: 9888888 Writeback: 567276 
1783546740 Dirty: 10037064 Writeback: 270336 
1783546741 Dirty: 10195888 Writeback: 549472 
1783546742 Dirty: 10025568 Writeback: 479232 
1783546743 Dirty: 10061976 Writeback: 659260 
1783546744 Dirty: 10200156 Writeback: 454660 
1783546745 Dirty: 9910124 Writeback: 724992 
1783546746 Dirty: 9891608 Writeback: 720896 
1783546747 Dirty: 10450032 Writeback: 545104 
1783546748 Dirty: 10044856 Writeback: 1174244 
1783546749 Dirty: 9796072 Writeback: 905768 
1783546750 Dirty: 9842084 Writeback: 955664 
1783546751 Dirty: 10279248 Writeback: 914348 
1783546753 Dirty: 10112792 Writeback: 1076140 
1783546754 Dirty: 9600776 Writeback: 46888 
1783546755 Dirty: 8112244 Writeback: 33372 
1783546756 Dirty: 6624460 Writeback: 40708 
1783546757 Dirty: 5152840 Writeback: 31300 
1783546758 Dirty: 3245764 Writeback: 1046848 
1783546759 Dirty: 2393728 Writeback: 852068 
1783546760 Dirty: 360740 Writeback: 923536 
