1783552372 Dirty: 84 Writeback: 0 
1783552373 Dirty: 156 Writeback: 0 
1783552374 Dirty: 172 Writeback: 0 
1783552375 Dirty: 104 Writeback: 0 
1783552376 Dirty: 148 Writeback: 0 
1783552377 Dirty: 212 Writeback: 0 
1783552378 Dirty: 148 Writeback: 0 
1783552379 Dirty: 200 Writeback: 0 
1783552380 Dirty: 120 Writeback: 0 
1783552381 Dirty: 104 Writeback: 0 
1783552382 Dirty: 132 Writeback: 0 
1783552383 Dirty: 196 Writeback: 0 
1783552384 Dirty: 144 Writeback: 0 
1783552385 Dirty: 116 Writeback: 0 
1783552386 Dirty: 132 Writeback: 0 
1783552387 Dirty: 132 Writeback: 0 
1783552388 Dirty: 136 Writeback: 0 
1783552389 Dirty: 136 Writeback: 0 
1783552390 Dirty: 128 Writeback: 0 
1783552391 Dirty: 140 Writeback: 0 
1783552392 Dirty: 144 Writeback: 0 
1783552393 Dirty: 144 Writeback: 0 
1783552394 Dirty: 152 Writeback: 0 
1783552395 Dirty: 104 Writeback: 0 
1783552396 Dirty: 140 Writeback: 0 
1783552397 Dirty: 140 Writeback: 0 
1783552398 Dirty: 144 Writeback: 0 
1783552399 Dirty: 104 Writeback: 0 
1783552400 Dirty: 112 Writeback: 0 
1783552401 Dirty: 140 Writeback: 0 
1783552402 Dirty: 144 Writeback: 0 
1783552403 Dirty: 148 Writeback: 0 
1783552404 Dirty: 152 Writeback: 0 
1783552405 Dirty: 60 Writeback: 0 
1783552406 Dirty: 132 Writeback: 0 
1783552407 Dirty: 132 Writeback: 0 
1783552408 Dirty: 136 Writeback: 0 
1783552409 Dirty: 136 Writeback: 0 
1783552410 Dirty: 32 Writeback: 4 
1783552411 Dirty: 48 Writeback: 0 
1783552412 Dirty: 148 Writeback: 0 
1783552413 Dirty: 52 Writeback: 0 
1783552414 Dirty: 68 Writeback: 0 
1783552415 Dirty: 96 Writeback: 0 
1783552416 Dirty: 144 Writeback: 0 
1783552417 Dirty: 112 Writeback: 0 
1783552418 Dirty: 132 Writeback: 0 
1783552420 Dirty: 112 Writeback: 0 
1783552421 Dirty: 132 Writeback: 0 
1783552422 Dirty: 120 Writeback: 0 
1783552423 Dirty: 124 Writeback: 0 
1783552424 Dirty: 128 Writeback: 0 
1783552425 Dirty: 140 Writeback: 0 
1783552426 Dirty: 144 Writeback: 0 
1783552427 Dirty: 108 Writeback: 0 
1783552428 Dirty: 136 Writeback: 0 
1783552429 Dirty: 140 Writeback: 0 
1783552430 Dirty: 148 Writeback: 0 
1783552431 Dirty: 152 Writeback: 0 
1783552432 Dirty: 144 Writeback: 0 
1783552433 Dirty: 144 Writeback: 0 
1783552434 Dirty: 148 Writeback: 0 
1783552435 Dirty: 160 Writeback: 0 
1783552436 Dirty: 160 Writeback: 0 
1783552437 Dirty: 180 Writeback: 20 
1783552438 Dirty: 128 Writeback: 0 
1783552439 Dirty: 132 Writeback: 0 
1783552440 Dirty: 132 Writeback: 0 
1783552441 Dirty: 136 Writeback: 0 
1783552442 Dirty: 200 Writeback: 0 
1783552443 Dirty: 252 Writeback: 0 
1783552444 Dirty: 256 Writeback: 0 
1783552445 Dirty: 260 Writeback: 0 
1783552446 Dirty: 264 Writeback: 0 
1783552447 Dirty: 300 Writeback: 0 
