1783545077 0
1783545078 0
1783545079 0
1783545080 0
1783545082 0
1783545083 0
1783545084 0
1783545085 0
1783545086 0
1783545087 0
1783545088 0
1783545089 0
1783545090 0
1783545091 0
1783545092 0
1783545093 0
1783545094 0
1783545095 0
1783545096 0
1783545097 0
1783545098 0
1783545099 0
1783545100 0
1783545101 0
1783545102 0
1783545103 0
1783545104 0
1783545105 0
1783545106 0
1783545107 0
1783545108 0
1783545109 0
1783545110 0
1783545111 0
1783545112 0
1783545113 0
1783545114 0
1783545115 0
1783545116 0
1783545117 0
1783545118 0
1783545119 0
1783545120 0
1783545121 0
1783545122 0
1783545123 0
1783545124 0
1783545125 0
1783545126 0
1783545127 0
1783545128 0
1783545129 0
1783545130 0
1783545131 0
1783545132 0
1783545133 0
1783545134 0
1783545135 0
1783545136 0
1783545137 0
1783545138 0
1783545139 0
1783545140 0
1783545141 0
1783545142 0
1783545143 0
1783545144 0
1783545145 0
1783545146 0
1783545147 0
1783545148 0
1783545149 0
1783545150 0
1783545151 0
1783545153 0
1783545154 0
1783545155 0
1783545156 0
1783545157 0
1783545158 0
1783545159 0
1783545160 0
1783545161 0
1783545162 0
1783545163 0
1783545164 0
1783545165 0
1783545166 0
1783545167 0
1783545168 0
1783545169 0
1783545170 0
1783545171 0
1783545172 0
1783545173 0
1783545174 0
1783545175 0
1783545176 0
1783545177 0
1783545178 0
1783545179 0
1783545180 0
1783545181 0
1783545182 0
1783545183 0
1783545184 0
1783545185 0
1783545186 0
1783545187 0
1783545188 0
1783545189 0
1783545190 0
1783545191 0
1783545192 0
1783545193 0
1783545194 0
1783545195 0
1783545196 0
1783545197 0
1783545198 0
1783545199 0
1783545200 0
1783545201 0
1783545202 0
