1783545077 
1783545078 
1783545079 
1783545080 
1783545081 
1783545083 
1783545084 
1783545085 
1783545086 
1783545087 
1783545088 
1783545089 
1783545090 
1783545091 
1783545092 
1783545093 
1783545094 
1783545095 
1783545096 
1783545097 
1783545098 
1783545099 
1783545100 
1783545101 
1783545102 
1783545103 
1783545104 
1783545105 
1783545106 
1783545107 
1783545108 
1783545109 
1783545110 
1783545111 
1783545112 
1783545113 
1783545114 
1783545115 
1783545116 
1783545117 
1783545118 
1783545119 
1783545120 
1783545121 
1783545122 
1783545123 
1783545124 
1783545125 
1783545126 
1783545127 
1783545128 
1783545129 
1783545130 
1783545131 
1783545132 
1783545133 
1783545134 
1783545135 
1783545136 
1783545137 
1783545138 
1783545139 
1783545140 
1783545141 
1783545142 
1783545143 
1783545144 
1783545145 
1783545146 
1783545147 
1783545148 
1783545149 
1783545150 
1783545151 
1783545152 
1783545154 
1783545155 
1783545156 
1783545157 
1783545158 
1783545159 
1783545160 
1783545161 
1783545162 
1783545163 
1783545164 
1783545165 
1783545166 
1783545167 
1783545168 
1783545169 
1783545170 
1783545171 
1783545172 
1783545173 
1783545174 
1783545175 
1783545176 
1783545177 
1783545178 
1783545179 
1783545180 
1783545181 
1783545182 
1783545183 
1783545184 
1783545185 
1783545186 
1783545187 
1783545188 
1783545189 
1783545190 
1783545191 
1783545192 
1783545193 
1783545194 
1783545195 
1783545196 
1783545197 
1783545198 
1783545199 
1783545200 
1783545201 
1783545202 
