1783544952 Dirty: 4 Writeback: 0 
1783544953 Dirty: 36 Writeback: 0 
1783544954 Dirty: 36 Writeback: 0 
1783544955 Dirty: 40 Writeback: 0 
1783544956 Dirty: 40 Writeback: 0 
1783544957 Dirty: 72 Writeback: 0 
1783544958 Dirty: 52 Writeback: 0 
1783544959 Dirty: 56 Writeback: 0 
1783544960 Dirty: 56 Writeback: 0 
1783544961 Dirty: 64 Writeback: 0 
1783544962 Dirty: 68 Writeback: 0 
1783544963 Dirty: 36 Writeback: 0 
1783544964 Dirty: 56 Writeback: 0 
1783544965 Dirty: 24 Writeback: 0 
1783544966 Dirty: 24 Writeback: 0 
1783544967 Dirty: 28 Writeback: 0 
1783544968 Dirty: 40 Writeback: 0 
1783544969 Dirty: 24 Writeback: 0 
1783544970 Dirty: 40 Writeback: 0 
1783544971 Dirty: 44 Writeback: 0 
1783544972 Dirty: 48 Writeback: 0 
1783544973 Dirty: 36 Writeback: 0 
1783544974 Dirty: 40 Writeback: 0 
1783544975 Dirty: 48 Writeback: 0 
1783544976 Dirty: 24 Writeback: 0 
1783544977 Dirty: 36 Writeback: 0 
1783544978 Dirty: 40 Writeback: 0 
1783544979 Dirty: 40 Writeback: 0 
1783544980 Dirty: 44 Writeback: 0 
1783544981 Dirty: 28 Writeback: 0 
1783544982 Dirty: 40 Writeback: 0 
1783544983 Dirty: 28 Writeback: 0 
1783544984 Dirty: 32 Writeback: 0 
1783544985 Dirty: 32 Writeback: 0 
1783544986 Dirty: 44 Writeback: 0 
1783544987 Dirty: 88 Writeback: 0 
1783544988 Dirty: 60 Writeback: 0 
1783544989 Dirty: 60 Writeback: 0 
1783544990 Dirty: 64 Writeback: 0 
1783544991 Dirty: 64 Writeback: 0 
1783544992 Dirty: 52 Writeback: 0 
1783544993 Dirty: 28 Writeback: 0 
1783544994 Dirty: 32 Writeback: 0 
1783544995 Dirty: 32 Writeback: 0 
1783544996 Dirty: 32 Writeback: 0 
1783544997 Dirty: 8 Writeback: 0 
1783544998 Dirty: 60 Writeback: 0 
1783544999 Dirty: 64 Writeback: 0 
1783545000 Dirty: 64 Writeback: 0 
1783545001 Dirty: 68 Writeback: 0 
1783545002 Dirty: 36 Writeback: 0 
1783545003 Dirty: 24 Writeback: 0 
1783545004 Dirty: 24 Writeback: 0 
1783545005 Dirty: 28 Writeback: 0 
1783545006 Dirty: 32 Writeback: 0 
1783545007 Dirty: 40 Writeback: 0 
1783545008 Dirty: 20 Writeback: 0 
1783545009 Dirty: 28 Writeback: 0 
1783545010 Dirty: 28 Writeback: 0 
1783545011 Dirty: 28 Writeback: 0 
1783545012 Dirty: 28 Writeback: 0 
1783545013 Dirty: 12 Writeback: 0 
1783545014 Dirty: 24 Writeback: 0 
1783545015 Dirty: 32 Writeback: 0 
1783545016 Dirty: 32 Writeback: 0 
1783545017 Dirty: 48 Writeback: 0 
1783545018 Dirty: 24 Writeback: 0 
1783545019 Dirty: 32 Writeback: 0 
1783545020 Dirty: 40 Writeback: 0 
1783545021 Dirty: 44 Writeback: 0 
1783545022 Dirty: 44 Writeback: 0 
1783545023 Dirty: 4 Writeback: 0 
1783545024 Dirty: 20 Writeback: 0 
1783545025 Dirty: 24 Writeback: 0 
1783545026 Dirty: 28 Writeback: 0 
1783545027 Dirty: 48 Writeback: 0 
1783545028 Dirty: 48 Writeback: 0 
1783545029 Dirty: 40 Writeback: 0 
1783545030 Dirty: 40 Writeback: 0 
1783545031 Dirty: 44 Writeback: 0 
1783545032 Dirty: 56 Writeback: 0 
1783545033 Dirty: 32 Writeback: 0 
1783545034 Dirty: 32 Writeback: 0 
1783545035 Dirty: 20 Writeback: 0 
1783545036 Dirty: 28 Writeback: 0 
1783545037 Dirty: 48 Writeback: 0 
1783545038 Dirty: 48 Writeback: 0 
1783545039 Dirty: 52 Writeback: 0 
1783545040 Dirty: 16 Writeback: 0 
1783545041 Dirty: 40 Writeback: 0 
1783545042 Dirty: 52 Writeback: 0 
1783545043 Dirty: 28 Writeback: 0 
1783545044 Dirty: 28 Writeback: 0 
1783545045 Dirty: 28 Writeback: 0 
1783545046 Dirty: 12 Writeback: 0 
1783545047 Dirty: 28 Writeback: 0 
1783545048 Dirty: 44 Writeback: 0 
1783545049 Dirty: 44 Writeback: 0 
1783545050 Dirty: 52 Writeback: 0 
1783545051 Dirty: 56 Writeback: 0 
1783545052 Dirty: 36 Writeback: 0 
1783545053 Dirty: 24 Writeback: 0 
1783545054 Dirty: 24 Writeback: 0 
1783545055 Dirty: 28 Writeback: 0 
1783545056 Dirty: 32 Writeback: 0 
1783545057 Dirty: 40 Writeback: 0 
1783545058 Dirty: 44 Writeback: 0 
1783545059 Dirty: 44 Writeback: 0 
1783545060 Dirty: 48 Writeback: 0 
1783545061 Dirty: 184 Writeback: 0 
1783545062 Dirty: 556 Writeback: 0 
1783545063 Dirty: 572 Writeback: 0 
1783545064 Dirty: 548 Writeback: 0 
1783545065 Dirty: 548 Writeback: 0 
1783545066 Dirty: 88 Writeback: 0 
1783545067 Dirty: 88 Writeback: 0 
1783545068 Dirty: 104 Writeback: 0 
1783545069 Dirty: 108 Writeback: 0 
1783545070 Dirty: 112 Writeback: 0 
1783545071 Dirty: 52 Writeback: 0 
1783545072 Dirty: 76 Writeback: 0 
1783545073 Dirty: 40 Writeback: 0 
1783545074 Dirty: 44 Writeback: 0 
1783545075 Dirty: 44 Writeback: 0 
1783545076 Dirty: 0 Writeback: 0 
