1783543245 
1783543246 
1783543247 
1783543248 
1783543249 
1783543250 
1783543251 
1783543252 
1783543253 
1783543254 
1783543255 
1783543256 
1783543257 
1783543258 
1783543259 
1783543260 
1783543261 
1783543262 
1783543263 
1783543264 
1783543265 
1783543266 
1783543267 
1783543268 
1783543269 
1783543270 
1783543271 
1783543272 
1783543273 
1783543274 
1783543275 
1783543276 
1783543277 
1783543278 
1783543279 
1783543280 
1783543281 
1783543282 
1783543283 
1783543284 
1783543285 
1783543286 
1783543287 
1783543288 
1783543289 
1783543290 
1783543291 
1783543292 
1783543294 
1783543295 
1783543296 
1783543297 
1783543298 
1783543299 
1783543300 
1783543301 
1783543302 
1783543303 
1783543304 
1783543305 
1783543306 
1783543307 
1783543308 
1783543309 
1783543310 
1783543311 
1783543312 
1783543313 
1783543314 
1783543315 
1783543316 
1783543317 
1783543318 
1783543319 
1783543320 
1783543321 
1783543322 
1783543323 
1783543324 
1783543325 
1783543326 
1783543327 
1783543328 
1783543329 
1783543330 
1783543331 
1783543332 
1783543333 
1783543334 
1783543335 
1783543336 
1783543337 
1783543338 
1783543339 
1783543340 
1783543341 
1783543342 
1783543343 
1783543344 
1783543345 
1783543346 
1783543347 
1783543348 
1783543349 
1783543350 
1783543351 
1783543352 
1783543353 
1783543354 
1783543355 
1783543356 
1783543357 
1783543358 
1783543359 
1783543360 
1783543361 
1783543362 
1783543364 
1783543365 
1783543366 
1783543367 
1783543368 
1783543369 
1783543370 
