1783544689 0
1783544690 0
1783544691 0
1783544692 0
1783544693 0
1783544694 0
1783544695 0
1783544696 0
1783544697 0
1783544698 0
1783544699 0
1783544700 0
1783544701 0
1783544702 0
1783544703 0
1783544704 0
1783544705 0
1783544706 0
1783544707 0
1783544708 0
1783544709 0
1783544710 0
1783544711 0
1783544712 0
1783544713 0
1783544714 0
1783544715 0
1783544716 0
1783544717 0
1783544718 0
1783544719 0
1783544720 0
1783544721 0
1783544722 0
1783544723 0
1783544724 0
1783544725 0
1783544726 0
1783544727 0
1783544728 0
1783544729 0
1783544730 0
1783544731 0
1783544732 0
1783544733 0
1783544734 0
1783544735 0
1783544736 0
1783544737 0
1783544738 0
1783544739 0
1783544740 0
1783544741 0
1783544742 0
1783544743 0
1783544744 0
1783544745 0
1783544746 0
1783544747 0
1783544748 0
1783544749 0
1783544750 0
1783544751 0
1783544752 0
1783544753 0
1783544754 0
1783544755 0
1783544756 0
1783544757 0
1783544758 0
1783544760 0
1783544761 0
1783544762 0
1783544763 0
1783544764 0
1783544765 0
1783544766 0
1783544767 0
1783544768 0
1783544769 0
1783544770 0
1783544771 0
1783544772 0
1783544773 0
1783544774 0
1783544775 0
1783544776 0
1783544777 0
1783544778 0
1783544779 0
1783544780 0
1783544781 0
1783544782 0
1783544783 0
1783544784 0
1783544785 0
1783544786 0
1783544787 0
1783544788 0
1783544789 0
1783544790 0
1783544791 0
1783544792 0
1783544793 0
1783544794 0
1783544795 0
1783544796 0
1783544797 0
1783544798 0
1783544799 0
1783544800 0
1783544801 0
1783544802 0
1783544803 0
1783544804 0
1783544805 0
1783544806 0
1783544807 0
1783544808 0
1783544809 0
1783544810 0
1783544811 0
1783544812 0
1783544813 0
