1783543637 
1783543638 
1783543639 
1783543640 
1783543641 
1783543642 
1783543643 
1783543644 
1783543645 
1783543646 
1783543647 
1783543648 
1783543649 
1783543650 
1783543651 
1783543652 
1783543653 
1783543654 
1783543655 
1783543656 
1783543657 
1783543658 
1783543660 
1783543661 
1783543662 
1783543663 
1783543664 
1783543665 
1783543666 
1783543667 
1783543669 
1783543670 
1783543671 
1783543672 
1783543673 
1783543674 
1783543676 
1783543677 
1783543678 
1783543679 
1783543680 
1783543681 
1783543682 
1783543684 
1783543685 
1783543686 
1783543687 
1783543688 
1783543689 
1783543691 
1783543692 
1783543693 
1783543694 
1783543695 
1783543696 
1783543697 
1783543699 
1783543700 
1783543701 
1783543702 
1783543703 
1783543704 
1783543706 
1783543707 
1783543708 
1783543709 
1783543710 
1783543711 
1783543712 
1783543714 
1783543715 
1783543716 
1783543717 
1783543718 
1783543719 
1783543721 
1783543722 
1783543723 
1783543724 
1783543725 
1783543726 
1783543727 
1783543729 
1783543730 
1783543731 
1783543732 
1783543733 
1783543734 
1783543735 
1783543737 
1783543738 
1783543739 
1783543740 
1783543741 
1783543742 
1783543744 
1783543745 
1783543746 
1783543747 
1783543748 
1783543749 
1783543751 
1783543752 
1783543753 
1783543754 
1783543755 
1783543756 
1783543757 
1783543759 
1783543760 
1783543761 
1783543762 
