1783543637 0
1783543638 0
1783543639 0
1783543640 0
1783543641 0
1783543642 0
1783543643 0
1783543644 0
1783543645 0
1783543646 0
1783543647 0
1783543648 0
1783543649 0
1783543650 0
1783543651 0
1783543652 0
1783543653 0
1783543654 0
1783543655 0
1783543656 0
1783543657 0
1783543658 0
1783543660 0
1783543661 0
1783543662 0
1783543663 0
1783543664 0
1783543665 0
1783543666 0
1783543668 0
1783543669 0
1783543670 0
1783543671 0
1783543672 0
1783543673 0
1783543674 0
1783543676 0
1783543677 0
1783543678 0
1783543679 0
1783543680 0
1783543681 0
1783543682 0
1783543683 0
1783543685 0
1783543686 0
1783543687 0
1783543688 0
1783543689 0
1783543690 0
1783543692 0
1783543693 0
1783543694 0
1783543695 0
1783543696 0
1783543697 0
1783543698 0
1783543700 0
1783543701 0
1783543702 0
1783543703 0
1783543704 0
1783543705 0
1783543707 0
1783543708 0
1783543709 0
1783543710 0
1783543711 0
1783543712 0
1783543713 0
1783543715 0
1783543716 0
1783543717 0
1783543718 0
1783543719 0
1783543720 0
1783543721 0
1783543723 0
1783543724 0
1783543725 0
1783543726 0
1783543727 0
1783543728 0
1783543729 0
1783543731 0
1783543732 0
1783543733 0
1783543734 0
1783543735 0
1783543736 0
1783543737 0
1783543739 0
1783543740 0
1783543741 0
1783543742 0
1783543743 0
1783543744 0
1783543746 0
1783543747 0
1783543748 0
1783543749 0
1783543750 0
1783543751 0
1783543752 0
1783543754 0
1783543755 0
1783543756 0
1783543757 0
1783543758 0
1783543759 0
1783543760 0
1783543762 0
