1783543637 Dirty: 92 Writeback: 0 
1783543638 Dirty: 116 Writeback: 0 
1783543639 Dirty: 116 Writeback: 0 
1783543640 Dirty: 120 Writeback: 0 
1783543641 Dirty: 44 Writeback: 0 
1783543642 Dirty: 44 Writeback: 0 
1783543643 Dirty: 28 Writeback: 0 
1783543644 Dirty: 52 Writeback: 0 
1783543645 Dirty: 56 Writeback: 0 
1783543646 Dirty: 60 Writeback: 0 
1783543647 Dirty: 76 Writeback: 0 
1783543648 Dirty: 32 Writeback: 0 
1783543649 Dirty: 8 Writeback: 0 
1783543650 Dirty: 24 Writeback: 0 
1783543651 Dirty: 28 Writeback: 0 
1783543652 Dirty: 32 Writeback: 0 
1783543653 Dirty: 44 Writeback: 0 
1783543654 Dirty: 20 Writeback: 0 
1783543655 Dirty: 36 Writeback: 0 
1783543656 Dirty: 36 Writeback: 0 
1783543657 Dirty: 44 Writeback: 0 
1783543658 Dirty: 32 Writeback: 0 
1783543659 Dirty: 0 Writeback: 0 
1783543660 Dirty: 24 Writeback: 0 
1783543661 Dirty: 24 Writeback: 0 
1783543662 Dirty: 28 Writeback: 0 
1783543663 Dirty: 40 Writeback: 0 
1783543664 Dirty: 48 Writeback: 0 
1783543665 Dirty: 32 Writeback: 0 
1783543666 Dirty: 36 Writeback: 0 
1783543667 Dirty: 40 Writeback: 0 
1783543668 Dirty: 68 Writeback: 0 
1783543669 Dirty: 32 Writeback: 0 
1783543670 Dirty: 8 Writeback: 0 
1783543671 Dirty: 28 Writeback: 0 
1783543672 Dirty: 32 Writeback: 0 
1783543673 Dirty: 52 Writeback: 0 
1783543674 Dirty: 20 Writeback: 0 
1783543675 Dirty: 44 Writeback: 0 
1783543676 Dirty: 44 Writeback: 0 
1783543677 Dirty: 36 Writeback: 0 
1783543679 Dirty: 76 Writeback: 0 
1783543680 Dirty: 72 Writeback: 0 
1783543681 Dirty: 56 Writeback: 0 
1783543682 Dirty: 60 Writeback: 0 
1783543683 Dirty: 64 Writeback: 0 
1783543684 Dirty: 32 Writeback: 0 
1783543685 Dirty: 32 Writeback: 0 
1783543686 Dirty: 40 Writeback: 0 
1783543687 Dirty: 20 Writeback: 0 
1783543688 Dirty: 24 Writeback: 0 
1783543689 Dirty: 48 Writeback: 0 
1783543690 Dirty: 52 Writeback: 0 
1783543691 Dirty: 52 Writeback: 0 
1783543692 Dirty: 32 Writeback: 0 
1783543693 Dirty: 48 Writeback: 0 
1783543694 Dirty: 28 Writeback: 0 
1783543695 Dirty: 32 Writeback: 0 
1783543696 Dirty: 36 Writeback: 0 
1783543697 Dirty: 8 Writeback: 0 
1783543698 Dirty: 20 Writeback: 0 
1783543699 Dirty: 48 Writeback: 0 
1783543700 Dirty: 48 Writeback: 0 
1783543701 Dirty: 52 Writeback: 0 
1783543702 Dirty: 24 Writeback: 0 
1783543703 Dirty: 48 Writeback: 0 
1783543704 Dirty: 48 Writeback: 0 
1783543705 Dirty: 32 Writeback: 0 
1783543706 Dirty: 36 Writeback: 0 
1783543707 Dirty: 40 Writeback: 0 
1783543708 Dirty: 40 Writeback: 0 
1783543709 Dirty: 48 Writeback: 0 
1783543710 Dirty: 48 Writeback: 0 
1783543711 Dirty: 52 Writeback: 0 
1783543712 Dirty: 52 Writeback: 0 
1783543714 Dirty: 36 Writeback: 0 
1783543715 Dirty: 28 Writeback: 0 
1783543716 Dirty: 28 Writeback: 0 
1783543717 Dirty: 36 Writeback: 0 
1783543718 Dirty: 36 Writeback: 0 
1783543719 Dirty: 16 Writeback: 0 
1783543720 Dirty: 28 Writeback: 0 
1783543721 Dirty: 32 Writeback: 0 
1783543722 Dirty: 32 Writeback: 0 
1783543723 Dirty: 36 Writeback: 0 
1783543724 Dirty: 0 Writeback: 0 
1783543725 Dirty: 24 Writeback: 0 
1783543726 Dirty: 24 Writeback: 0 
1783543727 Dirty: 28 Writeback: 0 
1783543728 Dirty: 32 Writeback: 0 
1783543729 Dirty: 48 Writeback: 0 
1783543730 Dirty: 24 Writeback: 0 
1783543731 Dirty: 36 Writeback: 0 
1783543732 Dirty: 40 Writeback: 0 
1783543733 Dirty: 40 Writeback: 0 
1783543734 Dirty: 56 Writeback: 0 
1783543735 Dirty: 20 Writeback: 0 
1783543736 Dirty: 24 Writeback: 0 
1783543737 Dirty: 28 Writeback: 0 
1783543738 Dirty: 28 Writeback: 0 
1783543739 Dirty: 32 Writeback: 0 
1783543740 Dirty: 28 Writeback: 0 
1783543741 Dirty: 40 Writeback: 0 
1783543742 Dirty: 44 Writeback: 0 
1783543743 Dirty: 48 Writeback: 0 
1783543744 Dirty: 24 Writeback: 0 
1783543745 Dirty: 48 Writeback: 0 
1783543746 Dirty: 48 Writeback: 0 
1783543747 Dirty: 52 Writeback: 0 
1783543749 Dirty: 52 Writeback: 0 
1783543750 Dirty: 60 Writeback: 0 
1783543751 Dirty: 20 Writeback: 0 
1783543752 Dirty: 24 Writeback: 0 
1783543753 Dirty: 24 Writeback: 0 
1783543754 Dirty: 28 Writeback: 0 
1783543755 Dirty: 56 Writeback: 0 
1783543756 Dirty: 44 Writeback: 0 
1783543757 Dirty: 48 Writeback: 0 
1783543758 Dirty: 52 Writeback: 0 
1783543759 Dirty: 56 Writeback: 0 
1783543760 Dirty: 56 Writeback: 0 
1783543761 Dirty: 16 Writeback: 0 
1783543762 Dirty: 28 Writeback: 0 
