1783552449 0
1783552450 0
1783552451 0
1783552452 0
1783552453 0
1783552454 0
1783552455 0
1783552456 0
1783552457 0
1783552458 0
1783552459 0
1783552460 0
1783552461 0
1783552462 0
1783552463 0
1783552464 0
1783552465 0
1783552466 0
1783552467 0
1783552468 0
1783552469 0
1783552470 0
1783552471 0
1783552472 0
1783552473 0
1783552474 0
1783552475 0
1783552476 0
1783552477 0
1783552478 0
1783552479 0
1783552480 0
1783552481 0
1783552482 0
1783552483 0
1783552484 0
1783552485 0
1783552486 0
1783552487 0
1783552489 0
1783552490 0
1783552491 0
1783552492 0
1783552493 0
1783552494 0
1783552495 0
1783552496 0
1783552497 0
1783552498 0
1783552499 0
1783552500 0
1783552501 0
1783552502 0
1783552503 0
1783552504 0
1783552505 0
1783552506 0
1783552507 0
1783552508 0
1783552509 0
1783552510 0
1783552511 0
1783552512 0
1783552513 0
1783552514 0
1783552515 0
1783552516 0
1783552517 0
1783552518 0
1783552519 0
1783552520 0
1783552521 0
1783552522 0
1783552523 0
1783552524 0
1783552525 0
1783552526 0
1783552527 0
1783552528 0
1783552529 0
1783552530 0
1783552531 0
1783552532 0
1783552533 0
1783552534 0
1783552535 0
1783552536 0
1783552537 0
1783552538 0
1783552539 0
1783552540 0
1783552541 0
1783552542 0
1783552543 0
1783552544 0
1783552545 0
1783552546 0
1783552547 0
1783552548 0
1783552550 0
