1783552449 
1783552450 
1783552451 
1783552452 
1783552453 
1783552454 
1783552455 
1783552456 
1783552457 
1783552458 
1783552459 
1783552460 
1783552461 
1783552462 
1783552463 
1783552464 
1783552465 
1783552466 
1783552467 
1783552468 
1783552469 
1783552470 
1783552471 
1783552472 
1783552473 
1783552474 
1783552475 
1783552476 
1783552477 
1783552478 
1783552479 
1783552480 
1783552481 
1783552482 
1783552483 
1783552484 
1783552485 
1783552486 
1783552487 
1783552488 
1783552490 
1783552491 
1783552492 
1783552493 
1783552494 
1783552495 
1783552496 
1783552497 
1783552498 
1783552499 
1783552500 
1783552501 
1783552502 
1783552503 
1783552504 
1783552505 
1783552506 
1783552507 
1783552508 
1783552509 
1783552510 
1783552511 
1783552512 
1783552513 
1783552514 
1783552515 
1783552516 
1783552517 
1783552518 
1783552519 
1783552520 
1783552521 
1783552522 
1783552523 
1783552524 
1783552525 
1783552526 
1783552527 
1783552528 
1783552529 
1783552530 
1783552531 
1783552532 
1783552533 
1783552534 
1783552535 
1783552536 
1783552537 
1783552538 
1783552539 
1783552540 
1783552541 
1783552542 
1783552543 
1783552544 
1783552545 
1783552546 
1783552547 
1783552548 
1783552549 
