1783552449 Dirty: 80 Writeback: 0 
1783552450 Dirty: 152 Writeback: 0 
1783552451 Dirty: 168 Writeback: 0 
1783552452 Dirty: 248 Writeback: 0 
1783552453 Dirty: 152 Writeback: 0 
1783552454 Dirty: 152 Writeback: 0 
1783552455 Dirty: 160 Writeback: 0 
1783552456 Dirty: 168 Writeback: 0 
1783552457 Dirty: 176 Writeback: 0 
1783552458 Dirty: 76 Writeback: 0 
1783552459 Dirty: 76 Writeback: 0 
1783552460 Dirty: 88 Writeback: 0 
1783552461 Dirty: 92 Writeback: 0 
1783552462 Dirty: 100 Writeback: 0 
1783552463 Dirty: 64 Writeback: 0 
1783552464 Dirty: 112 Writeback: 0 
1783552465 Dirty: 116 Writeback: 0 
1783552466 Dirty: 136 Writeback: 0 
1783552467 Dirty: 136 Writeback: 0 
1783552468 Dirty: 92 Writeback: 0 
1783552469 Dirty: 112 Writeback: 0 
1783552470 Dirty: 124 Writeback: 0 
1783552471 Dirty: 124 Writeback: 0 
1783552472 Dirty: 124 Writeback: 0 
1783552473 Dirty: 56 Writeback: 0 
1783552474 Dirty: 120 Writeback: 0 
1783552475 Dirty: 124 Writeback: 0 
1783552476 Dirty: 124 Writeback: 0 
1783552477 Dirty: 280 Writeback: 0 
1783552478 Dirty: 212 Writeback: 0 
1783552479 Dirty: 260 Writeback: 0 
1783552480 Dirty: 260 Writeback: 0 
1783552481 Dirty: 284 Writeback: 0 
1783552482 Dirty: 288 Writeback: 0 
1783552483 Dirty: 60 Writeback: 0 
1783552484 Dirty: 88 Writeback: 0 
1783552485 Dirty: 96 Writeback: 0 
1783552486 Dirty: 108 Writeback: 0 
1783552487 Dirty: 140 Writeback: 0 
1783552488 Dirty: 84 Writeback: 12 
1783552489 Dirty: 116 Writeback: 0 
1783552490 Dirty: 116 Writeback: 0 
1783552491 Dirty: 132 Writeback: 0 
1783552492 Dirty: 136 Writeback: 0 
1783552493 Dirty: 152 Writeback: 0 
1783552494 Dirty: 116 Writeback: 0 
1783552495 Dirty: 128 Writeback: 0 
1783552496 Dirty: 136 Writeback: 0 
1783552497 Dirty: 144 Writeback: 0 
1783552498 Dirty: 152 Writeback: 0 
1783552499 Dirty: 100 Writeback: 0 
1783552500 Dirty: 100 Writeback: 0 
1783552501 Dirty: 104 Writeback: 0 
1783552502 Dirty: 184 Writeback: 4 
1783552503 Dirty: 300 Writeback: 0 
1783552504 Dirty: 304 Writeback: 0 
1783552505 Dirty: 312 Writeback: 0 
1783552506 Dirty: 316 Writeback: 0 
1783552507 Dirty: 160 Writeback: 0 
1783552508 Dirty: 180 Writeback: 0 
1783552509 Dirty: 80 Writeback: 0 
1783552510 Dirty: 88 Writeback: 0 
1783552511 Dirty: 96 Writeback: 0 
1783552512 Dirty: 24 Writeback: 0 
1783552513 Dirty: 96 Writeback: 0 
1783552514 Dirty: 96 Writeback: 0 
1783552515 Dirty: 104 Writeback: 0 
1783552516 Dirty: 116 Writeback: 0 
1783552517 Dirty: 132 Writeback: 0 
1783552518 Dirty: 112 Writeback: 0 
1783552519 Dirty: 116 Writeback: 0 
1783552520 Dirty: 128 Writeback: 0 
1783552521 Dirty: 128 Writeback: 0 
1783552522 Dirty: 144 Writeback: 0 
1783552523 Dirty: 180 Writeback: 0 
1783552524 Dirty: 124 Writeback: 0 
1783552525 Dirty: 128 Writeback: 0 
1783552526 Dirty: 148 Writeback: 0 
1783552527 Dirty: 148 Writeback: 0 
1783552528 Dirty: 88 Writeback: 0 
1783552529 Dirty: 100 Writeback: 0 
1783552530 Dirty: 100 Writeback: 0 
1783552531 Dirty: 128 Writeback: 0 
1783552532 Dirty: 128 Writeback: 0 
1783552533 Dirty: 48 Writeback: 0 
1783552534 Dirty: 60 Writeback: 0 
1783552535 Dirty: 60 Writeback: 0 
1783552536 Dirty: 92 Writeback: 0 
1783552537 Dirty: 116 Writeback: 0 
1783552538 Dirty: 132 Writeback: 0 
1783552539 Dirty: 60 Writeback: 0 
1783552540 Dirty: 60 Writeback: 0 
1783552541 Dirty: 80 Writeback: 0 
1783552542 Dirty: 80 Writeback: 0 
1783552543 Dirty: 52 Writeback: 0 
1783552544 Dirty: 80 Writeback: 0 
1783552545 Dirty: 88 Writeback: 0 
1783552546 Dirty: 108 Writeback: 0 
1783552547 Dirty: 116 Writeback: 0 
1783552548 Dirty: 60 Writeback: 0 
1783552549 Dirty: 84 Writeback: 0 
