1783550647 0
1783550648 0
1783550649 0
1783550650 0
1783550651 0
1783550652 0
1783550653 0
1783550654 0
1783550655 0
1783550656 0
1783550657 0
1783550658 0
1783550659 0
1783550660 0
1783550661 0
1783550662 0
1783550663 0
1783550664 0
1783550665 0
1783550666 0
1783550667 0
1783550668 0
1783550669 0
1783550670 0
1783550671 0
1783550672 0
1783550673 0
1783550675 0
1783550676 0
1783550677 0
1783550678 0
1783550679 0
1783550680 0
1783550681 0
1783550682 0
1783550683 0
1783550684 0
1783550685 0
1783550686 0
1783550687 0
1783550688 0
1783550689 0
1783550690 0
1783550691 0
1783550692 0
1783550693 0
1783550694 0
1783550695 0
1783550696 0
1783550697 0
1783550698 0
1783550699 0
1783550700 0
1783550701 0
1783550702 0
1783550703 0
1783550704 0
1783550705 0
1783550706 0
1783550707 0
1783550708 0
1783550709 0
1783550710 0
1783550711 0
1783550712 0
1783550713 0
1783550714 0
1783550715 0
1783550716 0
1783550717 0
1783550718 0
1783550719 0
1783550720 0
1783550721 0
