1783547499 0
1783547500 0
1783547501 0
1783547502 0
1783547503 0
1783547504 0
1783547505 0
1783547506 0
1783547507 0
1783547508 0
1783547509 0
1783547510 0
1783547511 0
1783547512 0
1783547513 0
1783547514 0
1783547515 0
1783547516 0
1783547517 0
1783547518 0
1783547520 0
1783547521 0
1783547522 0
1783547523 0
1783547524 0
1783547525 0
1783547526 0
1783547527 0
1783547528 0
1783547529 0
1783547530 0
1783547531 0
1783547532 0
1783547533 0
1783547534 0
1783547535 0
1783547536 0
1783547537 0
1783547538 0
1783547539 0
1783547540 0
1783547541 0
1783547542 0
1783547543 0
1783547544 0
1783547545 0
1783547546 0
1783547547 0
1783547548 0
1783547549 0
1783547550 0
1783547551 0
1783547552 0
1783547553 0
1783547554 0
1783547555 0
1783547556 0
