1783547499 Dirty: 16 Writeback: 0 
1783547500 Dirty: 36 Writeback: 0 
1783547501 Dirty: 44 Writeback: 0 
1783547502 Dirty: 48 Writeback: 0 
1783547503 Dirty: 48 Writeback: 0 
1783547504 Dirty: 52 Writeback: 0 
1783547505 Dirty: 4 Writeback: 0 
1783547506 Dirty: 52 Writeback: 0 
1783547507 Dirty: 56 Writeback: 0 
1783547508 Dirty: 56 Writeback: 0 
1783547509 Dirty: 56 Writeback: 0 
1783547510 Dirty: 32 Writeback: 0 
1783547511 Dirty: 32 Writeback: 0 
1783547512 Dirty: 28 Writeback: 0 
1783547513 Dirty: 28 Writeback: 0 
1783547514 Dirty: 32 Writeback: 0 
1783547515 Dirty: 48 Writeback: 0 
1783547516 Dirty: 48 Writeback: 0 
1783547517 Dirty: 24 Writeback: 0 
1783547518 Dirty: 36 Writeback: 0 
1783547519 Dirty: 32 Writeback: 16 
1783547520 Dirty: 36 Writeback: 0 
1783547521 Dirty: 36 Writeback: 0 
1783547522 Dirty: 40 Writeback: 0 
1783547523 Dirty: 12 Writeback: 0 
1783547524 Dirty: 36 Writeback: 0 
1783547525 Dirty: 40 Writeback: 0 
1783547526 Dirty: 40 Writeback: 0 
1783547527 Dirty: 44 Writeback: 0 
1783547528 Dirty: 12 Writeback: 0 
1783547529 Dirty: 48 Writeback: 0 
1783547530 Dirty: 24 Writeback: 0 
1783547531 Dirty: 28 Writeback: 0 
1783547532 Dirty: 28 Writeback: 0 
1783547533 Dirty: 36 Writeback: 0 
1783547534 Dirty: 48 Writeback: 0 
1783547535 Dirty: 60 Writeback: 0 
1783547536 Dirty: 60 Writeback: 0 
1783547537 Dirty: 64 Writeback: 0 
1783547538 Dirty: 64 Writeback: 0 
1783547539 Dirty: 56 Writeback: 0 
1783547540 Dirty: 24 Writeback: 0 
1783547541 Dirty: 24 Writeback: 0 
1783547542 Dirty: 28 Writeback: 0 
1783547543 Dirty: 28 Writeback: 0 
1783547544 Dirty: 68 Writeback: 0 
1783547545 Dirty: 44 Writeback: 0 
1783547546 Dirty: 60 Writeback: 0 
1783547547 Dirty: 60 Writeback: 0 
1783547548 Dirty: 60 Writeback: 0 
1783547549 Dirty: 64 Writeback: 0 
1783547550 Dirty: 24 Writeback: 0 
1783547551 Dirty: 24 Writeback: 0 
1783547552 Dirty: 24 Writeback: 0 
1783547553 Dirty: 24 Writeback: 0 
1783547554 Dirty: 24 Writeback: 0 
1783547555 Dirty: 36 Writeback: 0 
