1783551929 0
1783551930 0
1783551931 0
1783551932 1
1783551933 1
1783551934 1
1783551935 1
1783551936 1
1783551937 1
1783551938 1
1783551939 1
1783551940 1
1783551941 1
1783551942 1
1783551943 1
1783551944 1
1783551945 1
1783551946 1
1783551947 1
1783551948 1
1783551949 1
1783551950 1
1783551951 1
1783551952 1
1783551953 1
1783551954 1
1783551955 1
1783551956 1
1783551957 1
1783551958 1
1783551959 1
1783551960 1
1783551961 1
1783551962 1
1783551963 0
1783551964 0
1783551965 0
1783551966 0
1783551967 0
1783551968 0
1783551969 0
1783551970 0
1783551971 0
1783551972 0
1783551974 0
1783551975 0
1783551976 0
1783551977 0
1783551978 0
1783551979 0
1783551980 0
1783551981 0
1783551982 0
1783551983 0
1783551984 0
1783551985 0
1783551986 0
1783551987 0
1783551988 0
1783551989 0
1783551990 0
1783551991 0
1783551992 0
1783551993 0
1783551994 0
1783551995 0
