1783551929 
1783551930 
1783551931 
1783551932       1 2 
1783551933       1 2 
1783551934       1 2 
1783551935       1 2 
1783551936       1 2 
1783551937       1 2 
1783551938       1 2 
1783551939       1 2 
1783551940       1 2 
1783551941       1 2 
1783551942       1 2 
1783551943       1 2 
1783551944       1 2 
1783551945       1 2 
1783551946       1 2 
1783551947       1 2 
1783551948       1 2 
1783551949       1 2 
1783551950       1 2 
1783551951       1 2 
1783551952       1 2 
1783551953       1 2 
1783551954       1 2 
1783551955       1 2 
1783551956       1 2 
1783551957       1 2 
1783551958       1 2 
1783551959       1 2 
1783551960       1 2 
1783551961       1 2 
1783551962       1 2 
1783551963 
1783551964 
1783551965 
1783551966 
1783551967 
1783551968 
1783551969 
1783551970 
1783551971 
1783551972 
1783551973 
1783551975 
1783551976 
1783551977 
1783551978 
1783551979 
1783551980 
1783551981 
1783551982 
1783551983 
1783551984 
1783551985 
1783551986 
1783551987 
1783551988 
1783551989 
1783551990 
1783551991 
1783551992 
1783551993 
1783551994 
1783551995 
