1783551929 Dirty: 84 Writeback: 0 
1783551930 Dirty: 104 Writeback: 0 
1783551931 Dirty: 172 Writeback: 0 
1783551932 Dirty: 272 Writeback: 0 
1783551933 Dirty: 152 Writeback: 0 
1783551934 Dirty: 56 Writeback: 0 
1783551935 Dirty: 144 Writeback: 0 
1783551936 Dirty: 156 Writeback: 4 
1783551937 Dirty: 256 Writeback: 0 
1783551938 Dirty: 148 Writeback: 0 
1783551939 Dirty: 132 Writeback: 0 
1783551940 Dirty: 136 Writeback: 0 
1783551941 Dirty: 136 Writeback: 0 
1783551942 Dirty: 144 Writeback: 0 
1783551943 Dirty: 96 Writeback: 0 
1783551944 Dirty: 136 Writeback: 0 
1783551945 Dirty: 144 Writeback: 0 
1783551946 Dirty: 144 Writeback: 0 
1783551947 Dirty: 152 Writeback: 0 
1783551948 Dirty: 100 Writeback: 0 
1783551949 Dirty: 124 Writeback: 0 
1783551950 Dirty: 124 Writeback: 0 
1783551951 Dirty: 136 Writeback: 0 
1783551952 Dirty: 140 Writeback: 0 
1783551953 Dirty: 100 Writeback: 0 
1783551954 Dirty: 124 Writeback: 0 
1783551955 Dirty: 140 Writeback: 0 
1783551956 Dirty: 144 Writeback: 0 
1783551957 Dirty: 148 Writeback: 0 
1783551958 Dirty: 112 Writeback: 0 
1783551959 Dirty: 128 Writeback: 0 
1783551960 Dirty: 128 Writeback: 0 
1783551961 Dirty: 140 Writeback: 0 
1783551962 Dirty: 140 Writeback: 0 
1783551963 Dirty: 228 Writeback: 0 
1783551964 Dirty: 0 Writeback: 0 
1783551965 Dirty: 152 Writeback: 0 
1783551966 Dirty: 52 Writeback: 0 
1783551967 Dirty: 140 Writeback: 0 
1783551968 Dirty: 80 Writeback: 0 
1783551969 Dirty: 128 Writeback: 0 
1783551970 Dirty: 180 Writeback: 0 
1783551971 Dirty: 136 Writeback: 0 
1783551972 Dirty: 136 Writeback: 0 
1783551973 Dirty: 140 Writeback: 0 
1783551974 Dirty: 144 Writeback: 0 
1783551975 Dirty: 132 Writeback: 0 
1783551976 Dirty: 140 Writeback: 0 
1783551977 Dirty: 144 Writeback: 0 
1783551978 Dirty: 144 Writeback: 0 
1783551979 Dirty: 144 Writeback: 0 
1783551980 Dirty: 180 Writeback: 0 
1783551981 Dirty: 140 Writeback: 0 
1783551982 Dirty: 140 Writeback: 0 
1783551983 Dirty: 152 Writeback: 0 
1783551984 Dirty: 152 Writeback: 0 
1783551985 Dirty: 76 Writeback: 0 
1783551986 Dirty: 140 Writeback: 0 
1783551987 Dirty: 144 Writeback: 0 
1783551988 Dirty: 144 Writeback: 0 
1783551989 Dirty: 152 Writeback: 0 
1783551990 Dirty: 148 Writeback: 4 
1783551991 Dirty: 132 Writeback: 0 
1783551992 Dirty: 140 Writeback: 0 
1783551993 Dirty: 140 Writeback: 0 
1783551994 Dirty: 140 Writeback: 0 
1783551995 Dirty: 216 Writeback: 0 
