1783538134 0
1783538135 0
1783538136 0
1783538137 0
1783538138 0
1783538139 0
1783538140 0
1783538141 0
1783538142 0
1783538143 0
1783538144 0
1783538145 0
1783538146 0
1783538147 0
1783538148 0
1783538149 0
1783538150 0
1783538151 0
1783538152 0
1783538153 0
1783538154 0
1783538155 0
1783538156 0
1783538157 0
1783538158 0
1783538159 0
1783538160 0
1783538162 0
1783538163 0
1783538164 0
1783538165 0
1783538166 0
1783538167 0
1783538168 0
1783538169 0
1783538170 0
1783538171 0
1783538172 0
1783538173 0
1783538174 0
1783538175 0
1783538176 0
1783538177 0
1783538178 0
1783538179 0
1783538180 0
1783538181 0
1783538182 0
1783538183 0
1783538184 0
1783538185 0
1783538186 0
1783538187 0
1783538188 0
1783538189 0
1783538190 0
1783538191 0
1783538192 0
1783538193 0
1783538194 0
1783538195 0
1783538196 0
1783538197 0
1783538198 0
1783538199 0
1783538200 0
1783538201 0
1783538202 0
1783538203 0
1783538204 0
1783538205 0
1783538206 0
1783538207 0
1783538208 0
1783538209 0
1783538210 0
1783538211 0
1783538212 0
1783538213 0
1783538214 0
1783538215 0
1783538216 0
1783538217 0
1783538218 0
1783538219 0
1783538220 0
1783538221 0
1783538222 0
1783538223 0
1783538224 0
1783538225 0
1783538226 0
1783538227 0
1783538228 0
1783538229 0
1783538230 0
1783538231 0
1783538232 0
1783538233 0
1783538234 0
1783538235 0
1783538237 0
1783538238 0
1783538239 0
1783538240 0
1783538241 0
1783538242 0
1783538243 0
1783538244 0
1783538245 0
1783538246 0
1783538247 0
1783538248 0
1783538249 0
1783538250 0
1783538251 0
1783538252 0
1783538253 0
1783538254 0
1783538255 0
1783538256 0
1783538257 0
1783538258 0
1783538259 0
