1783540427 
1783540428 
1783540429 
1783540430 
1783540431 
1783540432 
1783540433 
1783540434 
1783540435 
1783540436 
1783540437 
1783540438 
1783540439 
1783540440 
1783540441 
1783540442 
1783540443 
1783540444 
1783540445 
1783540446 
1783540447 
1783540448 
1783540449 
1783540450 
1783540451 
1783540452 
1783540453 
1783540454 
1783540455 
1783540456 
1783540457 
1783540458 
1783540459 
1783540460 
1783540461 
1783540462 
1783540463 
1783540464 
1783540465 
1783540466 
1783540467 
1783540468 
1783540469 
1783540470 
1783540471 
1783540472 
1783540473 
1783540474 
1783540475 
1783540476 
1783540477 
1783540478 
1783540479 
1783540480 
1783540481 
1783540482 
1783540483 
1783540484 
1783540485 
1783540486 
1783540487 
1783540488 
1783540489 
1783540490 
1783540491 
1783540492 
1783540493 
1783540494 
1783540495 
1783540496 
1783540497 
1783540498 
1783540500 
1783540501 
1783540502 
1783540503 
1783540504 
1783540505 
1783540506 
1783540507 
1783540508 
1783540509 
1783540510 
1783540511 
1783540512 
1783540513 
1783540514 
1783540515 
1783540516 
1783540517 
1783540518 
1783540519 
1783540520 
1783540521 
1783540522 
1783540523 
1783540524 
1783540525 
1783540526 
1783540527 
1783540528 
1783540529 
1783540530 
1783540531 
1783540532 
1783540533 
1783540534 
1783540535 
1783540536 
1783540537 
1783540538 
1783540539 
1783540540 
1783540541 
1783540542 
1783540543 
1783540544 
1783540545 
1783540546 
1783540547 
1783540548 
1783540549 
1783540550 
1783540551 
