1783540427 0
1783540428 0
1783540429 0
1783540430 0
1783540431 0
1783540432 0
1783540433 0
1783540434 0
1783540435 0
1783540436 0
1783540437 0
1783540438 0
1783540439 0
1783540440 0
1783540441 0
1783540442 0
1783540443 0
1783540444 0
1783540445 0
1783540446 0
1783540447 0
1783540448 0
1783540449 0
1783540450 0
1783540451 0
1783540452 0
1783540453 0
1783540454 0
1783540455 0
1783540456 0
1783540457 0
1783540458 0
1783540459 0
1783540460 0
1783540461 0
1783540462 0
1783540463 0
1783540464 0
1783540465 0
1783540466 0
1783540467 0
1783540468 0
1783540469 0
1783540470 0
1783540471 0
1783540472 0
1783540473 0
1783540474 0
1783540475 0
1783540476 0
1783540477 0
1783540478 0
1783540479 0
1783540480 0
1783540481 0
1783540482 0
1783540483 0
1783540484 0
1783540485 0
1783540486 0
1783540487 0
1783540488 0
1783540489 0
1783540490 0
1783540491 0
1783540492 0
1783540493 0
1783540494 0
1783540495 0
1783540496 0
1783540497 0
1783540499 0
1783540500 0
1783540501 0
1783540502 0
1783540503 0
1783540504 0
1783540505 0
1783540506 0
1783540507 0
1783540508 0
1783540509 0
1783540510 0
1783540511 0
1783540512 0
1783540513 0
1783540514 0
1783540515 0
1783540516 0
1783540517 0
1783540518 0
1783540519 0
1783540520 0
1783540521 0
1783540522 0
1783540523 0
1783540524 0
1783540525 0
1783540526 0
1783540527 0
1783540528 0
1783540529 0
1783540530 0
1783540531 0
1783540532 0
1783540533 0
1783540534 0
1783540535 0
1783540536 0
1783540537 0
1783540538 0
1783540539 0
1783540540 0
1783540541 0
1783540542 0
1783540543 0
1783540544 0
1783540545 0
1783540546 0
1783540547 0
1783540548 0
1783540549 0
1783540550 0
1783540551 0
