1783545345 Dirty: 12 Writeback: 0 
1783545346 Dirty: 36 Writeback: 0 
1783545347 Dirty: 36 Writeback: 0 
1783545348 Dirty: 36 Writeback: 0 
1783545349 Dirty: 40 Writeback: 0 
1783545350 Dirty: 72 Writeback: 0 
1783545351 Dirty: 40 Writeback: 0 
1783545352 Dirty: 56 Writeback: 0 
1783545353 Dirty: 56 Writeback: 0 
1783545354 Dirty: 64 Writeback: 0 
1783545355 Dirty: 64 Writeback: 0 
1783545356 Dirty: 48 Writeback: 0 
1783545357 Dirty: 52 Writeback: 0 
1783545358 Dirty: 60 Writeback: 0 
1783545359 Dirty: 60 Writeback: 0 
1783545360 Dirty: 32 Writeback: 0 
1783545361 Dirty: 12 Writeback: 0 
1783545362 Dirty: 36 Writeback: 0 
1783545363 Dirty: 36 Writeback: 0 
1783545364 Dirty: 36 Writeback: 0 
1783545365 Dirty: 52 Writeback: 0 
1783545366 Dirty: 36 Writeback: 0 
1783545367 Dirty: 16 Writeback: 0 
1783545368 Dirty: 20 Writeback: 0 
1783545369 Dirty: 20 Writeback: 0 
1783545370 Dirty: 20 Writeback: 0 
1783545371 Dirty: 40 Writeback: 0 
1783545372 Dirty: 48 Writeback: 0 
1783545373 Dirty: 32 Writeback: 0 
1783545374 Dirty: 32 Writeback: 0 
1783545375 Dirty: 64 Writeback: 0 
1783545376 Dirty: 64 Writeback: 0 
1783545377 Dirty: 32 Writeback: 0 
1783545378 Dirty: 4 Writeback: 0 
1783545379 Dirty: 24 Writeback: 0 
1783545380 Dirty: 24 Writeback: 0 
1783545381 Dirty: 40 Writeback: 0 
1783545382 Dirty: 40 Writeback: 0 
1783545383 Dirty: 28 Writeback: 0 
1783545384 Dirty: 40 Writeback: 0 
1783545385 Dirty: 28 Writeback: 0 
1783545386 Dirty: 32 Writeback: 0 
1783545387 Dirty: 48 Writeback: 0 
1783545388 Dirty: 48 Writeback: 0 
1783545389 Dirty: 32 Writeback: 0 
1783545390 Dirty: 40 Writeback: 0 
1783545391 Dirty: 24 Writeback: 0 
1783545392 Dirty: 24 Writeback: 0 
1783545393 Dirty: 28 Writeback: 0 
1783545394 Dirty: 40 Writeback: 0 
1783545395 Dirty: 44 Writeback: 0 
1783545396 Dirty: 48 Writeback: 0 
1783545397 Dirty: 48 Writeback: 0 
1783545398 Dirty: 52 Writeback: 0 
1783545399 Dirty: 56 Writeback: 0 
1783545400 Dirty: 16 Writeback: 0 
1783545401 Dirty: 24 Writeback: 0 
1783545402 Dirty: 24 Writeback: 0 
1783545403 Dirty: 28 Writeback: 0 
1783545404 Dirty: 28 Writeback: 0 
1783545405 Dirty: 16 Writeback: 0 
1783545406 Dirty: 28 Writeback: 0 
1783545407 Dirty: 44 Writeback: 0 
1783545408 Dirty: 44 Writeback: 0 
1783545409 Dirty: 44 Writeback: 0 
1783545410 Dirty: 44 Writeback: 0 
1783545411 Dirty: 20 Writeback: 0 
1783545412 Dirty: 24 Writeback: 0 
1783545413 Dirty: 24 Writeback: 0 
1783545414 Dirty: 28 Writeback: 0 
1783545415 Dirty: 56 Writeback: 0 
1783545416 Dirty: 60 Writeback: 0 
1783545417 Dirty: 44 Writeback: 0 
1783545418 Dirty: 48 Writeback: 0 
1783545419 Dirty: 48 Writeback: 0 
1783545420 Dirty: 60 Writeback: 0 
1783545421 Dirty: 60 Writeback: 0 
1783545422 Dirty: 228 Writeback: 0 
1783545423 Dirty: 200 Writeback: 0 
1783545424 Dirty: 220 Writeback: 0 
1783545425 Dirty: 220 Writeback: 0 
1783545426 Dirty: 248 Writeback: 0 
1783545427 Dirty: 80 Writeback: 0 
1783545428 Dirty: 100 Writeback: 0 
1783545429 Dirty: 112 Writeback: 0 
1783545430 Dirty: 56 Writeback: 0 
1783545431 Dirty: 20 Writeback: 0 
1783545432 Dirty: 28 Writeback: 0 
1783545433 Dirty: 28 Writeback: 0 
1783545434 Dirty: 24 Writeback: 0 
1783545435 Dirty: 24 Writeback: 0 
1783545436 Dirty: 40 Writeback: 0 
1783545437 Dirty: 40 Writeback: 0 
1783545438 Dirty: 52 Writeback: 0 
1783545439 Dirty: 60 Writeback: 0 
1783545440 Dirty: 36 Writeback: 0 
1783545441 Dirty: 20 Writeback: 0 
1783545442 Dirty: 28 Writeback: 0 
1783545443 Dirty: 28 Writeback: 0 
1783545444 Dirty: 28 Writeback: 0 
1783545445 Dirty: 16 Writeback: 0 
1783545446 Dirty: 48 Writeback: 0 
1783545447 Dirty: 52 Writeback: 0 
1783545448 Dirty: 188 Writeback: 0 
1783545449 Dirty: 188 Writeback: 0 
1783545450 Dirty: 168 Writeback: 0 
1783545451 Dirty: 160 Writeback: 0 
1783545452 Dirty: 160 Writeback: 0 
1783545453 Dirty: 160 Writeback: 0 
1783545454 Dirty: 32 Writeback: 0 
1783545455 Dirty: 36 Writeback: 0 
1783545456 Dirty: 20 Writeback: 0 
1783545457 Dirty: 32 Writeback: 0 
1783545458 Dirty: 40 Writeback: 0 
1783545459 Dirty: 40 Writeback: 0 
1783545460 Dirty: 44 Writeback: 0 
1783545461 Dirty: 60 Writeback: 0 
1783545462 Dirty: 16 Writeback: 0 
1783545463 Dirty: 12 Writeback: 0 
1783545464 Dirty: 24 Writeback: 0 
1783545465 Dirty: 208 Writeback: 0 
1783545466 Dirty: 208 Writeback: 0 
1783545467 Dirty: 184 Writeback: 0 
1783545468 Dirty: 196 Writeback: 0 
1783545469 Dirty: 208 Writeback: 0 
