1783539026 Dirty: 84 Writeback: 0 
1783539027 Dirty: 112 Writeback: 0 
1783539028 Dirty: 112 Writeback: 0 
1783539029 Dirty: 116 Writeback: 0 
1783539030 Dirty: 40 Writeback: 0 
1783539031 Dirty: 80 Writeback: 0 
1783539032 Dirty: 52 Writeback: 0 
1783539033 Dirty: 64 Writeback: 0 
1783539034 Dirty: 64 Writeback: 0 
1783539035 Dirty: 64 Writeback: 0 
1783539036 Dirty: 32 Writeback: 0 
1783539037 Dirty: 32 Writeback: 0 
1783539038 Dirty: 8 Writeback: 0 
1783539039 Dirty: 16 Writeback: 0 
1783539040 Dirty: 40 Writeback: 0 
1783539041 Dirty: 40 Writeback: 0 
1783539042 Dirty: 32 Writeback: 0 
1783539043 Dirty: 32 Writeback: 0 
1783539044 Dirty: 12 Writeback: 0 
1783539045 Dirty: 28 Writeback: 0 
1783539046 Dirty: 28 Writeback: 0 
1783539047 Dirty: 44 Writeback: 0 
1783539048 Dirty: 44 Writeback: 0 
1783539049 Dirty: 44 Writeback: 0 
1783539050 Dirty: 48 Writeback: 0 
1783539051 Dirty: 36 Writeback: 0 
1783539052 Dirty: 28 Writeback: 0 
1783539053 Dirty: 28 Writeback: 0 
1783539054 Dirty: 28 Writeback: 0 
1783539055 Dirty: 12 Writeback: 0 
1783539056 Dirty: 24 Writeback: 0 
1783539057 Dirty: 48 Writeback: 0 
1783539058 Dirty: 48 Writeback: 0 
1783539059 Dirty: 60 Writeback: 0 
1783539060 Dirty: 60 Writeback: 0 
1783539061 Dirty: 44 Writeback: 0 
1783539062 Dirty: 24 Writeback: 0 
1783539063 Dirty: 24 Writeback: 0 
1783539064 Dirty: 24 Writeback: 0 
1783539065 Dirty: 28 Writeback: 0 
1783539066 Dirty: 48 Writeback: 0 
1783539067 Dirty: 44 Writeback: 0 
1783539068 Dirty: 52 Writeback: 0 
1783539069 Dirty: 212 Writeback: 0 
1783539070 Dirty: 212 Writeback: 0 
1783539071 Dirty: 188 Writeback: 0 
1783539072 Dirty: 196 Writeback: 0 
1783539073 Dirty: 188 Writeback: 0 
1783539074 Dirty: 44 Writeback: 0 
1783539075 Dirty: 48 Writeback: 0 
1783539076 Dirty: 56 Writeback: 0 
1783539077 Dirty: 32 Writeback: 0 
1783539078 Dirty: 44 Writeback: 0 
1783539079 Dirty: 192 Writeback: 0 
1783539080 Dirty: 196 Writeback: 0 
1783539081 Dirty: 224 Writeback: 0 
1783539082 Dirty: 204 Writeback: 0 
1783539083 Dirty: 68 Writeback: 0 
1783539084 Dirty: 68 Writeback: 0 
1783539085 Dirty: 68 Writeback: 0 
1783539086 Dirty: 76 Writeback: 0 
1783539087 Dirty: 0 Writeback: 0 
1783539088 Dirty: 12 Writeback: 0 
1783539089 Dirty: 32 Writeback: 0 
1783539090 Dirty: 32 Writeback: 0 
1783539091 Dirty: 40 Writeback: 0 
1783539092 Dirty: 68 Writeback: 0 
1783539093 Dirty: 60 Writeback: 0 
1783539094 Dirty: 28 Writeback: 20 
1783539095 Dirty: 28 Writeback: 0 
1783539096 Dirty: 48 Writeback: 0 
1783539097 Dirty: 208 Writeback: 0 
1783539098 Dirty: 208 Writeback: 0 
1783539099 Dirty: 176 Writeback: 0 
1783539100 Dirty: 200 Writeback: 0 
1783539101 Dirty: 212 Writeback: 0 
1783539102 Dirty: 40 Writeback: 0 
1783539103 Dirty: 40 Writeback: 0 
1783539104 Dirty: 40 Writeback: 0 
1783539105 Dirty: 24 Writeback: 0 
1783539106 Dirty: 32 Writeback: 0 
1783539107 Dirty: 24 Writeback: 0 
1783539108 Dirty: 24 Writeback: 0 
1783539109 Dirty: 48 Writeback: 0 
1783539110 Dirty: 60 Writeback: 0 
1783539111 Dirty: 60 Writeback: 0 
1783539112 Dirty: 60 Writeback: 0 
1783539113 Dirty: 28 Writeback: 0 
1783539114 Dirty: 28 Writeback: 0 
1783539115 Dirty: 32 Writeback: 0 
1783539116 Dirty: 24 Writeback: 0 
1783539117 Dirty: 28 Writeback: 0 
1783539118 Dirty: 56 Writeback: 0 
1783539119 Dirty: 56 Writeback: 0 
1783539120 Dirty: 68 Writeback: 0 
1783539121 Dirty: 44 Writeback: 0 
1783539122 Dirty: 20 Writeback: 0 
1783539123 Dirty: 24 Writeback: 0 
1783539124 Dirty: 24 Writeback: 0 
1783539125 Dirty: 24 Writeback: 0 
1783539126 Dirty: 24 Writeback: 0 
1783539127 Dirty: 16 Writeback: 0 
1783539128 Dirty: 24 Writeback: 0 
1783539129 Dirty: 28 Writeback: 0 
1783539130 Dirty: 28 Writeback: 0 
1783539131 Dirty: 204 Writeback: 0 
1783539132 Dirty: 4 Writeback: 0 
1783539133 Dirty: 12 Writeback: 0 
1783539134 Dirty: 36 Writeback: 0 
1783539135 Dirty: 36 Writeback: 0 
1783539136 Dirty: 44 Writeback: 0 
1783539137 Dirty: 44 Writeback: 0 
1783539138 Dirty: 56 Writeback: 0 
1783539139 Dirty: 68 Writeback: 0 
1783539140 Dirty: 72 Writeback: 0 
1783539141 Dirty: 28 Writeback: 24 
1783539142 Dirty: 56 Writeback: 0 
1783539143 Dirty: 60 Writeback: 0 
1783539144 Dirty: 40 Writeback: 0 
1783539145 Dirty: 44 Writeback: 0 
1783539146 Dirty: 44 Writeback: 0 
1783539147 Dirty: 16 Writeback: 0 
1783539148 Dirty: 32 Writeback: 0 
1783539149 Dirty: 44 Writeback: 0 
1783539150 Dirty: 24 Writeback: 0 
