1783546666 Dirty: 0 Writeback: 0 
1783546667 Dirty: 6108684 Writeback: 0 
1783546668 Dirty: 9799704 Writeback: 843520 
1783546669 Dirty: 9834012 Writeback: 417024 
1783546670 Dirty: 10021916 Writeback: 716800 
1783546671 Dirty: 10458432 Writeback: 716800 
1783546672 Dirty: 10732100 Writeback: 716800 
1783546673 Dirty: 10768384 Writeback: 716800 
1783546674 Dirty: 10798872 Writeback: 716800 
1783546675 Dirty: 11135768 Writeback: 716800 
1783546676 Dirty: 11073320 Writeback: 720896 
1783546678 Dirty: 11050792 Writeback: 720896 
1783546679 Dirty: 11483180 Writeback: 720896 
1783546680 Dirty: 11328520 Writeback: 720896 
1783546681 Dirty: 11165724 Writeback: 720896 
1783546682 Dirty: 11056936 Writeback: 724992 
1783546683 Dirty: 10972972 Writeback: 724992 
1783546684 Dirty: 9719852 Writeback: 843520 
1783546685 Dirty: 8204048 Writeback: 358912 
1783546686 Dirty: 6947352 Writeback: 829696 
1783546687 Dirty: 5141548 Writeback: 1616896 
1783546688 Dirty: 3302700 Writeback: 1690368 
1783546689 Dirty: 2158640 Writeback: 737024 
1783546690 Dirty: 798472 Writeback: 1048832 
