1783542983 0
1783542985 0
1783542986 0
1783542987 0
1783542988 0
1783542989 0
1783542990 0
1783542991 0
1783542992 0
1783542993 0
1783542994 0
1783542995 0
1783542996 0
1783542997 0
1783542998 0
1783542999 0
1783543000 0
1783543001 0
1783543002 0
1783543003 0
1783543004 0
1783543005 0
1783543006 0
1783543007 0
1783543008 0
1783543009 0
1783543010 0
1783543011 0
1783543012 0
1783543013 0
1783543014 0
1783543015 0
1783543016 0
1783543017 0
1783543018 0
1783543019 0
1783543020 0
1783543021 0
1783543022 0
1783543023 0
1783543024 0
1783543025 0
1783543026 0
1783543027 0
1783543028 0
1783543029 0
1783543030 0
1783543031 0
1783543032 0
1783543033 0
1783543034 0
1783543035 0
1783543036 0
1783543037 0
1783543038 0
1783543039 0
1783543040 0
1783543041 0
1783543042 0
1783543043 0
1783543044 0
1783543045 0
1783543046 0
1783543047 0
1783543048 0
1783543049 0
1783543050 0
1783543051 0
1783543052 0
1783543053 0
1783543054 0
1783543056 0
1783543057 0
1783543058 0
1783543059 0
1783543060 0
1783543061 0
1783543062 0
1783543063 0
1783543064 0
1783543065 0
1783543066 0
1783543067 0
1783543068 0
1783543069 0
1783543070 0
1783543071 0
1783543072 0
1783543073 0
1783543074 0
1783543075 0
1783543076 0
1783543077 0
1783543078 0
1783543079 0
1783543080 0
1783543081 0
1783543082 0
1783543083 0
1783543084 0
1783543085 0
1783543086 0
1783543087 0
1783543088 0
1783543089 0
1783543090 0
1783543091 0
1783543092 0
1783543093 0
1783543094 0
1783543095 0
1783543096 0
1783543097 0
1783543098 0
1783543099 0
1783543100 0
1783543101 0
1783543102 0
1783543103 0
1783543104 0
1783543105 0
1783543106 0
1783543107 0
1783543108 0
