1783546854 Dirty: 36 Writeback: 0 
1783546855 Dirty: 8814116 Writeback: 327680 
1783546856 Dirty: 10019844 Writeback: 423680 
1783546857 Dirty: 10183440 Writeback: 461568 
1783546858 Dirty: 10038040 Writeback: 720896 
1783546859 Dirty: 10134588 Writeback: 716800 
1783546860 Dirty: 10206528 Writeback: 716800 
1783546861 Dirty: 10270276 Writeback: 716800 
1783546862 Dirty: 10324748 Writeback: 716800 
1783546863 Dirty: 10383640 Writeback: 716800 
1783546864 Dirty: 9713700 Writeback: 1433600 
1783546865 Dirty: 9772584 Writeback: 716800 
1783546866 Dirty: 10290480 Writeback: 245760 
1783546867 Dirty: 9880624 Writeback: 720896 
1783546868 Dirty: 9915400 Writeback: 724992 
1783546869 Dirty: 9950240 Writeback: 724992 
1783546870 Dirty: 9985056 Writeback: 724992 
1783546871 Dirty: 8739368 Writeback: 1770496 
1783546872 Dirty: 6638376 Writeback: 1647360 
1783546873 Dirty: 5504000 Writeback: 1130752 
1783546874 Dirty: 4459808 Writeback: 898304 
1783546875 Dirty: 3410980 Writeback: 1048832 
1783546876 Dirty: 1317412 Writeback: 1044992 
1783546877 Dirty: 265256 Writeback: 1048832 
