1783550724 0
1783550725 0
1783550726 0
1783550727 0
1783550728 0
1783550729 0
1783550730 0
1783550731 0
1783550732 0
1783550733 0
1783550734 0
1783550735 0
1783550736 0
1783550737 0
1783550738 0
1783550739 0
1783550740 0
1783550741 0
1783550742 0
1783550743 0
1783550744 0
1783550745 0
1783550746 0
1783550747 0
1783550748 0
1783550749 0
1783550750 0
1783550751 0
1783550752 0
1783550753 0
1783550754 0
1783550755 0
1783550756 0
1783550757 0
1783550758 0
1783550759 0
1783550760 0
1783550761 0
1783550762 0
1783550763 0
1783550764 0
1783550765 0
1783550766 0
1783550767 0
1783550768 0
1783550769 0
1783550770 0
1783550771 0
1783550772 0
1783550774 0
1783550775 0
1783550776 0
1783550777 0
1783550778 0
1783550779 0
1783550780 0
1783550781 0
1783550782 0
1783550783 0
1783550784 0
1783550785 0
1783550786 0
1783550787 0
1783550788 0
1783550789 0
1783550790 0
1783550791 0
1783550792 0
1783550793 0
1783550794 0
1783550795 0
1783550796 0
1783550797 0
1783550798 0
1783550799 0
1783550800 0
1783550801 0
1783550802 0
1783550803 0
1783550804 0
1783550805 0
1783550806 0
1783550807 0
1783550808 0
1783550809 0
1783550810 0
1783550811 0
1783550812 0
1783550813 0
1783550814 0
1783550815 0
1783550816 0
1783550817 0
1783550818 0
1783550819 0
1783550820 0
1783550821 0
1783550822 0
1783550823 0
1783550824 0
1783550825 0
1783550826 0
