1783550724 Dirty: 88 Writeback: 0 
1783550725 Dirty: 160 Writeback: 0 
1783550726 Dirty: 212 Writeback: 0 
1783550727 Dirty: 112 Writeback: 0 
1783550728 Dirty: 148 Writeback: 0 
1783550729 Dirty: 148 Writeback: 0 
1783550730 Dirty: 160 Writeback: 0 
1783550731 Dirty: 160 Writeback: 0 
1783550732 Dirty: 40 Writeback: 0 
1783550733 Dirty: 68 Writeback: 0 
1783550734 Dirty: 68 Writeback: 0 
1783550735 Dirty: 72 Writeback: 0 
1783550736 Dirty: 88 Writeback: 0 
1783550737 Dirty: 132 Writeback: 0 
1783550738 Dirty: 60 Writeback: 0 
1783550739 Dirty: 60 Writeback: 0 
1783550740 Dirty: 76 Writeback: 0 
1783550741 Dirty: 76 Writeback: 0 
1783550742 Dirty: 88 Writeback: 0 
1783550743 Dirty: 72 Writeback: 0 
1783550744 Dirty: 80 Writeback: 0 
1783550745 Dirty: 104 Writeback: 0 
1783550746 Dirty: 108 Writeback: 0 
1783550747 Dirty: 112 Writeback: 0 
1783550748 Dirty: 168 Writeback: 0 
1783550749 Dirty: 88 Writeback: 0 
1783550750 Dirty: 92 Writeback: 0 
1783550751 Dirty: 92 Writeback: 0 
1783550752 Dirty: 104 Writeback: 0 
1783550753 Dirty: 84 Writeback: 0 
1783550754 Dirty: 92 Writeback: 0 
1783550755 Dirty: 100 Writeback: 0 
1783550756 Dirty: 124 Writeback: 0 
1783550757 Dirty: 124 Writeback: 0 
1783550758 Dirty: 24 Writeback: 0 
1783550759 Dirty: 52 Writeback: 0 
1783550760 Dirty: 60 Writeback: 0 
1783550761 Dirty: 72 Writeback: 0 
1783550762 Dirty: 220 Writeback: 0 
1783550763 Dirty: 244 Writeback: 0 
1783550764 Dirty: 276 Writeback: 0 
1783550765 Dirty: 284 Writeback: 0 
1783550766 Dirty: 308 Writeback: 0 
1783550767 Dirty: 308 Writeback: 0 
1783550768 Dirty: 60 Writeback: 0 
1783550769 Dirty: 80 Writeback: 0 
1783550770 Dirty: 92 Writeback: 0 
1783550771 Dirty: 96 Writeback: 0 
1783550772 Dirty: 108 Writeback: 0 
1783550773 Dirty: 64 Writeback: 0 
1783550774 Dirty: 88 Writeback: 0 
1783550775 Dirty: 180 Writeback: 0 
1783550776 Dirty: 0 Writeback: 0 
1783550777 Dirty: 76 Writeback: 0 
1783550778 Dirty: 76 Writeback: 0 
1783550779 Dirty: 164 Writeback: 0 
1783550780 Dirty: 164 Writeback: 0 
1783550781 Dirty: 196 Writeback: 0 
1783550782 Dirty: 152 Writeback: 0 
1783550783 Dirty: 156 Writeback: 0 
1783550784 Dirty: 80 Writeback: 0 
1783550785 Dirty: 92 Writeback: 0 
1783550786 Dirty: 52 Writeback: 0 
1783550787 Dirty: 76 Writeback: 0 
1783550788 Dirty: 96 Writeback: 0 
1783550789 Dirty: 96 Writeback: 0 
1783550790 Dirty: 104 Writeback: 0 
1783550791 Dirty: 104 Writeback: 0 
1783550792 Dirty: 80 Writeback: 0 
1783550793 Dirty: 84 Writeback: 0 
1783550794 Dirty: 100 Writeback: 0 
1783550795 Dirty: 100 Writeback: 0 
1783550796 Dirty: 112 Writeback: 0 
1783550797 Dirty: 68 Writeback: 0 
1783550798 Dirty: 100 Writeback: 0 
1783550799 Dirty: 104 Writeback: 0 
1783550800 Dirty: 104 Writeback: 0 
1783550801 Dirty: 112 Writeback: 0 
1783550802 Dirty: 76 Writeback: 0 
1783550803 Dirty: 84 Writeback: 0 
1783550804 Dirty: 88 Writeback: 0 
1783550805 Dirty: 88 Writeback: 0 
1783550806 Dirty: 104 Writeback: 0 
1783550807 Dirty: 12 Writeback: 0 
1783550808 Dirty: 56 Writeback: 0 
1783550809 Dirty: 56 Writeback: 0 
1783550810 Dirty: 64 Writeback: 0 
1783550811 Dirty: 80 Writeback: 0 
1783550812 Dirty: 60 Writeback: 0 
1783550813 Dirty: 96 Writeback: 0 
1783550814 Dirty: 100 Writeback: 0 
1783550815 Dirty: 108 Writeback: 0 
1783550816 Dirty: 112 Writeback: 0 
1783550817 Dirty: 44 Writeback: 0 
1783550818 Dirty: 84 Writeback: 0 
1783550819 Dirty: 84 Writeback: 0 
1783550820 Dirty: 84 Writeback: 0 
1783550821 Dirty: 100 Writeback: 0 
1783550822 Dirty: 48 Writeback: 0 
1783550823 Dirty: 88 Writeback: 0 
1783550824 Dirty: 96 Writeback: 0 
1783550825 Dirty: 104 Writeback: 0 
1783550826 Dirty: 108 Writeback: 0 
