1783539408 
1783539409 
1783539410 
1783539411 
1783539412 
1783539413 
1783539414 
1783539415 
1783539416 
1783539417 
1783539418 
1783539419 
1783539420 
1783539421 
1783539422 
1783539423 
1783539424 
1783539425 
1783539426 
1783539427 
1783539428 
1783539429 
1783539430 
1783539431 
1783539432 
1783539433 
1783539434 
1783539435 
1783539436 
1783539437 
1783539438 
1783539439 
1783539440 
1783539441 
1783539442 
1783539443 
1783539444 
1783539445 
1783539446 
1783539447 
1783539448 
1783539449 
1783539450 
1783539451 
1783539452 
1783539453 
1783539454 
1783539455 
1783539456 
1783539457 
1783539458 
1783539459 
1783539460 
1783539461 
1783539462 
1783539463 
1783539464 
1783539465 
1783539466 
1783539467 
1783539468 
1783539469 
1783539470 
1783539472 
1783539473 
1783539474 
1783539475 
1783539476 
1783539477 
1783539478 
1783539479 
1783539480 
1783539481 
1783539482 
1783539483 
1783539484 
1783539485 
1783539486 
1783539487 
1783539488 
1783539489 
1783539490 
1783539491 
1783539492 
1783539493 
1783539494 
1783539495 
1783539496 
1783539497 
1783539498 
1783539499 
1783539500 
1783539501 
1783539502 
1783539503 
1783539504 
1783539505 
1783539506 
1783539507 
1783539508 
1783539509 
1783539510 
1783539511 
1783539512 
1783539513 
1783539514 
1783539515 
1783539516 
1783539517 
1783539518 
1783539519 
1783539520 
1783539521 
1783539522 
1783539523 
1783539524 
1783539525 
1783539526 
1783539527 
1783539528 
1783539529 
1783539530 
1783539531 
1783539532 
