1783539408 0
1783539409 0
1783539410 0
1783539411 0
1783539412 0
1783539413 0
1783539414 0
1783539415 0
1783539416 0
1783539417 0
1783539418 0
1783539419 0
1783539420 0
1783539421 0
1783539422 0
1783539423 0
1783539424 0
1783539425 0
1783539426 0
1783539427 0
1783539428 0
1783539429 0
1783539430 0
1783539431 0
1783539432 0
1783539433 0
1783539434 0
1783539435 0
1783539436 0
1783539437 0
1783539438 0
1783539439 0
1783539440 0
1783539441 0
1783539442 0
1783539443 0
1783539444 0
1783539445 0
1783539446 0
1783539447 0
1783539448 0
1783539449 0
1783539450 0
1783539451 0
1783539452 0
1783539453 0
1783539454 0
1783539455 0
1783539456 0
1783539457 0
1783539458 0
1783539459 0
1783539460 0
1783539461 0
1783539462 0
1783539463 0
1783539464 0
1783539465 0
1783539466 0
1783539467 0
1783539468 0
1783539469 0
1783539471 0
1783539472 0
1783539473 0
1783539474 0
1783539475 0
1783539476 0
1783539477 0
1783539478 0
1783539479 0
1783539480 0
1783539481 0
1783539482 0
1783539483 0
1783539484 0
1783539485 0
1783539486 0
1783539487 0
1783539488 0
1783539489 0
1783539490 0
1783539491 0
1783539492 0
1783539493 0
1783539494 0
1783539495 0
1783539496 0
1783539497 0
1783539498 0
1783539499 0
1783539500 0
1783539501 0
1783539502 0
1783539503 0
1783539504 0
1783539505 0
1783539506 0
1783539507 0
1783539508 0
1783539509 0
1783539510 0
1783539511 0
1783539512 0
1783539513 0
1783539514 0
1783539515 0
1783539516 0
1783539517 0
1783539518 0
1783539519 0
1783539520 0
1783539521 0
1783539522 0
1783539523 0
1783539524 0
1783539525 0
1783539526 0
1783539527 0
1783539528 0
1783539529 0
1783539530 0
1783539531 0
1783539532 0
