1783551625 0
1783551626 0
1783551627 0
1783551628 0
1783551629 0
1783551630 0
1783551631 0
1783551632 0
1783551633 0
1783551634 0
1783551635 0
1783551636 0
1783551637 0
1783551638 1
1783551639 1
1783551640 1
1783551641 1
1783551642 1
1783551643 1
1783551644 1
1783551645 1
1783551646 1
1783551647 1
1783551648 1
1783551649 1
1783551650 1
1783551651 1
1783551652 1
1783551653 1
1783551654 1
1783551655 1
1783551656 1
1783551657 1
1783551658 1
1783551659 1
1783551660 1
1783551661 1
1783551662 1
1783551663 1
1783551664 1
1783551666 1
1783551667 1
1783551668 1
1783551669 1
1783551670 1
1783551671 1
1783551672 1
1783551673 1
1783551674 1
1783551675 1
1783551676 1
1783551677 1
1783551678 1
1783551679 1
1783551680 1
1783551681 1
1783551682 1
1783551683 1
1783551684 1
1783551685 1
1783551686 1
1783551687 1
1783551688 1
1783551689 1
1783551690 1
1783551691 1
1783551692 1
1783551693 1
1783551694 1
1783551695 1
1783551696 1
1783551697 1
1783551698 1
1783551699 1
1783551700 1
1783551701 1
1783551702 1
1783551703 1
1783551704 1
1783551705 1
1783551706 1
1783551707 1
1783551708 1
1783551709 1
1783551710 1
1783551711 1
1783551712 1
1783551713 1
1783551714 1
1783551715 1
1783551716 1
1783551717 1
1783551718 1
1783551719 1
1783551720 1
1783551721 1
1783551722 1
1783551723 1
1783551724 1
1783551726 1
1783551727 1
1783551728 1
1783551729 1
1783551730 1
1783551731 1
1783551732 1
1783551733 1
1783551734 1
1783551735 1
1783551736 1
1783551737 1
1783551738 1
1783551739 1
1783551740 1
1783551741 1
1783551742 0
1783551743 0
1783551744 0
1783551745 0
1783551746 0
1783551747 0
1783551748 0
1783551749 0
1783551750 0
1783551751 0
1783551752 0
1783551753 0
1783551754 1
1783551755 1
1783551756 1
1783551757 1
1783551758 1
1783551759 1
1783551760 1
1783551761 1
1783551762 1
1783551763 1
1783551764 1
1783551765 1
1783551766 1
1783551767 1
1783551768 1
1783551769 1
1783551770 1
1783551771 1
1783551772 1
1783551773 1
1783551774 1
1783551775 1
1783551776 1
1783551777 1
1783551778 1
1783551779 1
1783551780 1
1783551781 1
1783551782 1
1783551783 1
1783551784 1
1783551786 1
1783551787 1
1783551788 1
1783551789 1
1783551790 1
1783551791 1
1783551792 1
1783551793 1
1783551794 1
1783551795 1
1783551796 1
1783551797 1
1783551798 1
1783551799 1
1783551800 1
1783551801 1
1783551802 1
1783551803 1
1783551804 1
1783551805 1
1783551806 1
1783551807 1
1783551808 1
1783551809 1
1783551810 1
1783551811 1
1783551812 1
1783551813 1
1783551814 1
1783551815 1
1783551816 1
1783551817 1
1783551818 1
1783551819 1
1783551820 1
1783551821 1
1783551822 1
1783551823 1
1783551824 1
1783551825 1
1783551826 1
1783551827 1
1783551828 1
1783551829 1
1783551830 1
1783551831 1
1783551832 1
1783551833 1
1783551834 1
1783551835 1
1783551836 1
1783551837 1
1783551838 1
1783551839 1
1783551840 1
1783551841 1
1783551842 1
1783551843 1
1783551844 1
1783551846 1
1783551847 1
1783551848 1
1783551849 1
1783551850 1
1783551851 1
1783551852 1
1783551853 1
1783551854 1
1783551855 1
1783551856 1
1783551857 1
