1783541445 
1783541446 
1783541447 
1783541448 
1783541449 
1783541450 
1783541451 
1783541452 
1783541453 
1783541454 
1783541455 
1783541456 
1783541457 
1783541458 
1783541459 
1783541460 
1783541462 
1783541463 
1783541464 
1783541465 
1783541466 
1783541467 
1783541468 
1783541469 
1783541470 
1783541471 
1783541472 
1783541473 
1783541474 
1783541475 
1783541476 
1783541477 
1783541478 
1783541479 
1783541480 
1783541481 
1783541482 
1783541483 
1783541484 
1783541485 
1783541486 
1783541487 
1783541488 
1783541489 
1783541490 
1783541491 
1783541492 
1783541493 
1783541494 
1783541495 
1783541496 
1783541497 
1783541498 
1783541499 
1783541500 
1783541501 
1783541502 
1783541503 
1783541504 
1783541505 
1783541506 
1783541507 
1783541508 
1783541509 
1783541510 
1783541511 
1783541512 
1783541513 
1783541514 
1783541515 
1783541516 
1783541517 
1783541518 
1783541519 
1783541520 
1783541521 
1783541522 
1783541523 
1783541524 
1783541525 
1783541526 
1783541527 
1783541528 
1783541529 
1783541530 
1783541531 
1783541532 
1783541533 
1783541534 
1783541535 
1783541537 
1783541538 
1783541539 
1783541540 
1783541541 
1783541542 
1783541543 
1783541544 
1783541545 
1783541546 
1783541547 
1783541548 
1783541549 
1783541550 
1783541551 
1783541552 
1783541553 
1783541554 
1783541555 
1783541556 
1783541557 
1783541558 
1783541559 
1783541560 
1783541561 
1783541562 
1783541563 
1783541564 
1783541565 
1783541566 
1783541567 
1783541568 
1783541569 
1783541570 
