1783550570 Dirty: 104 Writeback: 0 
1783550571 Dirty: 164 Writeback: 0 
1783550572 Dirty: 240 Writeback: 0 
1783550573 Dirty: 112 Writeback: 0 
1783550574 Dirty: 172 Writeback: 0 
1783550575 Dirty: 124 Writeback: 0 
1783550576 Dirty: 152 Writeback: 0 
1783550577 Dirty: 108 Writeback: 0 
1783550578 Dirty: 128 Writeback: 0 
1783550579 Dirty: 120 Writeback: 0 
1783550580 Dirty: 136 Writeback: 0 
1783550581 Dirty: 116 Writeback: 0 
1783550582 Dirty: 140 Writeback: 0 
1783550583 Dirty: 116 Writeback: 0 
1783550584 Dirty: 136 Writeback: 0 
1783550585 Dirty: 140 Writeback: 0 
1783550586 Dirty: 140 Writeback: 0 
1783550587 Dirty: 144 Writeback: 0 
1783550588 Dirty: 104 Writeback: 0 
1783550589 Dirty: 132 Writeback: 0 
1783550590 Dirty: 132 Writeback: 0 
1783550591 Dirty: 136 Writeback: 0 
1783550592 Dirty: 136 Writeback: 0 
1783550593 Dirty: 104 Writeback: 0 
1783550594 Dirty: 256 Writeback: 0 
1783550595 Dirty: 260 Writeback: 0 
1783550597 Dirty: 260 Writeback: 0 
1783550598 Dirty: 268 Writeback: 0 
1783550599 Dirty: 104 Writeback: 0 
1783550600 Dirty: 132 Writeback: 0 
1783550601 Dirty: 144 Writeback: 0 
1783550602 Dirty: 144 Writeback: 0 
1783550603 Dirty: 152 Writeback: 0 
1783550604 Dirty: 108 Writeback: 0 
1783550605 Dirty: 148 Writeback: 0 
1783550606 Dirty: 148 Writeback: 0 
1783550607 Dirty: 156 Writeback: 0 
1783550608 Dirty: 256 Writeback: 0 
1783550609 Dirty: 328 Writeback: 0 
1783550610 Dirty: 156 Writeback: 0 
1783550611 Dirty: 140 Writeback: 0 
1783550612 Dirty: 80 Writeback: 0 
1783550613 Dirty: 136 Writeback: 0 
1783550614 Dirty: 168 Writeback: 0 
1783550615 Dirty: 152 Writeback: 0 
1783550616 Dirty: 168 Writeback: 8 
1783550617 Dirty: 144 Writeback: 0 
1783550618 Dirty: 96 Writeback: 0 
1783550619 Dirty: 144 Writeback: 0 
1783550620 Dirty: 92 Writeback: 0 
1783550621 Dirty: 132 Writeback: 0 
1783550622 Dirty: 136 Writeback: 0 
1783550623 Dirty: 140 Writeback: 0 
1783550624 Dirty: 144 Writeback: 0 
1783550625 Dirty: 92 Writeback: 0 
1783550626 Dirty: 156 Writeback: 0 
1783550627 Dirty: 160 Writeback: 0 
1783550628 Dirty: 164 Writeback: 0 
1783550629 Dirty: 164 Writeback: 0 
1783550630 Dirty: 132 Writeback: 0 
1783550631 Dirty: 136 Writeback: 0 
1783550632 Dirty: 144 Writeback: 0 
1783550633 Dirty: 156 Writeback: 0 
1783550634 Dirty: 164 Writeback: 0 
1783550635 Dirty: 108 Writeback: 20 
1783550636 Dirty: 140 Writeback: 0 
1783550637 Dirty: 144 Writeback: 0 
1783550638 Dirty: 148 Writeback: 0 
1783550639 Dirty: 148 Writeback: 0 
1783550640 Dirty: 124 Writeback: 0 
1783550641 Dirty: 124 Writeback: 0 
1783550642 Dirty: 148 Writeback: 0 
1783550643 Dirty: 148 Writeback: 0 
1783550644 Dirty: 152 Writeback: 0 
1783550645 Dirty: 192 Writeback: 0 
