1783546888 Dirty: 20 Writeback: 0 
1783546889 Dirty: 8587276 Writeback: 327680 
1783546890 Dirty: 10013468 Writeback: 431360 
1783546891 Dirty: 10158880 Writeback: 493824 
1783546892 Dirty: 10046244 Writeback: 729088 
1783546893 Dirty: 10111304 Writeback: 729088 
1783546894 Dirty: 10155336 Writeback: 733184 
1783546895 Dirty: 10186496 Writeback: 733184 
1783546896 Dirty: 10217752 Writeback: 733184 
1783546897 Dirty: 10236184 Writeback: 733184 
1783546898 Dirty: 10267432 Writeback: 733184 
1783546899 Dirty: 10285864 Writeback: 733184 
1783546900 Dirty: 10337068 Writeback: 700416 
1783546901 Dirty: 10329344 Writeback: 733184 
1783546902 Dirty: 10343708 Writeback: 733184 
1783546903 Dirty: 10359592 Writeback: 733184 
1783546904 Dirty: 10378032 Writeback: 733184 
1783546905 Dirty: 8363824 Writeback: 1782016 
1783546906 Dirty: 7849728 Writeback: 514048 
1783546907 Dirty: 6259220 Writeback: 1500160 
1783546908 Dirty: 4165408 Writeback: 1044992 
1783546909 Dirty: 3116832 Writeback: 1044992 
1783546910 Dirty: 2068264 Writeback: 1044992 
1783546911 Dirty: 40 Writeback: 1016320 
