1783541318 Dirty: 84 Writeback: 0 
1783541319 Dirty: 228 Writeback: 0 
1783541320 Dirty: 244 Writeback: 0 
1783541321 Dirty: 248 Writeback: 0 
1783541322 Dirty: 64 Writeback: 0 
1783541323 Dirty: 64 Writeback: 0 
1783541324 Dirty: 228 Writeback: 0 
1783541325 Dirty: 228 Writeback: 0 
1783541326 Dirty: 228 Writeback: 0 
1783541327 Dirty: 240 Writeback: 0 
1783541328 Dirty: 244 Writeback: 0 
1783541329 Dirty: 224 Writeback: 0 
1783541330 Dirty: 232 Writeback: 0 
1783541331 Dirty: 240 Writeback: 0 
1783541332 Dirty: 32 Writeback: 0 
1783541333 Dirty: 48 Writeback: 0 
1783541334 Dirty: 76 Writeback: 0 
1783541335 Dirty: 40 Writeback: 0 
1783541336 Dirty: 68 Writeback: 0 
1783541337 Dirty: 68 Writeback: 0 
1783541338 Dirty: 68 Writeback: 0 
1783541339 Dirty: 56 Writeback: 0 
1783541340 Dirty: 56 Writeback: 0 
1783541341 Dirty: 32 Writeback: 0 
1783541342 Dirty: 44 Writeback: 0 
1783541343 Dirty: 52 Writeback: 0 
1783541344 Dirty: 48 Writeback: 0 
1783541345 Dirty: 48 Writeback: 0 
1783541346 Dirty: 48 Writeback: 0 
1783541347 Dirty: 32 Writeback: 0 
1783541348 Dirty: 40 Writeback: 0 
1783541349 Dirty: 24 Writeback: 0 
1783541350 Dirty: 32 Writeback: 0 
1783541351 Dirty: 36 Writeback: 0 
1783541352 Dirty: 36 Writeback: 0 
1783541353 Dirty: 64 Writeback: 0 
1783541354 Dirty: 64 Writeback: 0 
1783541355 Dirty: 68 Writeback: 0 
1783541356 Dirty: 68 Writeback: 0 
1783541357 Dirty: 76 Writeback: 0 
1783541358 Dirty: 84 Writeback: 0 
1783541359 Dirty: 24 Writeback: 0 
1783541360 Dirty: 24 Writeback: 0 
1783541361 Dirty: 28 Writeback: 0 
1783541362 Dirty: 32 Writeback: 0 
1783541363 Dirty: 12 Writeback: 0 
1783541364 Dirty: 52 Writeback: 0 
1783541365 Dirty: 64 Writeback: 0 
1783541366 Dirty: 64 Writeback: 0 
1783541367 Dirty: 60 Writeback: 0 
1783541368 Dirty: 0 Writeback: 0 
1783541369 Dirty: 36 Writeback: 0 
1783541370 Dirty: 40 Writeback: 0 
1783541371 Dirty: 44 Writeback: 0 
1783541372 Dirty: 44 Writeback: 0 
1783541373 Dirty: 48 Writeback: 0 
1783541374 Dirty: 16 Writeback: 0 
1783541375 Dirty: 24 Writeback: 0 
1783541376 Dirty: 24 Writeback: 0 
1783541377 Dirty: 28 Writeback: 0 
1783541378 Dirty: 64 Writeback: 0 
1783541379 Dirty: 44 Writeback: 0 
1783541380 Dirty: 228 Writeback: 0 
1783541381 Dirty: 232 Writeback: 0 
1783541382 Dirty: 232 Writeback: 0 
1783541383 Dirty: 240 Writeback: 0 
1783541384 Dirty: 208 Writeback: 0 
1783541385 Dirty: 224 Writeback: 0 
1783541386 Dirty: 40 Writeback: 0 
1783541387 Dirty: 44 Writeback: 0 
1783541388 Dirty: 68 Writeback: 0 
1783541389 Dirty: 68 Writeback: 0 
1783541390 Dirty: 180 Writeback: 0 
1783541391 Dirty: 40 Writeback: 0 
1783541392 Dirty: 40 Writeback: 0 
1783541393 Dirty: 68 Writeback: 0 
1783541394 Dirty: 72 Writeback: 0 
1783541395 Dirty: 48 Writeback: 0 
1783541396 Dirty: 24 Writeback: 0 
1783541397 Dirty: 44 Writeback: 0 
1783541398 Dirty: 48 Writeback: 0 
1783541399 Dirty: 80 Writeback: 0 
1783541400 Dirty: 64 Writeback: 0 
1783541401 Dirty: 68 Writeback: 0 
1783541402 Dirty: 84 Writeback: 0 
1783541403 Dirty: 56 Writeback: 0 
1783541404 Dirty: 24 Writeback: 0 
1783541405 Dirty: 32 Writeback: 0 
1783541406 Dirty: 32 Writeback: 0 
1783541407 Dirty: 0 Writeback: 0 
1783541408 Dirty: 44 Writeback: 0 
1783541409 Dirty: 52 Writeback: 0 
1783541410 Dirty: 52 Writeback: 0 
1783541411 Dirty: 64 Writeback: 0 
1783541412 Dirty: 68 Writeback: 0 
1783541413 Dirty: 40 Writeback: 0 
1783541414 Dirty: 24 Writeback: 0 
1783541415 Dirty: 24 Writeback: 0 
1783541416 Dirty: 24 Writeback: 0 
1783541417 Dirty: 28 Writeback: 0 
1783541418 Dirty: 36 Writeback: 0 
1783541419 Dirty: 16 Writeback: 0 
1783541420 Dirty: 32 Writeback: 0 
1783541421 Dirty: 32 Writeback: 0 
1783541422 Dirty: 36 Writeback: 0 
1783541423 Dirty: 60 Writeback: 0 
1783541424 Dirty: 40 Writeback: 0 
1783541425 Dirty: 24 Writeback: 0 
1783541426 Dirty: 32 Writeback: 0 
1783541427 Dirty: 32 Writeback: 0 
1783541428 Dirty: 56 Writeback: 0 
1783541429 Dirty: 20 Writeback: 0 
1783541430 Dirty: 44 Writeback: 0 
1783541431 Dirty: 48 Writeback: 0 
1783541432 Dirty: 48 Writeback: 0 
1783541433 Dirty: 48 Writeback: 0 
1783541434 Dirty: 60 Writeback: 0 
1783541435 Dirty: 12 Writeback: 0 
1783541436 Dirty: 32 Writeback: 0 
1783541437 Dirty: 208 Writeback: 0 
1783541438 Dirty: 272 Writeback: 0 
1783541439 Dirty: 276 Writeback: 0 
1783541440 Dirty: 280 Writeback: 0 
1783541441 Dirty: 64 Writeback: 0 
1783541442 Dirty: 68 Writeback: 0 
