1783540936 Dirty: 272 Writeback: 0 
1783540937 Dirty: 300 Writeback: 0 
1783540938 Dirty: 300 Writeback: 0 
1783540939 Dirty: 304 Writeback: 0 
1783540940 Dirty: 76 Writeback: 0 
1783540941 Dirty: 104 Writeback: 0 
1783540942 Dirty: 76 Writeback: 0 
1783540943 Dirty: 84 Writeback: 0 
1783540944 Dirty: 88 Writeback: 0 
1783540945 Dirty: 252 Writeback: 0 
1783540946 Dirty: 228 Writeback: 0 
1783540947 Dirty: 284 Writeback: 0 
1783540948 Dirty: 272 Writeback: 0 
1783540949 Dirty: 284 Writeback: 0 
1783540950 Dirty: 48 Writeback: 0 
1783540951 Dirty: 48 Writeback: 0 
1783540952 Dirty: 48 Writeback: 0 
1783540953 Dirty: 48 Writeback: 0 
1783540954 Dirty: 48 Writeback: 0 
1783540955 Dirty: 40 Writeback: 0 
1783540956 Dirty: 52 Writeback: 0 
1783540957 Dirty: 60 Writeback: 0 
1783540958 Dirty: 44 Writeback: 0 
1783540959 Dirty: 44 Writeback: 0 
1783540960 Dirty: 20 Writeback: 0 
1783540961 Dirty: 24 Writeback: 0 
1783540962 Dirty: 44 Writeback: 0 
1783540963 Dirty: 44 Writeback: 0 
1783540964 Dirty: 48 Writeback: 0 
1783540965 Dirty: 20 Writeback: 0 
1783540966 Dirty: 36 Writeback: 0 
1783540967 Dirty: 24 Writeback: 0 
1783540968 Dirty: 32 Writeback: 0 
1783540969 Dirty: 36 Writeback: 0 
1783540970 Dirty: 204 Writeback: 0 
1783540971 Dirty: 228 Writeback: 0 
1783540972 Dirty: 232 Writeback: 0 
1783540973 Dirty: 232 Writeback: 0 
1783540974 Dirty: 240 Writeback: 0 
1783540975 Dirty: 248 Writeback: 0 
1783540976 Dirty: 72 Writeback: 0 
1783540977 Dirty: 76 Writeback: 0 
1783540978 Dirty: 40 Writeback: 0 
1783540979 Dirty: 40 Writeback: 0 
1783540980 Dirty: 40 Writeback: 0 
1783540981 Dirty: 44 Writeback: 0 
1783540982 Dirty: 52 Writeback: 0 
1783540983 Dirty: 52 Writeback: 0 
1783540984 Dirty: 56 Writeback: 0 
1783540985 Dirty: 56 Writeback: 0 
1783540986 Dirty: 40 Writeback: 0 
1783540987 Dirty: 24 Writeback: 0 
1783540988 Dirty: 32 Writeback: 0 
1783540989 Dirty: 32 Writeback: 0 
1783540990 Dirty: 36 Writeback: 0 
1783540991 Dirty: 40 Writeback: 0 
1783540992 Dirty: 24 Writeback: 0 
1783540993 Dirty: 28 Writeback: 0 
1783540994 Dirty: 32 Writeback: 0 
1783540995 Dirty: 36 Writeback: 0 
1783540996 Dirty: 64 Writeback: 0 
1783540997 Dirty: 64 Writeback: 0 
1783540998 Dirty: 24 Writeback: 0 
1783540999 Dirty: 176 Writeback: 0 
1783541000 Dirty: 176 Writeback: 0 
1783541001 Dirty: 208 Writeback: 0 
1783541002 Dirty: 180 Writeback: 0 
1783541003 Dirty: 196 Writeback: 0 
1783541004 Dirty: 52 Writeback: 0 
1783541005 Dirty: 68 Writeback: 0 
1783541006 Dirty: 72 Writeback: 0 
1783541007 Dirty: 80 Writeback: 0 
1783541008 Dirty: 20 Writeback: 0 
1783541009 Dirty: 24 Writeback: 0 
1783541010 Dirty: 48 Writeback: 0 
1783541011 Dirty: 48 Writeback: 0 
1783541012 Dirty: 48 Writeback: 0 
1783541013 Dirty: 204 Writeback: 0 
1783541014 Dirty: 196 Writeback: 0 
1783541015 Dirty: 200 Writeback: 0 
1783541016 Dirty: 204 Writeback: 0 
1783541017 Dirty: 192 Writeback: 0 
1783541018 Dirty: 52 Writeback: 4 
1783541019 Dirty: 48 Writeback: 0 
1783541020 Dirty: 28 Writeback: 0 
1783541021 Dirty: 32 Writeback: 0 
1783541022 Dirty: 32 Writeback: 0 
1783541023 Dirty: 60 Writeback: 0 
1783541024 Dirty: 68 Writeback: 0 
1783541025 Dirty: 68 Writeback: 0 
1783541026 Dirty: 80 Writeback: 0 
1783541027 Dirty: 32 Writeback: 0 
1783541028 Dirty: 36 Writeback: 0 
1783541029 Dirty: 28 Writeback: 0 
1783541030 Dirty: 28 Writeback: 0 
1783541031 Dirty: 48 Writeback: 0 
1783541032 Dirty: 52 Writeback: 0 
1783541033 Dirty: 52 Writeback: 0 
1783541034 Dirty: 52 Writeback: 0 
1783541035 Dirty: 64 Writeback: 0 
1783541036 Dirty: 44 Writeback: 0 
1783541037 Dirty: 24 Writeback: 0 
1783541038 Dirty: 24 Writeback: 0 
1783541039 Dirty: 24 Writeback: 0 
1783541040 Dirty: 28 Writeback: 0 
1783541041 Dirty: 24 Writeback: 0 
1783541042 Dirty: 44 Writeback: 0 
1783541043 Dirty: 48 Writeback: 0 
1783541044 Dirty: 52 Writeback: 0 
1783541045 Dirty: 56 Writeback: 0 
1783541046 Dirty: 60 Writeback: 0 
1783541047 Dirty: 24 Writeback: 0 
1783541048 Dirty: 28 Writeback: 0 
1783541049 Dirty: 28 Writeback: 0 
1783541050 Dirty: 32 Writeback: 0 
1783541051 Dirty: 36 Writeback: 0 
1783541052 Dirty: 16 Writeback: 0 
1783541053 Dirty: 28 Writeback: 0 
1783541054 Dirty: 36 Writeback: 0 
1783541055 Dirty: 36 Writeback: 0 
1783541056 Dirty: 44 Writeback: 0 
1783541057 Dirty: 40 Writeback: 0 
1783541058 Dirty: 4 Writeback: 0 
1783541059 Dirty: 24 Writeback: 0 
1783541060 Dirty: 28 Writeback: 0 
