1783542082 
1783542083 
1783542084 
1783542085 
1783542086 
1783542087 
1783542088 
1783542089 
1783542090 
1783542091 
1783542092 
1783542093 
1783542094 
1783542095 
1783542096 
1783542097 
1783542098 
1783542099 
1783542100 
1783542101 
1783542102 
1783542103 
1783542104 
1783542106 
1783542107 
1783542108 
1783542109 
1783542110 
1783542111 
1783542112 
1783542113 
1783542114 
1783542115 
1783542116 
1783542117 
1783542118 
1783542119 
1783542120 
1783542121 
1783542122 
1783542123 
1783542124 
1783542125 
1783542126 
1783542127 
1783542128 
1783542129 
1783542130 
1783542131 
1783542132 
1783542133 
1783542134 
1783542135 
1783542136 
1783542137 
1783542138 
1783542139 
1783542140 
1783542141 
1783542142 
1783542143 
1783542144 
1783542145 
1783542146 
1783542147 
1783542148 
1783542149 
1783542150 
1783542151 
1783542152 
1783542153 
1783542155 
1783542156 
1783542157 
1783542158 
1783542159 
1783542160 
1783542161 
1783542162 
1783542163 
1783542164 
1783542165 
1783542166 
1783542167 
1783542168 
1783542169 
1783542170 
1783542171 
1783542172 
1783542173 
1783542174 
1783542175 
1783542176 
1783542177 
1783542178 
1783542179 
1783542180 
1783542181 
1783542182 
1783542183 
1783542184 
1783542185 
1783542186 
1783542187 
1783542188 
1783542189 
1783542190 
1783542191 
1783542192 
1783542193 
1783542194 
1783542195 
1783542196 
1783542197 
1783542198 
1783542199 
1783542200 
1783542201 
1783542202 
1783542204 
1783542205 
1783542206 
1783542207 
