1783542082 Dirty: 76 Writeback: 0 
1783542083 Dirty: 112 Writeback: 0 
1783542084 Dirty: 112 Writeback: 0 
1783542085 Dirty: 116 Writeback: 0 
1783542086 Dirty: 64 Writeback: 0 
1783542087 Dirty: 88 Writeback: 0 
1783542088 Dirty: 44 Writeback: 0 
1783542089 Dirty: 64 Writeback: 0 
1783542090 Dirty: 68 Writeback: 0 
1783542091 Dirty: 32 Writeback: 0 
1783542092 Dirty: 32 Writeback: 0 
1783542093 Dirty: 48 Writeback: 0 
1783542094 Dirty: 48 Writeback: 0 
1783542095 Dirty: 48 Writeback: 0 
1783542096 Dirty: 52 Writeback: 0 
1783542097 Dirty: 60 Writeback: 0 
1783542098 Dirty: 40 Writeback: 0 
1783542099 Dirty: 20 Writeback: 0 
1783542100 Dirty: 28 Writeback: 0 
1783542101 Dirty: 32 Writeback: 0 
1783542102 Dirty: 36 Writeback: 0 
1783542103 Dirty: 52 Writeback: 0 
1783542104 Dirty: 16 Writeback: 0 
1783542105 Dirty: 32 Writeback: 0 
1783542106 Dirty: 44 Writeback: 0 
1783542107 Dirty: 44 Writeback: 0 
1783542108 Dirty: 36 Writeback: 0 
1783542109 Dirty: 40 Writeback: 0 
1783542110 Dirty: 16 Writeback: 0 
1783542111 Dirty: 24 Writeback: 0 
1783542112 Dirty: 28 Writeback: 0 
1783542113 Dirty: 64 Writeback: 0 
1783542114 Dirty: 64 Writeback: 0 
1783542115 Dirty: 76 Writeback: 0 
1783542116 Dirty: 48 Writeback: 0 
1783542117 Dirty: 60 Writeback: 0 
1783542118 Dirty: 28 Writeback: 0 
1783542119 Dirty: 32 Writeback: 0 
1783542120 Dirty: 32 Writeback: 0 
1783542121 Dirty: 20 Writeback: 0 
1783542122 Dirty: 32 Writeback: 0 
1783542123 Dirty: 48 Writeback: 0 
1783542124 Dirty: 52 Writeback: 0 
1783542125 Dirty: 56 Writeback: 0 
1783542126 Dirty: 24 Writeback: 0 
1783542127 Dirty: 40 Writeback: 0 
1783542128 Dirty: 32 Writeback: 0 
1783542129 Dirty: 32 Writeback: 0 
1783542130 Dirty: 36 Writeback: 0 
1783542131 Dirty: 20 Writeback: 0 
1783542132 Dirty: 24 Writeback: 0 
1783542133 Dirty: 60 Writeback: 0 
1783542134 Dirty: 64 Writeback: 0 
1783542135 Dirty: 68 Writeback: 0 
1783542136 Dirty: 48 Writeback: 0 
1783542137 Dirty: 60 Writeback: 0 
1783542138 Dirty: 28 Writeback: 0 
1783542139 Dirty: 32 Writeback: 0 
1783542140 Dirty: 36 Writeback: 0 
1783542141 Dirty: 0 Writeback: 16 
1783542142 Dirty: 28 Writeback: 0 
1783542143 Dirty: 52 Writeback: 0 
1783542144 Dirty: 52 Writeback: 0 
1783542145 Dirty: 56 Writeback: 0 
1783542146 Dirty: 60 Writeback: 0 
1783542147 Dirty: 52 Writeback: 0 
1783542148 Dirty: 24 Writeback: 0 
1783542149 Dirty: 32 Writeback: 0 
1783542150 Dirty: 36 Writeback: 0 
1783542151 Dirty: 36 Writeback: 0 
1783542152 Dirty: 20 Writeback: 0 
1783542153 Dirty: 60 Writeback: 0 
1783542154 Dirty: 60 Writeback: 0 
1783542155 Dirty: 64 Writeback: 0 
1783542156 Dirty: 72 Writeback: 0 
1783542157 Dirty: 48 Writeback: 0 
1783542158 Dirty: 24 Writeback: 0 
1783542159 Dirty: 28 Writeback: 0 
1783542160 Dirty: 28 Writeback: 0 
1783542161 Dirty: 32 Writeback: 0 
1783542162 Dirty: 16 Writeback: 0 
1783542163 Dirty: 44 Writeback: 0 
1783542164 Dirty: 48 Writeback: 0 
1783542165 Dirty: 52 Writeback: 0 
1783542166 Dirty: 56 Writeback: 0 
1783542167 Dirty: 24 Writeback: 0 
1783542168 Dirty: 24 Writeback: 0 
1783542169 Dirty: 28 Writeback: 0 
1783542170 Dirty: 32 Writeback: 0 
1783542171 Dirty: 36 Writeback: 0 
1783542172 Dirty: 40 Writeback: 0 
1783542173 Dirty: 24 Writeback: 0 
1783542174 Dirty: 32 Writeback: 0 
1783542175 Dirty: 36 Writeback: 0 
1783542176 Dirty: 36 Writeback: 0 
1783542177 Dirty: 40 Writeback: 0 
1783542178 Dirty: 16 Writeback: 0 
1783542179 Dirty: 28 Writeback: 0 
1783542180 Dirty: 32 Writeback: 0 
1783542181 Dirty: 36 Writeback: 0 
1783542182 Dirty: 36 Writeback: 0 
1783542183 Dirty: 20 Writeback: 0 
1783542184 Dirty: 48 Writeback: 0 
1783542185 Dirty: 48 Writeback: 0 
1783542186 Dirty: 52 Writeback: 0 
1783542187 Dirty: 56 Writeback: 0 
1783542188 Dirty: 36 Writeback: 0 
1783542189 Dirty: 20 Writeback: 0 
1783542190 Dirty: 28 Writeback: 0 
1783542191 Dirty: 28 Writeback: 0 
1783542192 Dirty: 36 Writeback: 0 
1783542193 Dirty: 72 Writeback: 0 
1783542194 Dirty: 72 Writeback: 0 
1783542195 Dirty: 52 Writeback: 0 
1783542196 Dirty: 60 Writeback: 0 
1783542197 Dirty: 60 Writeback: 0 
1783542198 Dirty: 36 Writeback: 0 
1783542199 Dirty: 44 Writeback: 0 
1783542200 Dirty: 4 Writeback: 0 
1783542201 Dirty: 24 Writeback: 0 
1783542202 Dirty: 28 Writeback: 0 
1783542203 Dirty: 60 Writeback: 0 
1783542204 Dirty: 64 Writeback: 0 
1783542205 Dirty: 32 Writeback: 0 
1783542206 Dirty: 56 Writeback: 0 
