1783541191 
1783541192 
1783541193 
1783541194 
1783541195 
1783541196 
1783541197 
1783541198 
1783541199 
1783541200 
1783541201 
1783541202 
1783541203 
1783541204 
1783541205 
1783541206 
1783541207 
1783541208 
1783541209 
1783541210 
1783541211 
1783541212 
1783541213 
1783541214 
1783541215 
1783541216 
1783541217 
1783541218 
1783541219 
1783541220 
1783541221 
1783541222 
1783541223 
1783541224 
1783541225 
1783541226 
1783541227 
1783541228 
1783541229 
1783541230 
1783541231 
1783541232 
1783541233 
1783541234 
1783541235 
1783541236 
1783541237 
1783541238 
1783541239 
1783541240 
1783541241 
1783541242 
1783541243 
1783541244 
1783541245 
1783541246 
1783541247 
1783541248 
1783541249 
1783541250 
1783541251 
1783541252 
1783541253 
1783541254 
1783541255 
1783541256 
1783541258 
1783541259 
1783541260 
1783541261 
1783541262 
1783541263 
1783541264 
1783541265 
1783541266 
1783541267 
1783541268 
1783541269 
1783541270 
1783541271 
1783541272 
1783541273 
1783541274 
1783541275 
1783541276 
1783541277 
1783541278 
1783541279 
1783541280 
1783541281 
1783541282 
1783541283 
1783541284 
1783541285 
1783541286 
1783541287 
1783541288 
1783541289 
1783541290 
1783541291 
1783541292 
1783541293 
1783541294 
1783541295 
1783541296 
1783541297 
1783541298 
1783541299 
1783541300 
1783541301 
1783541302 
1783541303 
1783541304 
1783541305 
1783541306 
1783541307 
1783541308 
1783541309 
1783541310 
1783541311 
1783541312 
1783541313 
1783541314 
1783541315 
