1783541191 Dirty: 84 Writeback: 0 
1783541192 Dirty: 120 Writeback: 0 
1783541193 Dirty: 120 Writeback: 0 
1783541194 Dirty: 120 Writeback: 0 
1783541195 Dirty: 136 Writeback: 0 
1783541196 Dirty: 84 Writeback: 0 
1783541197 Dirty: 36 Writeback: 0 
1783541198 Dirty: 64 Writeback: 0 
1783541199 Dirty: 232 Writeback: 0 
1783541200 Dirty: 236 Writeback: 0 
1783541201 Dirty: 256 Writeback: 0 
1783541202 Dirty: 276 Writeback: 0 
1783541203 Dirty: 352 Writeback: 0 
1783541204 Dirty: 344 Writeback: 0 
1783541205 Dirty: 300 Writeback: 0 
1783541206 Dirty: 308 Writeback: 0 
1783541207 Dirty: 320 Writeback: 0 
1783541208 Dirty: 312 Writeback: 0 
1783541209 Dirty: 312 Writeback: 0 
1783541210 Dirty: 332 Writeback: 0 
1783541211 Dirty: 340 Writeback: 0 
1783541212 Dirty: 320 Writeback: 0 
1783541213 Dirty: 300 Writeback: 0 
1783541214 Dirty: 316 Writeback: 0 
1783541215 Dirty: 316 Writeback: 0 
1783541216 Dirty: 328 Writeback: 0 
1783541217 Dirty: 336 Writeback: 0 
1783541218 Dirty: 336 Writeback: 0 
1783541219 Dirty: 308 Writeback: 0 
1783541220 Dirty: 308 Writeback: 0 
1783541221 Dirty: 328 Writeback: 0 
1783541222 Dirty: 296 Writeback: 0 
1783541223 Dirty: 320 Writeback: 0 
1783541224 Dirty: 320 Writeback: 0 
1783541225 Dirty: 312 Writeback: 0 
1783541226 Dirty: 272 Writeback: 0 
1783541227 Dirty: 308 Writeback: 0 
1783541228 Dirty: 308 Writeback: 0 
1783541229 Dirty: 320 Writeback: 0 
1783541230 Dirty: 296 Writeback: 0 
1783541231 Dirty: 56 Writeback: 0 
1783541232 Dirty: 64 Writeback: 0 
1783541233 Dirty: 28 Writeback: 0 
1783541234 Dirty: 28 Writeback: 0 
1783541235 Dirty: 28 Writeback: 0 
1783541236 Dirty: 36 Writeback: 0 
1783541237 Dirty: 40 Writeback: 0 
1783541238 Dirty: 56 Writeback: 0 
1783541239 Dirty: 56 Writeback: 0 
1783541240 Dirty: 60 Writeback: 0 
1783541241 Dirty: 28 Writeback: 0 
1783541242 Dirty: 4 Writeback: 0 
1783541243 Dirty: 28 Writeback: 0 
1783541244 Dirty: 28 Writeback: 0 
1783541245 Dirty: 28 Writeback: 0 
1783541246 Dirty: 28 Writeback: 0 
1783541247 Dirty: 52 Writeback: 0 
1783541248 Dirty: 52 Writeback: 0 
1783541249 Dirty: 56 Writeback: 0 
1783541250 Dirty: 60 Writeback: 0 
1783541251 Dirty: 64 Writeback: 0 
1783541252 Dirty: 16 Writeback: 0 
1783541253 Dirty: 24 Writeback: 0 
1783541254 Dirty: 24 Writeback: 0 
1783541255 Dirty: 28 Writeback: 0 
1783541256 Dirty: 28 Writeback: 0 
1783541257 Dirty: 52 Writeback: 0 
1783541258 Dirty: 56 Writeback: 0 
1783541259 Dirty: 60 Writeback: 0 
1783541260 Dirty: 60 Writeback: 0 
1783541261 Dirty: 64 Writeback: 0 
1783541262 Dirty: 8 Writeback: 0 
1783541263 Dirty: 20 Writeback: 0 
1783541264 Dirty: 180 Writeback: 0 
1783541265 Dirty: 192 Writeback: 0 
1783541266 Dirty: 220 Writeback: 0 
1783541267 Dirty: 220 Writeback: 0 
1783541268 Dirty: 228 Writeback: 0 
1783541269 Dirty: 52 Writeback: 4 
1783541270 Dirty: 68 Writeback: 0 
1783541271 Dirty: 72 Writeback: 0 
1783541272 Dirty: 72 Writeback: 0 
1783541273 Dirty: 36 Writeback: 0 
1783541274 Dirty: 36 Writeback: 0 
1783541275 Dirty: 40 Writeback: 0 
1783541276 Dirty: 40 Writeback: 0 
1783541277 Dirty: 76 Writeback: 0 
1783541278 Dirty: 48 Writeback: 0 
1783541279 Dirty: 72 Writeback: 0 
1783541280 Dirty: 72 Writeback: 0 
1783541281 Dirty: 72 Writeback: 0 
1783541282 Dirty: 44 Writeback: 0 
1783541283 Dirty: 52 Writeback: 0 
1783541284 Dirty: 24 Writeback: 0 
1783541285 Dirty: 44 Writeback: 0 
1783541286 Dirty: 28 Writeback: 0 
1783541287 Dirty: 56 Writeback: 0 
1783541288 Dirty: 56 Writeback: 0 
1783541289 Dirty: 28 Writeback: 0 
1783541290 Dirty: 44 Writeback: 0 
1783541291 Dirty: 60 Writeback: 0 
1783541292 Dirty: 64 Writeback: 0 
1783541293 Dirty: 32 Writeback: 0 
1783541294 Dirty: 32 Writeback: 0 
1783541295 Dirty: 8 Writeback: 0 
1783541296 Dirty: 52 Writeback: 0 
1783541297 Dirty: 52 Writeback: 0 
1783541298 Dirty: 52 Writeback: 0 
1783541299 Dirty: 60 Writeback: 0 
1783541300 Dirty: 64 Writeback: 0 
1783541301 Dirty: 40 Writeback: 0 
1783541302 Dirty: 44 Writeback: 0 
1783541303 Dirty: 24 Writeback: 0 
1783541304 Dirty: 28 Writeback: 0 
1783541305 Dirty: 32 Writeback: 0 
1783541306 Dirty: 8 Writeback: 0 
1783541307 Dirty: 48 Writeback: 0 
1783541308 Dirty: 52 Writeback: 0 
1783541309 Dirty: 52 Writeback: 0 
1783541310 Dirty: 52 Writeback: 0 
1783541311 Dirty: 28 Writeback: 0 
1783541312 Dirty: 40 Writeback: 0 
1783541313 Dirty: 28 Writeback: 0 
1783541314 Dirty: 28 Writeback: 0 
1783541315 Dirty: 32 Writeback: 0 
