1783551997 0
1783551998 0
1783551999 0
1783552000 1
1783552001 1
1783552002 1
1783552003 1
1783552004 1
1783552005 1
1783552006 1
1783552007 1
1783552008 1
1783552009 1
1783552010 1
1783552011 1
1783552012 1
1783552014 1
1783552015 1
1783552016 1
1783552017 1
1783552018 1
1783552019 1
1783552020 1
1783552021 1
1783552022 1
1783552023 1
1783552024 1
1783552025 1
1783552026 1
1783552027 1
1783552028 1
1783552029 1
1783552030 1
1783552031 1
1783552032 0
1783552033 0
1783552034 0
1783552035 0
1783552036 0
1783552037 0
1783552038 0
1783552039 0
1783552040 0
1783552041 0
1783552042 0
1783552043 0
1783552044 0
1783552045 0
1783552046 0
1783552047 0
1783552048 0
1783552049 0
1783552050 0
1783552051 0
1783552052 0
1783552053 0
1783552054 0
1783552055 0
1783552056 0
1783552057 0
1783552058 0
1783552059 0
1783552060 0
1783552061 0
1783552062 0
1783552063 0
