1783547131 
1783547132       1 2 
1783547133       1 2 
1783547134       1 2 
1783547135       1 2 
1783547136       1 2 
1783547137       1 2 
1783547138       1 2 
1783547139       1 2 
1783547140       1 2 
1783547141       1 2 
1783547142       1 2 
1783547143       1 2 
1783547144       1 2 
1783547145       1 2 
1783547146       1 2 
1783547147       1 2 
1783547148       1 2 
1783547149       1 2 
1783547150       1 2 
1783547151       1 2 
1783547152       1 2 
1783547153       1 2 
1783547154       1 2 
1783547155       1 2 
