1783553620 
1783553621 
1783553622 
1783553623       1 2 
1783553624       1 2 
1783553625       1 2 
1783553626       1 2 
1783553627       1 2 
1783553628       1 2 
1783553629       1 2 
1783553630       1 2 
1783553631       1 2 
1783553632       1 2 
1783553633       1 2 
1783553634       1 2 
1783553635       1 2 
1783553636       1 2 
1783553637       1 2 
1783553638       1 2 
1783553639       1 2 
1783553640       1 2 
1783553641       1 2 
1783553642       1 2 
1783553643       1 2 
1783553644       1 2 
1783553645       1 2 
1783553646       1 2 
1783553647       1 2 
1783553648       1 2 
1783553649       1 2 
1783553651       1 2 
1783553652       1 2 
1783553653       1 2 
1783553654       1 2 
1783553655 
1783553656       1 2 
1783553657       1 2 
1783553658       1 2 
1783553659       1 2 
1783553660       1 2 
1783553661       1 2 
1783553662       1 2 
1783553663       1 2 
1783553664       1 2 
1783553665       1 2 
1783553666       1 2 
1783553667       1 2 
1783553668       1 2 
1783553669       1 2 
1783553670       1 2 
1783553671       1 2 
1783553672       1 2 
1783553673       1 2 
1783553674       1 2 
1783553675       1 2 
1783553676       1 2 
1783553677       1 2 
1783553678       1 2 
1783553679       1 2 
1783553680       1 2 
1783553681       1 2 
1783553682       1 2 
1783553683       1 2 
1783553684       1 2 
1783553685       1 2 
1783553686       1 2 
