1783553620 0
1783553621 0
1783553622 0
1783553623 1
1783553624 1
1783553625 1
1783553626 1
1783553627 1
1783553628 1
1783553629 1
1783553630 1
1783553631 1
1783553632 1
1783553633 1
1783553634 1
1783553635 1
1783553636 1
1783553637 1
1783553638 1
1783553639 1
1783553640 1
1783553641 1
1783553642 1
1783553643 1
1783553644 1
1783553645 1
1783553646 1
1783553647 1
1783553648 1
1783553650 1
1783553651 1
1783553652 1
1783553653 1
1783553654 1
1783553655 0
1783553656 1
1783553657 1
1783553658 1
1783553659 1
1783553660 1
1783553661 1
1783553662 1
1783553663 1
1783553664 1
1783553665 1
1783553666 1
1783553667 1
1783553668 1
1783553669 1
1783553670 1
1783553671 1
1783553672 1
1783553673 1
1783553674 1
1783553675 1
1783553676 1
1783553677 1
1783553678 1
1783553679 1
1783553680 1
1783553681 1
1783553682 1
1783553683 1
1783553684 1
1783553685 1
1783553686 1
