1783553620 Dirty: 88 Writeback: 0 
1783553621 Dirty: 192 Writeback: 0 
1783553622 Dirty: 136 Writeback: 0 
1783553623 Dirty: 404 Writeback: 0 
1783553624 Dirty: 160 Writeback: 0 
1783553625 Dirty: 44 Writeback: 0 
1783553626 Dirty: 136 Writeback: 0 
1783553627 Dirty: 164 Writeback: 8 
1783553628 Dirty: 124 Writeback: 0 
1783553629 Dirty: 40 Writeback: 0 
1783553630 Dirty: 124 Writeback: 0 
1783553631 Dirty: 128 Writeback: 0 
1783553632 Dirty: 136 Writeback: 0 
1783553633 Dirty: 136 Writeback: 0 
1783553634 Dirty: 124 Writeback: 4 
1783553635 Dirty: 140 Writeback: 0 
1783553636 Dirty: 140 Writeback: 0 
1783553637 Dirty: 144 Writeback: 0 
1783553638 Dirty: 144 Writeback: 0 
1783553639 Dirty: 100 Writeback: 0 
1783553640 Dirty: 124 Writeback: 0 
1783553641 Dirty: 128 Writeback: 0 
1783553642 Dirty: 136 Writeback: 0 
1783553643 Dirty: 140 Writeback: 0 
1783553644 Dirty: 104 Writeback: 0 
1783553645 Dirty: 132 Writeback: 0 
1783553646 Dirty: 132 Writeback: 0 
1783553647 Dirty: 136 Writeback: 0 
1783553648 Dirty: 140 Writeback: 0 
1783553649 Dirty: 124 Writeback: 0 
1783553650 Dirty: 132 Writeback: 0 
1783553651 Dirty: 132 Writeback: 0 
1783553652 Dirty: 140 Writeback: 0 
1783553653 Dirty: 140 Writeback: 0 
1783553654 Dirty: 24 Writeback: 0 
1783553655 Dirty: 152 Writeback: 0 
1783553656 Dirty: 152 Writeback: 0 
1783553657 Dirty: 252 Writeback: 0 
1783553658 Dirty: 136 Writeback: 0 
1783553659 Dirty: 40 Writeback: 0 
1783553660 Dirty: 108 Writeback: 0 
1783553661 Dirty: 140 Writeback: 0 
1783553662 Dirty: 136 Writeback: 0 
1783553663 Dirty: 136 Writeback: 0 
1783553664 Dirty: 144 Writeback: 0 
1783553665 Dirty: 148 Writeback: 0 
1783553666 Dirty: 116 Writeback: 0 
1783553667 Dirty: 112 Writeback: 0 
1783553668 Dirty: 144 Writeback: 0 
1783553669 Dirty: 144 Writeback: 0 
1783553670 Dirty: 148 Writeback: 0 
1783553671 Dirty: 96 Writeback: 0 
1783553672 Dirty: 92 Writeback: 0 
1783553673 Dirty: 140 Writeback: 0 
1783553674 Dirty: 148 Writeback: 0 
1783553675 Dirty: 160 Writeback: 0 
1783553676 Dirty: 112 Writeback: 0 
1783553677 Dirty: 132 Writeback: 0 
1783553678 Dirty: 136 Writeback: 0 
1783553679 Dirty: 136 Writeback: 0 
1783553680 Dirty: 148 Writeback: 0 
1783553681 Dirty: 228 Writeback: 0 
1783553682 Dirty: 124 Writeback: 0 
1783553683 Dirty: 144 Writeback: 0 
1783553684 Dirty: 148 Writeback: 0 
1783553685 Dirty: 148 Writeback: 0 
1783553686 Dirty: 152 Writeback: 0 
