1783547096 Dirty: 20 Writeback: 0 
1783547097 Dirty: 52 Writeback: 0 
1783547098 Dirty: 44 Writeback: 0 
1783547099 Dirty: 48 Writeback: 0 
1783547100 Dirty: 48 Writeback: 0 
1783547101 Dirty: 76 Writeback: 0 
1783547102 Dirty: 276 Writeback: 0 
1783547103 Dirty: 84 Writeback: 0 
1783547104 Dirty: 84 Writeback: 0 
1783547105 Dirty: 88 Writeback: 0 
1783547106 Dirty: 88 Writeback: 0 
1783547107 Dirty: 112 Writeback: 0 
1783547108 Dirty: 112 Writeback: 0 
1783547109 Dirty: 120 Writeback: 0 
1783547110 Dirty: 120 Writeback: 0 
1783547111 Dirty: 124 Writeback: 0 
1783547112 Dirty: 124 Writeback: 0 
1783547113 Dirty: 100 Writeback: 0 
1783547114 Dirty: 100 Writeback: 0 
1783547115 Dirty: 104 Writeback: 0 
1783547116 Dirty: 104 Writeback: 0 
1783547117 Dirty: 112 Writeback: 0 
1783547118 Dirty: 112 Writeback: 0 
1783547119 Dirty: 116 Writeback: 0 
1783547120 Dirty: 116 Writeback: 0 
