1783538007 
1783538008 
1783538009 
1783538010 
1783538011 
1783538012 
1783538013 
1783538014 
1783538015 
1783538016 
1783538017 
1783538018 
1783538019 
1783538020 
1783538021 
1783538022 
1783538023 
1783538024 
1783538025 
1783538026 
1783538027 
1783538028 
1783538029 
1783538030 
1783538031 
1783538032 
1783538033 
1783538034 
1783538035 
1783538036 
1783538037 
1783538038 
1783538039 
1783538040 
1783538041 
1783538042 
1783538043 
1783538044 
1783538045 
1783538046 
1783538047 
1783538048 
1783538049 
1783538050 
1783538051 
1783538052 
1783538053 
1783538054 
1783538055 
1783538056 
1783538057 
1783538058 
1783538059 
1783538060 
1783538061 
1783538063 
1783538064 
1783538065 
1783538066 
1783538067 
1783538068 
1783538069 
1783538070 
1783538071 
1783538072 
1783538073 
1783538074 
1783538075 
1783538076 
1783538077 
1783538078 
1783538079 
1783538080 
1783538081 
1783538082 
1783538083 
1783538084 
1783538085 
1783538086 
1783538087 
1783538088 
1783538089 
1783538090 
1783538091 
1783538092 
1783538093 
1783538094 
1783538095 
1783538096 
1783538097 
1783538098 
1783538099 
1783538100 
1783538101 
1783538102 
1783538103 
1783538104 
1783538105 
1783538106 
1783538107 
1783538108 
1783538109 
1783538110 
1783538111 
1783538112 
1783538113 
1783538114 
1783538115 
1783538116 
1783538117 
1783538118 
1783538119 
1783538120 
1783538121 
1783538122 
1783538123 
1783538124 
1783538125 
1783538126 
1783538127 
1783538128 
1783538129 
1783538130 
1783538131 
