1783538007 Dirty: 88 Writeback: 0 
1783538008 Dirty: 108 Writeback: 0 
1783538009 Dirty: 108 Writeback: 0 
1783538010 Dirty: 144 Writeback: 0 
1783538011 Dirty: 164 Writeback: 0 
1783538012 Dirty: 180 Writeback: 0 
1783538013 Dirty: 260 Writeback: 0 
1783538014 Dirty: 476 Writeback: 0 
1783538015 Dirty: 480 Writeback: 0 
1783538016 Dirty: 452 Writeback: 0 
1783538017 Dirty: 452 Writeback: 0 
1783538018 Dirty: 456 Writeback: 0 
1783538019 Dirty: 440 Writeback: 0 
1783538020 Dirty: 468 Writeback: 0 
1783538021 Dirty: 432 Writeback: 0 
1783538022 Dirty: 432 Writeback: 0 
1783538023 Dirty: 440 Writeback: 0 
1783538024 Dirty: 440 Writeback: 0 
1783538025 Dirty: 424 Writeback: 0 
1783538026 Dirty: 404 Writeback: 0 
1783538027 Dirty: 420 Writeback: 0 
1783538028 Dirty: 412 Writeback: 0 
1783538029 Dirty: 420 Writeback: 0 
1783538030 Dirty: 428 Writeback: 0 
1783538031 Dirty: 404 Writeback: 0 
1783538032 Dirty: 456 Writeback: 0 
1783538033 Dirty: 460 Writeback: 0 
1783538034 Dirty: 460 Writeback: 0 
1783538035 Dirty: 468 Writeback: 0 
1783538036 Dirty: 52 Writeback: 0 
1783538037 Dirty: 28 Writeback: 0 
1783538038 Dirty: 28 Writeback: 0 
1783538039 Dirty: 36 Writeback: 0 
1783538040 Dirty: 68 Writeback: 0 
1783538041 Dirty: 64 Writeback: 0 
1783538042 Dirty: 48 Writeback: 0 
1783538043 Dirty: 60 Writeback: 0 
1783538044 Dirty: 60 Writeback: 0 
1783538045 Dirty: 76 Writeback: 0 
1783538046 Dirty: 36 Writeback: 0 
1783538047 Dirty: 16 Writeback: 0 
1783538048 Dirty: 24 Writeback: 0 
1783538049 Dirty: 28 Writeback: 0 
1783538050 Dirty: 52 Writeback: 0 
1783538051 Dirty: 52 Writeback: 0 
1783538052 Dirty: 52 Writeback: 0 
1783538053 Dirty: 44 Writeback: 0 
1783538054 Dirty: 48 Writeback: 0 
1783538055 Dirty: 60 Writeback: 0 
1783538056 Dirty: 32 Writeback: 0 
1783538057 Dirty: 32 Writeback: 0 
1783538058 Dirty: 20 Writeback: 0 
1783538059 Dirty: 24 Writeback: 0 
1783538060 Dirty: 60 Writeback: 0 
1783538061 Dirty: 64 Writeback: 0 
1783538062 Dirty: 68 Writeback: 0 
1783538063 Dirty: 44 Writeback: 0 
1783538064 Dirty: 56 Writeback: 0 
1783538065 Dirty: 68 Writeback: 0 
1783538066 Dirty: 28 Writeback: 0 
1783538067 Dirty: 36 Writeback: 0 
1783538068 Dirty: 200 Writeback: 0 
1783538069 Dirty: 204 Writeback: 0 
1783538070 Dirty: 224 Writeback: 0 
1783538071 Dirty: 228 Writeback: 0 
1783538072 Dirty: 228 Writeback: 0 
1783538073 Dirty: 240 Writeback: 0 
1783538074 Dirty: 208 Writeback: 0 
1783538075 Dirty: 228 Writeback: 0 
1783538076 Dirty: 200 Writeback: 0 
1783538077 Dirty: 200 Writeback: 0 
1783538078 Dirty: 196 Writeback: 0 
1783538079 Dirty: 244 Writeback: 0 
1783538080 Dirty: 228 Writeback: 0 
1783538081 Dirty: 260 Writeback: 0 
1783538082 Dirty: 260 Writeback: 0 
1783538083 Dirty: 260 Writeback: 0 
1783538084 Dirty: 272 Writeback: 0 
1783538085 Dirty: 272 Writeback: 0 
1783538086 Dirty: 236 Writeback: 16 
1783538087 Dirty: 232 Writeback: 0 
1783538088 Dirty: 232 Writeback: 0 
1783538089 Dirty: 232 Writeback: 0 
1783538090 Dirty: 232 Writeback: 0 
1783538091 Dirty: 272 Writeback: 0 
1783538092 Dirty: 284 Writeback: 0 
1783538093 Dirty: 256 Writeback: 0 
1783538094 Dirty: 256 Writeback: 0 
1783538095 Dirty: 276 Writeback: 0 
1783538096 Dirty: 276 Writeback: 0 
1783538097 Dirty: 204 Writeback: 0 
1783538098 Dirty: 224 Writeback: 0 
1783538099 Dirty: 228 Writeback: 0 
1783538100 Dirty: 24 Writeback: 0 
1783538101 Dirty: 32 Writeback: 0 
1783538102 Dirty: 256 Writeback: 0 
1783538103 Dirty: 232 Writeback: 0 
1783538104 Dirty: 280 Writeback: 0 
1783538105 Dirty: 284 Writeback: 0 
1783538106 Dirty: 220 Writeback: 0 
1783538107 Dirty: 212 Writeback: 0 
1783538108 Dirty: 192 Writeback: 0 
1783538109 Dirty: 204 Writeback: 0 
1783538110 Dirty: 208 Writeback: 0 
1783538111 Dirty: 240 Writeback: 0 
1783538112 Dirty: 244 Writeback: 0 
1783538113 Dirty: 224 Writeback: 0 
1783538114 Dirty: 236 Writeback: 0 
1783538115 Dirty: 248 Writeback: 0 
1783538116 Dirty: 248 Writeback: 0 
1783538117 Dirty: 216 Writeback: 0 
1783538118 Dirty: 180 Writeback: 0 
1783538119 Dirty: 208 Writeback: 0 
1783538120 Dirty: 208 Writeback: 0 
1783538121 Dirty: 240 Writeback: 0 
1783538122 Dirty: 240 Writeback: 0 
1783538123 Dirty: 248 Writeback: 0 
1783538124 Dirty: 208 Writeback: 0 
1783538125 Dirty: 228 Writeback: 0 
1783538126 Dirty: 240 Writeback: 0 
1783538127 Dirty: 212 Writeback: 0 
1783538128 Dirty: 216 Writeback: 0 
1783538129 Dirty: 216 Writeback: 0 
1783538130 Dirty: 204 Writeback: 0 
1783538131 Dirty: 236 Writeback: 0 
