1783551860 
1783551861 
1783551862 
1783551863 
1783551864 
1783551865 
1783551866 
1783551867 
1783551868 
1783551869 
1783551870 
1783551871 
1783551872 
1783551873 
1783551874 
1783551876 
1783551877 
1783551878 
1783551879 
1783551880 
1783551881 
1783551882 
1783551883 
1783551884 
1783551885 
1783551886 
1783551887 
1783551888 
1783551889 
1783551890 
1783551891 
1783551892 
1783551893 
1783551894 
1783551895 
1783551896 
1783551897 
1783551898 
1783551899 
1783551900 
1783551901 
1783551902 
1783551903 
1783551904 
1783551905 
1783551906 
1783551907 
1783551908 
1783551909 
1783551910 
1783551911 
1783551912 
1783551913 
1783551914 
1783551915 
1783551916 
1783551917 
1783551918 
1783551919 
1783551920 
1783551921 
1783551922 
1783551923 
1783551924 
1783551925 
1783551926 
