1783545984 Dirty: 28 Writeback: 0 
1783545985 Dirty: 76 Writeback: 0 
1783545986 Dirty: 76 Writeback: 0 
1783545987 Dirty: 140 Writeback: 0 
1783545988 Dirty: 64 Writeback: 0 
1783545989 Dirty: 84 Writeback: 0 
1783545990 Dirty: 84 Writeback: 0 
1783545991 Dirty: 56 Writeback: 0 
1783545992 Dirty: 60 Writeback: 0 
1783545993 Dirty: 64 Writeback: 0 
1783545994 Dirty: 40 Writeback: 0 
1783545995 Dirty: 52 Writeback: 0 
1783545996 Dirty: 52 Writeback: 0 
1783545997 Dirty: 24 Writeback: 0 
1783545998 Dirty: 32 Writeback: 0 
1783545999 Dirty: 32 Writeback: 0 
1783546000 Dirty: 12 Writeback: 0 
1783546001 Dirty: 36 Writeback: 0 
1783546002 Dirty: 44 Writeback: 0 
1783546003 Dirty: 44 Writeback: 0 
1783546004 Dirty: 48 Writeback: 0 
1783546005 Dirty: 48 Writeback: 0 
1783546006 Dirty: 28 Writeback: 0 
1783546007 Dirty: 24 Writeback: 0 
1783546008 Dirty: 28 Writeback: 0 
1783546009 Dirty: 28 Writeback: 0 
1783546010 Dirty: 32 Writeback: 0 
1783546011 Dirty: 24 Writeback: 0 
1783546012 Dirty: 48 Writeback: 0 
1783546013 Dirty: 48 Writeback: 0 
1783546014 Dirty: 48 Writeback: 0 
1783546015 Dirty: 56 Writeback: 0 
1783546016 Dirty: 60 Writeback: 0 
1783546017 Dirty: 4 Writeback: 0 
1783546018 Dirty: 24 Writeback: 0 
1783546019 Dirty: 28 Writeback: 0 
1783546020 Dirty: 28 Writeback: 0 
1783546021 Dirty: 52 Writeback: 0 
1783546022 Dirty: 28 Writeback: 0 
1783546023 Dirty: 32 Writeback: 0 
1783546024 Dirty: 52 Writeback: 0 
1783546025 Dirty: 56 Writeback: 0 
1783546026 Dirty: 212 Writeback: 8 
1783546027 Dirty: 192 Writeback: 0 
1783546028 Dirty: 204 Writeback: 0 
1783546029 Dirty: 208 Writeback: 0 
1783546030 Dirty: 212 Writeback: 0 
1783546031 Dirty: 232 Writeback: 0 
1783546032 Dirty: 232 Writeback: 0 
1783546033 Dirty: 8 Writeback: 0 
1783546034 Dirty: 24 Writeback: 0 
1783546035 Dirty: 32 Writeback: 0 
1783546036 Dirty: 32 Writeback: 0 
1783546037 Dirty: 48 Writeback: 0 
1783546038 Dirty: 52 Writeback: 0 
1783546039 Dirty: 60 Writeback: 0 
1783546040 Dirty: 64 Writeback: 0 
1783546041 Dirty: 80 Writeback: 0 
1783546042 Dirty: 56 Writeback: 0 
1783546043 Dirty: 4 Writeback: 0 
1783546044 Dirty: 24 Writeback: 0 
1783546045 Dirty: 28 Writeback: 0 
1783546046 Dirty: 32 Writeback: 0 
1783546047 Dirty: 48 Writeback: 0 
1783546048 Dirty: 20 Writeback: 0 
1783546049 Dirty: 24 Writeback: 0 
1783546050 Dirty: 40 Writeback: 0 
1783546051 Dirty: 40 Writeback: 0 
1783546052 Dirty: 56 Writeback: 0 
1783546053 Dirty: 56 Writeback: 0 
1783546054 Dirty: 48 Writeback: 0 
1783546055 Dirty: 52 Writeback: 0 
1783546056 Dirty: 60 Writeback: 0 
1783546057 Dirty: 32 Writeback: 0 
1783546058 Dirty: 32 Writeback: 0 
1783546059 Dirty: 40 Writeback: 0 
1783546060 Dirty: 4 Writeback: 0 
1783546061 Dirty: 20 Writeback: 0 
1783546062 Dirty: 48 Writeback: 0 
1783546063 Dirty: 56 Writeback: 0 
1783546064 Dirty: 56 Writeback: 0 
1783546065 Dirty: 36 Writeback: 0 
1783546066 Dirty: 52 Writeback: 0 
1783546067 Dirty: 28 Writeback: 0 
1783546068 Dirty: 28 Writeback: 0 
1783546069 Dirty: 32 Writeback: 0 
1783546070 Dirty: 4 Writeback: 0 
1783546071 Dirty: 52 Writeback: 0 
1783546072 Dirty: 52 Writeback: 0 
1783546073 Dirty: 56 Writeback: 0 
1783546074 Dirty: 56 Writeback: 0 
1783546075 Dirty: 28 Writeback: 0 
1783546076 Dirty: 44 Writeback: 0 
1783546077 Dirty: 56 Writeback: 0 
1783546078 Dirty: 32 Writeback: 0 
1783546079 Dirty: 32 Writeback: 0 
1783546080 Dirty: 32 Writeback: 0 
1783546081 Dirty: 28 Writeback: 0 
1783546082 Dirty: 56 Writeback: 0 
1783546083 Dirty: 56 Writeback: 0 
1783546084 Dirty: 60 Writeback: 0 
1783546085 Dirty: 60 Writeback: 0 
1783546086 Dirty: 60 Writeback: 0 
1783546087 Dirty: 20 Writeback: 0 
1783546088 Dirty: 32 Writeback: 0 
1783546089 Dirty: 32 Writeback: 0 
1783546090 Dirty: 32 Writeback: 0 
1783546091 Dirty: 28 Writeback: 0 
1783546092 Dirty: 48 Writeback: 0 
1783546093 Dirty: 52 Writeback: 0 
1783546094 Dirty: 56 Writeback: 0 
1783546095 Dirty: 56 Writeback: 0 
1783546096 Dirty: 56 Writeback: 0 
1783546097 Dirty: 12 Writeback: 0 
1783546098 Dirty: 28 Writeback: 0 
1783546099 Dirty: 32 Writeback: 0 
1783546100 Dirty: 36 Writeback: 0 
1783546101 Dirty: 56 Writeback: 0 
1783546103 Dirty: 60 Writeback: 0 
1783546104 Dirty: 36 Writeback: 0 
1783546105 Dirty: 40 Writeback: 0 
1783546106 Dirty: 40 Writeback: 0 
1783546107 Dirty: 56 Writeback: 0 
1783546108 Dirty: 28 Writeback: 0 
1783546109 Dirty: 0 Writeback: 0 
