1783538771 0
1783538772 0
1783538773 0
1783538774 0
1783538775 0
1783538776 0
1783538777 0
1783538778 0
1783538779 0
1783538780 0
1783538781 0
1783538782 0
1783538783 0
1783538784 0
1783538785 0
1783538786 0
1783538787 0
1783538788 0
1783538789 0
1783538790 0
1783538791 0
1783538792 0
1783538793 0
1783538794 0
1783538795 0
1783538796 0
1783538797 0
1783538798 0
1783538799 0
1783538800 0
1783538801 0
1783538802 0
1783538803 0
1783538804 0
1783538805 0
1783538806 0
1783538807 0
1783538808 0
1783538809 0
1783538810 0
1783538811 0
1783538812 0
1783538813 0
1783538814 0
1783538815 0
1783538817 0
1783538818 0
1783538819 0
1783538820 0
1783538821 0
1783538822 0
1783538823 0
1783538824 0
1783538825 0
1783538826 0
1783538827 0
1783538828 0
1783538829 0
1783538830 0
1783538831 0
1783538832 0
1783538833 0
1783538834 0
1783538835 0
1783538836 0
1783538837 0
1783538838 0
1783538839 0
1783538840 0
1783538841 0
1783538842 0
1783538843 0
1783538844 0
1783538845 0
1783538846 0
1783538847 0
1783538848 0
1783538849 0
1783538850 0
1783538851 0
1783538852 0
1783538853 0
1783538854 0
1783538855 0
1783538856 0
1783538857 0
1783538858 0
1783538859 0
1783538860 0
1783538861 0
1783538862 0
1783538863 0
1783538864 0
1783538865 0
1783538866 0
1783538867 0
1783538868 0
1783538869 0
1783538870 0
1783538871 0
1783538872 0
1783538873 0
1783538874 0
1783538875 0
1783538876 0
1783538877 0
1783538878 0
1783538879 0
1783538880 0
1783538881 0
1783538882 0
1783538883 0
1783538884 0
1783538885 0
1783538886 0
1783538887 0
1783538888 0
1783538889 0
1783538890 0
1783538891 0
1783538893 0
1783538894 0
1783538895 0
1783538896 0
