1783540299 
1783540300 
1783540301 
1783540302 
1783540303 
1783540304 
1783540305 
1783540306 
1783540307 
1783540308 
1783540309 
1783540310 
1783540311 
1783540312 
1783540313 
1783540314 
1783540315 
1783540316 
1783540317 
1783540318 
1783540319 
1783540320 
1783540321 
1783540322 
1783540323 
1783540324 
1783540326 
1783540327 
1783540328 
1783540329 
1783540330 
1783540331 
1783540332 
1783540333 
1783540334 
1783540335 
1783540336 
1783540337 
1783540338 
1783540339 
1783540340 
1783540341 
1783540342 
1783540343 
1783540344 
1783540345 
1783540346 
1783540347 
1783540348 
1783540349 
1783540350 
1783540351 
1783540352 
1783540353 
1783540354 
1783540355 
1783540356 
1783540357 
1783540358 
1783540359 
1783540360 
1783540361 
1783540362 
1783540363 
1783540364 
1783540365 
1783540366 
1783540367 
1783540368 
1783540369 
1783540370 
1783540371 
1783540372 
1783540373 
1783540374 
1783540375 
1783540376 
1783540377 
1783540378 
1783540379 
1783540380 
1783540381 
1783540382 
1783540383 
1783540384 
1783540385 
1783540386 
1783540387 
1783540388 
1783540389 
1783540390 
1783540391 
1783540392 
1783540393 
1783540394 
1783540395 
1783540396 
1783540398 
1783540399 
1783540400 
1783540401 
1783540402 
1783540403 
1783540404 
1783540405 
1783540406 
1783540407 
1783540408 
1783540409 
1783540410 
1783540411 
1783540412 
1783540413 
1783540414 
1783540415 
1783540416 
1783540417 
1783540418 
1783540419 
1783540420 
1783540421 
1783540422 
1783540423 
1783540424 
