1783545859 Dirty: 48 Writeback: 0 
1783545860 Dirty: 52 Writeback: 0 
1783545861 Dirty: 60 Writeback: 0 
1783545862 Dirty: 72 Writeback: 0 
1783545863 Dirty: 72 Writeback: 0 
1783545864 Dirty: 68 Writeback: 0 
1783545865 Dirty: 68 Writeback: 0 
1783545866 Dirty: 52 Writeback: 0 
1783545867 Dirty: 68 Writeback: 0 
1783545868 Dirty: 72 Writeback: 0 
1783545869 Dirty: 64 Writeback: 0 
1783545870 Dirty: 64 Writeback: 0 
1783545871 Dirty: 36 Writeback: 0 
1783545872 Dirty: 12 Writeback: 0 
1783545873 Dirty: 24 Writeback: 0 
1783545874 Dirty: 24 Writeback: 0 
1783545875 Dirty: 44 Writeback: 0 
1783545876 Dirty: 48 Writeback: 0 
1783545877 Dirty: 48 Writeback: 0 
1783545878 Dirty: 12 Writeback: 0 
1783545879 Dirty: 40 Writeback: 0 
1783545880 Dirty: 44 Writeback: 0 
1783545881 Dirty: 28 Writeback: 0 
1783545882 Dirty: 28 Writeback: 0 
1783545883 Dirty: 32 Writeback: 0 
1783545884 Dirty: 56 Writeback: 0 
1783545885 Dirty: 52 Writeback: 0 
1783545886 Dirty: 52 Writeback: 0 
1783545887 Dirty: 60 Writeback: 0 
1783545888 Dirty: 64 Writeback: 0 
1783545889 Dirty: 36 Writeback: 0 
1783545890 Dirty: 52 Writeback: 0 
1783545891 Dirty: 24 Writeback: 0 
1783545892 Dirty: 28 Writeback: 0 
1783545893 Dirty: 28 Writeback: 0 
1783545894 Dirty: 40 Writeback: 0 
1783545895 Dirty: 44 Writeback: 0 
1783545896 Dirty: 48 Writeback: 0 
1783545897 Dirty: 52 Writeback: 0 
1783545898 Dirty: 56 Writeback: 0 
1783545899 Dirty: 56 Writeback: 0 
1783545900 Dirty: 40 Writeback: 0 
1783545901 Dirty: 24 Writeback: 0 
1783545902 Dirty: 224 Writeback: 0 
1783545903 Dirty: 228 Writeback: 0 
1783545904 Dirty: 228 Writeback: 0 
1783545905 Dirty: 208 Writeback: 0 
1783545906 Dirty: 228 Writeback: 0 
1783545907 Dirty: 36 Writeback: 0 
1783545908 Dirty: 36 Writeback: 0 
1783545909 Dirty: 40 Writeback: 0 
1783545910 Dirty: 52 Writeback: 0 
1783545911 Dirty: 8 Writeback: 0 
1783545912 Dirty: 24 Writeback: 0 
1783545913 Dirty: 52 Writeback: 0 
1783545914 Dirty: 52 Writeback: 0 
1783545915 Dirty: 88 Writeback: 0 
1783545916 Dirty: 72 Writeback: 0 
1783545917 Dirty: 80 Writeback: 0 
1783545918 Dirty: 60 Writeback: 0 
1783545919 Dirty: 60 Writeback: 0 
1783545920 Dirty: 64 Writeback: 0 
1783545921 Dirty: 72 Writeback: 0 
1783545922 Dirty: 16 Writeback: 0 
1783545923 Dirty: 24 Writeback: 0 
1783545924 Dirty: 28 Writeback: 0 
1783545925 Dirty: 60 Writeback: 0 
1783545926 Dirty: 64 Writeback: 0 
1783545927 Dirty: 40 Writeback: 0 
1783545928 Dirty: 60 Writeback: 0 
1783545929 Dirty: 60 Writeback: 0 
1783545930 Dirty: 64 Writeback: 0 
1783545931 Dirty: 64 Writeback: 0 
1783545932 Dirty: 12 Writeback: 0 
1783545933 Dirty: 20 Writeback: 0 
1783545934 Dirty: 20 Writeback: 0 
1783545935 Dirty: 28 Writeback: 0 
1783545936 Dirty: 60 Writeback: 0 
1783545937 Dirty: 60 Writeback: 0 
1783545938 Dirty: 36 Writeback: 0 
1783545939 Dirty: 60 Writeback: 0 
1783545940 Dirty: 60 Writeback: 0 
1783545941 Dirty: 28 Writeback: 0 
1783545942 Dirty: 28 Writeback: 0 
1783545943 Dirty: 36 Writeback: 0 
1783545944 Dirty: 16 Writeback: 0 
1783545945 Dirty: 56 Writeback: 0 
1783545946 Dirty: 56 Writeback: 0 
1783545947 Dirty: 64 Writeback: 0 
1783545948 Dirty: 68 Writeback: 0 
1783545949 Dirty: 68 Writeback: 0 
1783545950 Dirty: 72 Writeback: 0 
1783545951 Dirty: 24 Writeback: 0 
1783545952 Dirty: 24 Writeback: 0 
1783545953 Dirty: 24 Writeback: 0 
1783545954 Dirty: 24 Writeback: 0 
1783545955 Dirty: 32 Writeback: 0 
1783545956 Dirty: 44 Writeback: 0 
1783545957 Dirty: 48 Writeback: 0 
1783545958 Dirty: 48 Writeback: 0 
1783545959 Dirty: 56 Writeback: 0 
1783545960 Dirty: 56 Writeback: 0 
1783545961 Dirty: 12 Writeback: 0 
1783545962 Dirty: 16 Writeback: 0 
1783545963 Dirty: 28 Writeback: 0 
1783545964 Dirty: 28 Writeback: 0 
1783545965 Dirty: 32 Writeback: 0 
1783545966 Dirty: 52 Writeback: 0 
1783545967 Dirty: 56 Writeback: 0 
1783545968 Dirty: 60 Writeback: 0 
1783545969 Dirty: 60 Writeback: 0 
1783545970 Dirty: 64 Writeback: 0 
1783545971 Dirty: 12 Writeback: 0 
1783545972 Dirty: 28 Writeback: 0 
1783545973 Dirty: 28 Writeback: 0 
1783545974 Dirty: 32 Writeback: 0 
1783545975 Dirty: 52 Writeback: 0 
1783545976 Dirty: 20 Writeback: 0 
1783545977 Dirty: 40 Writeback: 0 
1783545978 Dirty: 44 Writeback: 0 
1783545979 Dirty: 44 Writeback: 0 
1783545980 Dirty: 48 Writeback: 0 
1783545981 Dirty: 32 Writeback: 0 
1783545982 Dirty: 12 Writeback: 0 
1783545983 Dirty: 24 Writeback: 0 
