1783544171 Dirty: 8 Writeback: 0 
1783544172 Dirty: 32 Writeback: 0 
1783544173 Dirty: 36 Writeback: 0 
1783544174 Dirty: 4 Writeback: 0 
1783544175 Dirty: 20 Writeback: 0 
1783544176 Dirty: 60 Writeback: 0 
1783544177 Dirty: 64 Writeback: 0 
1783544178 Dirty: 68 Writeback: 0 
1783544179 Dirty: 72 Writeback: 0 
1783544180 Dirty: 52 Writeback: 0 
1783544181 Dirty: 44 Writeback: 0 
1783544182 Dirty: 44 Writeback: 0 
1783544183 Dirty: 44 Writeback: 0 
1783544184 Dirty: 48 Writeback: 0 
1783544185 Dirty: 48 Writeback: 0 
1783544186 Dirty: 28 Writeback: 0 
1783544187 Dirty: 12 Writeback: 0 
1783544188 Dirty: 28 Writeback: 0 
1783544189 Dirty: 32 Writeback: 0 
1783544190 Dirty: 36 Writeback: 0 
1783544191 Dirty: 0 Writeback: 0 
1783544192 Dirty: 32 Writeback: 0 
1783544193 Dirty: 32 Writeback: 0 
1783544194 Dirty: 36 Writeback: 0 
1783544195 Dirty: 36 Writeback: 0 
1783544196 Dirty: 36 Writeback: 0 
1783544197 Dirty: 20 Writeback: 0 
1783544198 Dirty: 28 Writeback: 0 
1783544199 Dirty: 28 Writeback: 0 
1783544200 Dirty: 28 Writeback: 0 
1783544201 Dirty: 64 Writeback: 0 
1783544202 Dirty: 36 Writeback: 0 
1783544203 Dirty: 48 Writeback: 0 
1783544204 Dirty: 52 Writeback: 0 
1783544205 Dirty: 56 Writeback: 0 
1783544206 Dirty: 64 Writeback: 0 
1783544207 Dirty: 32 Writeback: 0 
1783544208 Dirty: 16 Writeback: 0 
1783544209 Dirty: 24 Writeback: 0 
1783544210 Dirty: 24 Writeback: 0 
1783544211 Dirty: 48 Writeback: 0 
1783544212 Dirty: 52 Writeback: 0 
1783544213 Dirty: 40 Writeback: 0 
1783544214 Dirty: 44 Writeback: 0 
1783544215 Dirty: 48 Writeback: 0 
1783544216 Dirty: 68 Writeback: 0 
1783544217 Dirty: 72 Writeback: 0 
1783544218 Dirty: 52 Writeback: 0 
1783544219 Dirty: 64 Writeback: 0 
1783544220 Dirty: 64 Writeback: 0 
1783544221 Dirty: 68 Writeback: 0 
1783544222 Dirty: 28 Writeback: 0 
1783544223 Dirty: 12 Writeback: 0 
1783544224 Dirty: 24 Writeback: 0 
1783544225 Dirty: 28 Writeback: 0 
1783544226 Dirty: 28 Writeback: 0 
1783544227 Dirty: 64 Writeback: 0 
1783544228 Dirty: 64 Writeback: 0 
1783544229 Dirty: 52 Writeback: 0 
1783544230 Dirty: 56 Writeback: 0 
1783544231 Dirty: 60 Writeback: 0 
1783544232 Dirty: 32 Writeback: 0 
1783544233 Dirty: 32 Writeback: 0 
1783544234 Dirty: 0 Writeback: 0 
1783544235 Dirty: 24 Writeback: 0 
1783544236 Dirty: 24 Writeback: 0 
1783544237 Dirty: 56 Writeback: 0 
1783544238 Dirty: 60 Writeback: 0 
1783544239 Dirty: 60 Writeback: 0 
1783544240 Dirty: 52 Writeback: 0 
1783544241 Dirty: 56 Writeback: 0 
1783544242 Dirty: 28 Writeback: 0 
1783544243 Dirty: 32 Writeback: 0 
1783544244 Dirty: 32 Writeback: 0 
1783544245 Dirty: 36 Writeback: 0 
1783544246 Dirty: 56 Writeback: 0 
1783544247 Dirty: 56 Writeback: 0 
1783544248 Dirty: 56 Writeback: 0 
1783544249 Dirty: 60 Writeback: 0 
1783544250 Dirty: 64 Writeback: 0 
1783544251 Dirty: 64 Writeback: 0 
1783544252 Dirty: 36 Writeback: 0 
1783544253 Dirty: 176 Writeback: 0 
1783544254 Dirty: 176 Writeback: 0 
1783544255 Dirty: 176 Writeback: 0 
1783544256 Dirty: 180 Writeback: 0 
1783544257 Dirty: 152 Writeback: 16 
1783544258 Dirty: 184 Writeback: 0 
1783544259 Dirty: 184 Writeback: 0 
1783544260 Dirty: 60 Writeback: 0 
1783544261 Dirty: 60 Writeback: 0 
1783544262 Dirty: 44 Writeback: 0 
1783544263 Dirty: 32 Writeback: 0 
1783544264 Dirty: 44 Writeback: 0 
1783544265 Dirty: 48 Writeback: 0 
1783544266 Dirty: 48 Writeback: 0 
1783544267 Dirty: 48 Writeback: 0 
1783544268 Dirty: 72 Writeback: 0 
1783544269 Dirty: 56 Writeback: 0 
1783544270 Dirty: 60 Writeback: 0 
1783544271 Dirty: 76 Writeback: 0 
1783544272 Dirty: 44 Writeback: 0 
1783544273 Dirty: 44 Writeback: 0 
1783544274 Dirty: 28 Writeback: 0 
1783544275 Dirty: 44 Writeback: 0 
1783544276 Dirty: 64 Writeback: 0 
1783544277 Dirty: 64 Writeback: 0 
1783544278 Dirty: 68 Writeback: 0 
1783544279 Dirty: 72 Writeback: 0 
1783544280 Dirty: 56 Writeback: 0 
1783544281 Dirty: 60 Writeback: 0 
1783544282 Dirty: 40 Writeback: 0 
1783544283 Dirty: 180 Writeback: 0 
1783544284 Dirty: 188 Writeback: 0 
1783544285 Dirty: 200 Writeback: 0 
1783544286 Dirty: 180 Writeback: 0 
1783544287 Dirty: 212 Writeback: 0 
1783544288 Dirty: 216 Writeback: 0 
1783544289 Dirty: 220 Writeback: 0 
1783544290 Dirty: 204 Writeback: 0 
1783544291 Dirty: 196 Writeback: 0 
1783544292 Dirty: 160 Writeback: 0 
1783544293 Dirty: 164 Writeback: 0 
1783544294 Dirty: 164 Writeback: 0 
1783544295 Dirty: 172 Writeback: 0 
