1783550494 Dirty: 80 Writeback: 0 
1783550495 Dirty: 160 Writeback: 0 
1783550496 Dirty: 176 Writeback: 0 
1783550497 Dirty: 124 Writeback: 0 
1783550498 Dirty: 156 Writeback: 0 
1783550499 Dirty: 144 Writeback: 12 
1783550500 Dirty: 140 Writeback: 0 
1783550501 Dirty: 108 Writeback: 0 
1783550502 Dirty: 120 Writeback: 0 
1783550503 Dirty: 80 Writeback: 0 
1783550504 Dirty: 128 Writeback: 0 
1783550505 Dirty: 188 Writeback: 0 
1783550506 Dirty: 136 Writeback: 0 
1783550507 Dirty: 28 Writeback: 0 
1783550508 Dirty: 128 Writeback: 0 
1783550509 Dirty: 132 Writeback: 0 
1783550510 Dirty: 132 Writeback: 0 
1783550511 Dirty: 132 Writeback: 0 
1783550512 Dirty: 116 Writeback: 0 
1783550513 Dirty: 128 Writeback: 0 
1783550514 Dirty: 136 Writeback: 0 
1783550515 Dirty: 136 Writeback: 0 
1783550516 Dirty: 152 Writeback: 0 
1783550517 Dirty: 228 Writeback: 0 
1783550518 Dirty: 136 Writeback: 0 
1783550519 Dirty: 136 Writeback: 0 
1783550520 Dirty: 136 Writeback: 0 
1783550521 Dirty: 140 Writeback: 0 
1783550522 Dirty: 104 Writeback: 0 
1783550523 Dirty: 128 Writeback: 0 
1783550524 Dirty: 132 Writeback: 0 
1783550525 Dirty: 140 Writeback: 0 
1783550526 Dirty: 152 Writeback: 0 
1783550527 Dirty: 116 Writeback: 0 
1783550528 Dirty: 132 Writeback: 0 
1783550529 Dirty: 132 Writeback: 0 
1783550530 Dirty: 140 Writeback: 0 
1783550531 Dirty: 148 Writeback: 0 
1783550532 Dirty: 0 Writeback: 44 
1783550533 Dirty: 120 Writeback: 0 
1783550534 Dirty: 132 Writeback: 0 
1783550535 Dirty: 104 Writeback: 0 
1783550536 Dirty: 132 Writeback: 0 
1783550537 Dirty: 96 Writeback: 0 
1783550538 Dirty: 112 Writeback: 0 
1783550539 Dirty: 140 Writeback: 0 
1783550540 Dirty: 140 Writeback: 0 
1783550541 Dirty: 100 Writeback: 0 
1783550542 Dirty: 92 Writeback: 0 
1783550543 Dirty: 104 Writeback: 0 
1783550544 Dirty: 120 Writeback: 0 
1783550545 Dirty: 144 Writeback: 0 
1783550546 Dirty: 148 Writeback: 0 
1783550547 Dirty: 152 Writeback: 0 
1783550548 Dirty: 64 Writeback: 0 
1783550549 Dirty: 112 Writeback: 0 
1783550550 Dirty: 120 Writeback: 0 
1783550551 Dirty: 140 Writeback: 0 
1783550552 Dirty: 144 Writeback: 0 
1783550553 Dirty: 36 Writeback: 0 
1783550554 Dirty: 136 Writeback: 0 
1783550555 Dirty: 152 Writeback: 0 
1783550556 Dirty: 156 Writeback: 0 
1783550557 Dirty: 164 Writeback: 0 
1783550558 Dirty: 72 Writeback: 0 
1783550559 Dirty: 72 Writeback: 0 
1783550560 Dirty: 148 Writeback: 0 
1783550561 Dirty: 152 Writeback: 0 
1783550562 Dirty: 156 Writeback: 0 
1783550563 Dirty: 160 Writeback: 0 
1783550564 Dirty: 112 Writeback: 0 
1783550565 Dirty: 120 Writeback: 0 
1783550566 Dirty: 156 Writeback: 0 
1783550567 Dirty: 160 Writeback: 0 
1783550568 Dirty: 132 Writeback: 0 
