1783547165 
1783547166 
1783547167 
1783547168 
1783547169 
1783547170 
1783547171 
1783547172 
1783547173 
1783547174 
1783547175 
1783547176 
1783547177 
1783547178 
1783547179 
1783547180 
1783547181 
1783547182 
1783547183 
1783547184 
1783547185 
1783547186 
1783547187 
1783547188 
1783547189 
1783547190 
1783547191 
1783547192 
1783547193 
1783547194 
1783547195 
1783547196 
1783547197 
1783547198 
1783547199 
1783547200 
1783547201 
1783547202 
1783547203 
1783547204 
1783547206 
1783547207 
1783547208 
1783547209 
1783547210 
1783547211 
1783547212 
1783547213 
1783547214 
1783547215 
1783547216 
1783547217 
1783547218 
1783547219 
1783547220 
1783547221 
