1783545734 
1783545735 
1783545736 
1783545737 
1783545738 
1783545739 
1783545740 
1783545741 
1783545742 
1783545743 
1783545744 
1783545745 
1783545746 
1783545747 
1783545748 
1783545749 
1783545750 
1783545751 
1783545752 
1783545753 
1783545754 
1783545755 
1783545756 
1783545757 
1783545758 
1783545759 
1783545760 
1783545761 
1783545762 
1783545763 
1783545764 
1783545765 
1783545766 
1783545767 
1783545768 
1783545769 
1783545770 
1783545771 
1783545772 
1783545773 
1783545774 
1783545775 
1783545776 
1783545777 
1783545778 
1783545779 
1783545780 
1783545781 
1783545782 
1783545783 
1783545784 
1783545785 
1783545786 
1783545787 
1783545788 
1783545789 
1783545790 
1783545791 
1783545792 
1783545793 
1783545794 
1783545795 
1783545796 
1783545797 
1783545798 
1783545799 
1783545800 
1783545802 
1783545803 
1783545804 
1783545805 
1783545806 
1783545807 
1783545808 
1783545809 
1783545810 
1783545811 
1783545812 
1783545813 
1783545814 
1783545815 
1783545816 
1783545817 
1783545818 
1783545819 
1783545820 
1783545821 
1783545822 
1783545823 
1783545824 
1783545825 
1783545826 
1783545827 
1783545828 
1783545829 
1783545830 
1783545831 
1783545832 
1783545833 
1783545834 
1783545835 
1783545836 
1783545837 
1783545838 
1783545839 
1783545840 
1783545841 
1783545842 
1783545843 
1783545844 
1783545845 
1783545846 
1783545847 
1783545848 
1783545849 
1783545850 
1783545851 
1783545852 
1783545853 
1783545854 
1783545855 
1783545856 
1783545857 
1783545858 
