1783543898 
1783543899 
1783543900 
1783543901 
1783543902 
1783543903 
1783543904 
1783543905 
1783543906 
1783543908 
1783543909 
1783543910 
1783543911 
1783543912 
1783543913 
1783543914 
1783543915 
1783543916 
1783543917 
1783543918 
1783543919 
1783543920 
1783543921 
1783543922 
1783543923 
1783543924 
1783543926 
1783543927 
1783543928 
1783543929 
1783543930 
1783543931 
1783543932 
1783543934 
1783543935 
1783543936 
1783543937 
1783543938 
1783543939 
1783543940 
1783543942 
1783543943 
1783543944 
1783543945 
1783543946 
1783543947 
1783543949 
1783543950 
1783543951 
1783543952 
1783543953 
1783543954 
1783543955 
1783543956 
1783543958 
1783543959 
1783543960 
1783543961 
1783543962 
1783543963 
1783543964 
1783543966 
1783543967 
1783543968 
1783543969 
1783543970 
1783543971 
1783543973 
1783543974 
1783543975 
1783543976 
1783543977 
1783543978 
1783543979 
1783543981 
1783543982 
1783543983 
1783543984 
1783543985 
1783543986 
1783543987 
1783543989 
1783543990 
1783543991 
1783543992 
1783543993 
1783543994 
1783543995 
1783543997 
1783543998 
1783543999 
1783544000 
1783544001 
1783544002 
1783544004 
1783544005 
1783544006 
1783544007 
1783544008 
1783544009 
1783544010 
1783544012 
1783544013 
1783544014 
1783544015 
1783544016 
1783544017 
1783544018 
1783544020 
1783544021 
1783544022 
1783544023 
