1783543898 Dirty: 96 Writeback: 0 
1783543899 Dirty: 40 Writeback: 0 
1783543900 Dirty: 44 Writeback: 0 
1783543901 Dirty: 48 Writeback: 0 
1783543902 Dirty: 40 Writeback: 0 
1783543903 Dirty: 60 Writeback: 0 
1783543904 Dirty: 44 Writeback: 0 
1783543905 Dirty: 60 Writeback: 0 
1783543906 Dirty: 64 Writeback: 0 
1783543907 Dirty: 68 Writeback: 0 
1783543908 Dirty: 52 Writeback: 0 
1783543909 Dirty: 32 Writeback: 0 
1783543910 Dirty: 12 Writeback: 0 
1783543911 Dirty: 24 Writeback: 0 
1783543912 Dirty: 28 Writeback: 0 
1783543913 Dirty: 32 Writeback: 0 
1783543914 Dirty: 44 Writeback: 0 
1783543915 Dirty: 48 Writeback: 0 
1783543916 Dirty: 12 Writeback: 0 
1783543917 Dirty: 32 Writeback: 0 
1783543918 Dirty: 40 Writeback: 0 
1783543919 Dirty: 32 Writeback: 0 
1783543920 Dirty: 32 Writeback: 0 
1783543921 Dirty: 36 Writeback: 0 
1783543922 Dirty: 12 Writeback: 0 
1783543923 Dirty: 24 Writeback: 0 
1783543924 Dirty: 40 Writeback: 0 
1783543926 Dirty: 44 Writeback: 0 
1783543927 Dirty: 48 Writeback: 0 
1783543928 Dirty: 24 Writeback: 0 
1783543929 Dirty: 36 Writeback: 0 
1783543930 Dirty: 24 Writeback: 0 
1783543931 Dirty: 28 Writeback: 0 
1783543932 Dirty: 28 Writeback: 0 
1783543933 Dirty: 4 Writeback: 0 
1783543934 Dirty: 24 Writeback: 0 
1783543935 Dirty: 60 Writeback: 0 
1783543936 Dirty: 64 Writeback: 0 
1783543937 Dirty: 64 Writeback: 0 
1783543938 Dirty: 48 Writeback: 0 
1783543939 Dirty: 56 Writeback: 0 
1783543940 Dirty: 28 Writeback: 0 
1783543941 Dirty: 32 Writeback: 0 
1783543942 Dirty: 32 Writeback: 0 
1783543943 Dirty: 4 Writeback: 0 
1783543944 Dirty: 20 Writeback: 0 
1783543945 Dirty: 52 Writeback: 0 
1783543946 Dirty: 60 Writeback: 0 
1783543947 Dirty: 60 Writeback: 0 
1783543948 Dirty: 36 Writeback: 0 
1783543949 Dirty: 48 Writeback: 0 
1783543950 Dirty: 48 Writeback: 0 
1783543951 Dirty: 204 Writeback: 0 
1783543952 Dirty: 208 Writeback: 0 
1783543953 Dirty: 184 Writeback: 0 
1783543954 Dirty: 200 Writeback: 0 
1783543955 Dirty: 176 Writeback: 0 
1783543956 Dirty: 44 Writeback: 0 
1783543957 Dirty: 12 Writeback: 0 
1783543958 Dirty: 36 Writeback: 0 
1783543959 Dirty: 68 Writeback: 0 
1783543960 Dirty: 56 Writeback: 0 
1783543961 Dirty: 68 Writeback: 0 
1783543963 Dirty: 68 Writeback: 0 
1783543964 Dirty: 40 Writeback: 0 
1783543965 Dirty: 28 Writeback: 0 
1783543966 Dirty: 52 Writeback: 0 
1783543967 Dirty: 44 Writeback: 0 
1783543968 Dirty: 48 Writeback: 0 
1783543969 Dirty: 52 Writeback: 0 
1783543970 Dirty: 32 Writeback: 0 
1783543971 Dirty: 24 Writeback: 0 
1783543972 Dirty: 24 Writeback: 0 
1783543973 Dirty: 28 Writeback: 0 
1783543974 Dirty: 28 Writeback: 0 
1783543975 Dirty: 8 Writeback: 0 
1783543976 Dirty: 36 Writeback: 0 
1783543977 Dirty: 40 Writeback: 0 
1783543978 Dirty: 44 Writeback: 0 
1783543979 Dirty: 44 Writeback: 0 
1783543980 Dirty: 16 Writeback: 0 
1783543981 Dirty: 20 Writeback: 0 
1783543982 Dirty: 24 Writeback: 0 
1783543983 Dirty: 24 Writeback: 0 
1783543984 Dirty: 28 Writeback: 0 
1783543985 Dirty: 32 Writeback: 0 
1783543986 Dirty: 32 Writeback: 0 
1783543987 Dirty: 36 Writeback: 0 
1783543988 Dirty: 40 Writeback: 0 
1783543989 Dirty: 44 Writeback: 0 
1783543990 Dirty: 44 Writeback: 0 
1783543991 Dirty: 24 Writeback: 0 
1783543992 Dirty: 24 Writeback: 0 
1783543993 Dirty: 28 Writeback: 0 
1783543994 Dirty: 28 Writeback: 0 
1783543995 Dirty: 60 Writeback: 0 
1783543996 Dirty: 32 Writeback: 0 
1783543998 Dirty: 52 Writeback: 0 
1783543999 Dirty: 60 Writeback: 0 
1783544000 Dirty: 60 Writeback: 0 
1783544001 Dirty: 36 Writeback: 0 
1783544002 Dirty: 8 Writeback: 0 
1783544003 Dirty: 24 Writeback: 0 
1783544004 Dirty: 24 Writeback: 0 
1783544005 Dirty: 28 Writeback: 0 
1783544006 Dirty: 28 Writeback: 0 
1783544007 Dirty: 60 Writeback: 0 
1783544008 Dirty: 48 Writeback: 0 
1783544009 Dirty: 56 Writeback: 0 
1783544010 Dirty: 56 Writeback: 0 
1783544011 Dirty: 60 Writeback: 0 
1783544012 Dirty: 52 Writeback: 0 
1783544013 Dirty: 16 Writeback: 0 
1783544014 Dirty: 40 Writeback: 0 
1783544015 Dirty: 40 Writeback: 0 
1783544016 Dirty: 44 Writeback: 0 
1783544017 Dirty: 28 Writeback: 0 
1783544018 Dirty: 32 Writeback: 0 
1783544019 Dirty: 12 Writeback: 0 
1783544020 Dirty: 28 Writeback: 0 
1783544021 Dirty: 32 Writeback: 0 
1783544022 Dirty: 48 Writeback: 0 
1783544023 Dirty: 52 Writeback: 0 
