1783551154 
1783551155 
1783551156 
1783551157 
1783551158 
1783551159 
1783551160 
1783551161 
1783551162 
1783551163 
1783551164 
1783551165 
1783551166 
1783551167 
1783551168 
1783551169 
1783551170 
1783551171 
1783551172 
1783551173 
1783551174 
1783551175 
1783551176 
1783551177 
1783551178 
1783551179 
1783551180 
1783551181 
1783551182 
1783551183 
1783551184 
1783551185 
1783551186 
1783551187 
1783551188 
1783551189 
1783551190 
1783551191 
1783551192 
1783551193 
1783551194 
1783551195 
1783551196 
1783551197 
1783551198 
1783551199 
1783551200 
1783551201 
1783551202 
1783551203 
1783551204 
1783551205 
1783551206 
1783551207 
1783551208 
1783551209 
1783551210 
1783551212 
1783551213 
1783551214 
1783551215 
1783551216 
1783551217 
1783551218 
1783551219 
1783551220 
1783551221 
1783551222 
1783551223 
1783551224 
1783551225 
1783551226 
1783551227 
1783551228 
1783551229 
1783551230 
1783551231 
1783551232 
1783551233 
1783551234 
1783551235 
1783551236 
1783551237 
1783551238 
1783551239 
1783551240 
1783551241 
1783551242 
1783551243 
1783551244 
1783551245 
1783551246 
1783551247 
1783551248 
1783551249 
1783551250 
1783551251 
1783551252 
1783551253 
1783551254 
1783551255 
1783551256 
1783551257 
1783551258 
1783551259 
1783551260 
1783551261 
1783551262 
1783551263 
1783551264 
1783551265 
1783551266 
1783551267 
1783551268 
1783551269 
1783551271 
1783551272 
1783551273 
1783551274 
1783551275 
1783551276 
1783551277 
1783551278 
1783551279 
1783551280 
1783551281 
1783551282 
1783551283 
1783551284 
1783551285 
1783551286 
1783551287 
1783551288 
1783551289 
1783551290 
1783551291 
1783551292 
1783551293 
1783551294 
1783551295 
1783551296 
1783551297 
1783551298 
1783551299 
1783551300 
1783551301 
1783551302 
1783551303 
1783551304 
1783551305 
1783551306 
1783551307 
1783551308 
1783551309 
1783551310 
1783551311 
1783551312 
1783551313 
1783551314 
1783551315 
1783551316 
1783551317 
1783551318 
1783551319 
1783551320 
1783551321 
1783551322 
1783551323 
1783551324 
1783551325 
1783551326 
1783551327 
1783551328 
1783551329 
1783551331 
1783551332 
1783551333 
1783551334 
1783551335 
1783551336 
1783551337 
1783551338 
1783551339 
1783551340 
1783551341 
1783551342 
1783551343 
1783551344 
1783551345 
1783551346 
1783551347 
1783551348 
1783551349 
1783551350 
1783551351 
1783551352 
1783551353 
1783551354 
1783551355 
1783551356 
1783551357 
1783551358 
1783551359 
1783551360 
1783551361 
1783551362 
1783551363 
1783551364 
1783551365 
1783551366 
1783551367 
1783551368 
1783551369 
1783551370 
1783551371 
1783551372 
1783551373 
1783551374 
1783551375 
1783551376 
1783551377 
1783551378 
1783551379 
1783551380 
1783551381 
1783551382 
1783551383 
1783551384 
1783551385 
1783551386 
