1783552760 
1783552761 
1783552762 
1783552763 
1783552764 
1783552765 
1783552766 
1783552767 
1783552768 
1783552769 
1783552770 
1783552771 
1783552772 
1783552773 
1783552774 
1783552775 
1783552776 
1783552777 
1783552778 
1783552779 
1783552780 
1783552781 
1783552782 
1783552783 
1783552784 
1783552785 
1783552786 
1783552787 
1783552788 
1783552789 
1783552790 
1783552791 
1783552792 
1783552793 
1783552794 
1783552795 
1783552796 
1783552797 
1783552798 
1783552799 
1783552800 
1783552801 
1783552802 
1783552803 
1783552804 
1783552805 
1783552806 
1783552807 
1783552808 
1783552809 
1783552810 
1783552811 
1783552812 
1783552813 
1783552814 
1783552816 
1783552817 
1783552818 
1783552819 
1783552820 
1783552821 
1783552822 
1783552823 
1783552824 
1783552825 
1783552826 
1783552827 
1783552828 
1783552829 
1783552830 
1783552831 
1783552832 
1783552833 
1783552834 
1783552835 
1783552836 
1783552837 
1783552838 
1783552839 
1783552840 
1783552841 
1783552842 
1783552843 
1783552844 
1783552845 
1783552846 
1783552847 
1783552848 
1783552849 
1783552850 
1783552851 
1783552852 
1783552853 
1783552854 
1783552855 
1783552856 
1783552857 
1783552858 
1783552859 
1783552860 
