1783552296 0
1783552297 0
1783552298 0
1783552299 0
1783552300 0
1783552301 0
1783552302 0
1783552303 0
1783552304 0
1783552305 0
1783552306 0
1783552307 0
1783552308 0
1783552309 0
1783552310 0
1783552311 0
1783552312 0
1783552313 0
1783552314 0
1783552315 0
1783552316 0
1783552317 0
1783552318 0
1783552319 0
1783552320 0
1783552321 0
1783552322 0
1783552323 0
1783552324 0
1783552325 0
1783552326 0
1783552327 0
1783552328 0
1783552329 0
1783552330 0
1783552331 0
1783552332 0
1783552333 0
1783552334 0
1783552335 0
1783552336 0
1783552337 0
1783552338 0
1783552339 0
1783552340 0
1783552341 0
1783552342 0
1783552343 0
1783552344 0
1783552345 0
1783552346 0
1783552347 0
1783552348 0
1783552349 0
1783552351 0
1783552352 0
1783552353 0
1783552354 0
1783552355 0
1783552356 0
1783552357 0
1783552358 0
1783552359 0
1783552360 0
1783552361 0
1783552362 0
1783552363 0
1783552364 0
1783552365 0
1783552366 0
1783552367 0
1783552368 0
1783552369 0
1783552370 0
