1783552296 
1783552297 
1783552298 
1783552299 
1783552300 
1783552301 
1783552302 
1783552303 
1783552304 
1783552305 
1783552306 
1783552307 
1783552308 
1783552309 
1783552310 
1783552311 
1783552312 
1783552313 
1783552314 
1783552315 
1783552316 
1783552317 
1783552318 
1783552319 
1783552320 
1783552321 
1783552322 
1783552323 
1783552324 
1783552325 
1783552326 
1783552327 
1783552328 
1783552329 
1783552330 
1783552331 
1783552332 
1783552333 
1783552334 
1783552335 
1783552336 
1783552337 
1783552338 
1783552339 
1783552340 
1783552341 
1783552342 
1783552343 
1783552344 
1783552345 
1783552346 
1783552347 
1783552348 
1783552349 
1783552350 
1783552352 
1783552353 
1783552354 
1783552355 
1783552356 
1783552357 
1783552358 
1783552359 
1783552360 
1783552361 
1783552362 
1783552363 
1783552364 
1783552365 
1783552366 
1783552367 
1783552368 
1783552369 
1783552370 
