1783546700 
1783546701       1 2 
1783546702       2 2 
1783546704       6 2 
1783546705       6 2 
1783546706       7 2 
1783546707      16 2 
1783546708      24 2 
1783546709      28 2 
1783546710      32 2 
1783546711      32 2 
1783546712      29 2 
1783546713      25 2 
1783546714      19 2 
1783546715      12 2 
1783546716      12 2 
1783546717      11 2 
1783546718       6 2 
1783546719       4 2 
1783546720       3 2 
1783546721       2 2 
1783546722       1 2 
1783546723       1 2 
1783546724       1 2 
