1783545470 
1783545471 
1783545472 
1783545473 
1783545474 
1783545475 
1783545476 
1783545477 
1783545478 
1783545479 
1783545480 
1783545481 
1783545482 
1783545483 
1783545484 
1783545485 
1783545486 
1783545487 
1783545488 
1783545489 
1783545490 
1783545491 
1783545492 
1783545493 
1783545494 
1783545495 
1783545496 
1783545497 
1783545498 
1783545499 
1783545500 
1783545501 
1783545502 
1783545503 
1783545504 
1783545505 
1783545506 
1783545507 
1783545508 
1783545509 
1783545510 
1783545512 
1783545513 
1783545514 
1783545515 
1783545516 
1783545517 
1783545518 
1783545519 
1783545520 
1783545521 
1783545522 
1783545523 
1783545524 
1783545525 
1783545526 
1783545527 
1783545528 
1783545529 
1783545530 
1783545531 
1783545532 
1783545533 
1783545534 
1783545535 
1783545536 
1783545537 
1783545538 
1783545539 
1783545540 
1783545541 
1783545542 
1783545543 
1783545544 
1783545545 
1783545546 
1783545547 
1783545548 
1783545549 
1783545550 
1783545551 
1783545552 
1783545553 
1783545554 
1783545555 
1783545556 
1783545557 
1783545558 
1783545559 
1783545560 
1783545561 
1783545562 
1783545563 
1783545564 
1783545565 
1783545566 
1783545567 
1783545568 
1783545569 
1783545570 
1783545571 
1783545572 
1783545573 
1783545574 
1783545575 
1783545576 
1783545577 
1783545578 
1783545579 
1783545580 
1783545581 
1783545583 
1783545584 
1783545585 
1783545586 
1783545587 
1783545588 
1783545589 
1783545590 
1783545591 
1783545592 
1783545593 
1783545594 
1783545595 
