1783545470 0
1783545471 0
1783545472 0
1783545473 0
1783545474 0
1783545475 0
1783545476 0
1783545477 0
1783545478 0
1783545479 0
1783545480 0
1783545481 0
1783545482 0
1783545483 0
1783545484 0
1783545485 0
1783545486 0
1783545487 0
1783545488 0
1783545489 0
1783545490 0
1783545491 0
1783545492 0
1783545493 0
1783545494 0
1783545495 0
1783545496 0
1783545497 0
1783545498 0
1783545499 0
1783545500 0
1783545501 0
1783545502 0
1783545503 0
1783545504 0
1783545505 0
1783545506 0
1783545507 0
1783545508 0
1783545509 0
1783545511 0
1783545512 0
1783545513 0
1783545514 0
1783545515 0
1783545516 0
1783545517 0
1783545518 0
1783545519 0
1783545520 0
1783545521 0
1783545522 0
1783545523 0
1783545524 0
1783545525 0
1783545526 0
1783545527 0
1783545528 0
1783545529 0
1783545530 0
1783545531 0
1783545532 0
1783545533 0
1783545534 0
1783545535 0
1783545536 0
1783545537 0
1783545538 0
1783545539 0
1783545540 0
1783545541 0
1783545542 0
1783545543 0
1783545544 0
1783545545 0
1783545546 0
1783545547 0
1783545548 0
1783545549 0
1783545550 0
1783545551 0
1783545552 0
1783545553 0
1783545554 0
1783545555 0
1783545556 0
1783545557 0
1783545558 0
1783545559 0
1783545560 0
1783545561 0
1783545562 0
1783545563 0
1783545564 0
1783545565 0
1783545566 0
1783545567 0
1783545568 0
1783545569 0
1783545570 0
1783545571 0
1783545572 0
1783545573 0
1783545574 0
1783545575 0
1783545576 0
1783545577 0
1783545578 0
1783545579 0
1783545580 0
1783545582 0
1783545583 0
1783545584 0
1783545585 0
1783545586 0
1783545587 0
1783545588 0
1783545589 0
1783545590 0
1783545591 0
1783545592 0
1783545593 0
1783545594 0
1783545595 0
