1783545470 Dirty: 68 Writeback: 0 
1783545471 Dirty: 148 Writeback: 0 
1783545472 Dirty: 148 Writeback: 0 
1783545473 Dirty: 80 Writeback: 0 
1783545474 Dirty: 88 Writeback: 0 
1783545475 Dirty: 84 Writeback: 0 
1783545476 Dirty: 24 Writeback: 40 
1783545477 Dirty: 52 Writeback: 0 
1783545478 Dirty: 52 Writeback: 0 
1783545479 Dirty: 40 Writeback: 0 
1783545480 Dirty: 52 Writeback: 0 
1783545481 Dirty: 60 Writeback: 0 
1783545482 Dirty: 32 Writeback: 0 
1783545483 Dirty: 32 Writeback: 0 
1783545484 Dirty: 32 Writeback: 0 
1783545485 Dirty: 40 Writeback: 0 
1783545486 Dirty: 40 Writeback: 0 
1783545487 Dirty: 44 Writeback: 0 
1783545488 Dirty: 48 Writeback: 0 
1783545489 Dirty: 52 Writeback: 0 
1783545490 Dirty: 24 Writeback: 0 
1783545491 Dirty: 52 Writeback: 0 
1783545492 Dirty: 28 Writeback: 0 
1783545493 Dirty: 28 Writeback: 0 
1783545494 Dirty: 28 Writeback: 0 
1783545495 Dirty: 16 Writeback: 0 
1783545496 Dirty: 52 Writeback: 0 
1783545497 Dirty: 52 Writeback: 0 
1783545498 Dirty: 60 Writeback: 0 
1783545499 Dirty: 64 Writeback: 0 
1783545500 Dirty: 64 Writeback: 0 
1783545501 Dirty: 84 Writeback: 0 
1783545502 Dirty: 24 Writeback: 0 
1783545503 Dirty: 28 Writeback: 0 
1783545504 Dirty: 28 Writeback: 0 
1783545505 Dirty: 32 Writeback: 0 
1783545506 Dirty: 40 Writeback: 0 
1783545507 Dirty: 28 Writeback: 0 
1783545508 Dirty: 36 Writeback: 0 
1783545509 Dirty: 40 Writeback: 0 
1783545510 Dirty: 40 Writeback: 0 
1783545511 Dirty: 56 Writeback: 0 
1783545512 Dirty: 44 Writeback: 0 
1783545513 Dirty: 16 Writeback: 0 
1783545514 Dirty: 28 Writeback: 0 
1783545515 Dirty: 28 Writeback: 0 
1783545516 Dirty: 68 Writeback: 0 
1783545517 Dirty: 72 Writeback: 0 
1783545518 Dirty: 60 Writeback: 0 
1783545519 Dirty: 68 Writeback: 0 
1783545520 Dirty: 72 Writeback: 0 
1783545521 Dirty: 72 Writeback: 0 
1783545522 Dirty: 32 Writeback: 0 
1783545523 Dirty: 36 Writeback: 0 
1783545524 Dirty: 60 Writeback: 0 
1783545525 Dirty: 24 Writeback: 0 
1783545526 Dirty: 60 Writeback: 0 
1783545527 Dirty: 60 Writeback: 0 
1783545528 Dirty: 64 Writeback: 0 
1783545529 Dirty: 52 Writeback: 0 
1783545530 Dirty: 60 Writeback: 0 
1783545531 Dirty: 60 Writeback: 0 
1783545532 Dirty: 28 Writeback: 0 
1783545533 Dirty: 32 Writeback: 0 
1783545534 Dirty: 36 Writeback: 0 
1783545535 Dirty: 16 Writeback: 0 
1783545536 Dirty: 20 Writeback: 0 
1783545537 Dirty: 56 Writeback: 0 
1783545538 Dirty: 60 Writeback: 0 
1783545539 Dirty: 60 Writeback: 0 
1783545540 Dirty: 80 Writeback: 0 
1783545541 Dirty: 60 Writeback: 0 
1783545542 Dirty: 28 Writeback: 0 
1783545543 Dirty: 28 Writeback: 0 
1783545544 Dirty: 32 Writeback: 0 
1783545545 Dirty: 44 Writeback: 0 
1783545546 Dirty: 20 Writeback: 0 
1783545547 Dirty: 56 Writeback: 0 
1783545548 Dirty: 56 Writeback: 0 
1783545549 Dirty: 56 Writeback: 0 
1783545550 Dirty: 32 Writeback: 0 
1783545551 Dirty: 56 Writeback: 0 
1783545552 Dirty: 28 Writeback: 0 
1783545553 Dirty: 28 Writeback: 0 
1783545554 Dirty: 32 Writeback: 0 
1783545555 Dirty: 36 Writeback: 0 
1783545556 Dirty: 0 Writeback: 0 
1783545557 Dirty: 28 Writeback: 0 
1783545558 Dirty: 52 Writeback: 0 
1783545559 Dirty: 56 Writeback: 0 
1783545560 Dirty: 56 Writeback: 0 
1783545561 Dirty: 64 Writeback: 0 
1783545562 Dirty: 0 Writeback: 0 
1783545563 Dirty: 24 Writeback: 0 
1783545564 Dirty: 24 Writeback: 0 
1783545565 Dirty: 24 Writeback: 0 
1783545566 Dirty: 24 Writeback: 0 
1783545567 Dirty: 32 Writeback: 0 
1783545568 Dirty: 52 Writeback: 0 
1783545569 Dirty: 56 Writeback: 0 
1783545570 Dirty: 56 Writeback: 0 
1783545571 Dirty: 60 Writeback: 0 
1783545572 Dirty: 32 Writeback: 0 
1783545573 Dirty: 12 Writeback: 0 
1783545574 Dirty: 20 Writeback: 0 
1783545575 Dirty: 28 Writeback: 0 
1783545576 Dirty: 60 Writeback: 0 
1783545577 Dirty: 64 Writeback: 0 
1783545578 Dirty: 64 Writeback: 0 
1783545579 Dirty: 48 Writeback: 0 
1783545580 Dirty: 56 Writeback: 0 
1783545581 Dirty: 56 Writeback: 0 
1783545582 Dirty: 24 Writeback: 0 
1783545583 Dirty: 32 Writeback: 0 
1783545584 Dirty: 0 Writeback: 0 
1783545585 Dirty: 24 Writeback: 0 
1783545586 Dirty: 60 Writeback: 0 
1783545587 Dirty: 60 Writeback: 0 
1783545588 Dirty: 64 Writeback: 0 
1783545589 Dirty: 32 Writeback: 0 
1783545590 Dirty: 44 Writeback: 0 
1783545591 Dirty: 64 Writeback: 0 
1783545592 Dirty: 64 Writeback: 0 
1783545593 Dirty: 24 Writeback: 0 
1783545594 Dirty: 24 Writeback: 0 
