1783546552 
1783546553       1 2 
1783546554       1 2 
1783546555       1 2 
1783546556       1 2 
1783546557       2 2 
1783546558       2 2 
1783546559       2 2 
1783546560       2 2 
1783546561       2 2 
1783546562       2 2 
1783546563       2 2 
1783546564       2 2 
1783546565       2 2 
1783546566       2 2 
1783546567       2 2 
1783546568       2 2 
1783546569       2 2 
1783546570       2 2 
1783546571       2 2 
1783546572       2 2 
1783546573       2 2 
1783546575       2 2 
1783546576       2 2 
1783546577       2 2 
1783546578       1 2 
1783546579       1 2 
