1783551046 Dirty: 96 Writeback: 0 
1783551047 Dirty: 156 Writeback: 0 
1783551048 Dirty: 204 Writeback: 0 
1783551049 Dirty: 460 Writeback: 0 
1783551050 Dirty: 156 Writeback: 0 
1783551051 Dirty: 156 Writeback: 0 
1783551052 Dirty: 168 Writeback: 0 
1783551053 Dirty: 168 Writeback: 0 
1783551054 Dirty: 172 Writeback: 0 
1783551055 Dirty: 12 Writeback: 0 
1783551056 Dirty: 56 Writeback: 0 
1783551057 Dirty: 56 Writeback: 0 
1783551058 Dirty: 224 Writeback: 0 
1783551059 Dirty: 232 Writeback: 0 
1783551060 Dirty: 236 Writeback: 0 
1783551061 Dirty: 240 Writeback: 0 
1783551062 Dirty: 244 Writeback: 0 
1783551063 Dirty: 96 Writeback: 0 
1783551064 Dirty: 104 Writeback: 0 
1783551065 Dirty: 28 Writeback: 0 
1783551066 Dirty: 60 Writeback: 0 
1783551067 Dirty: 76 Writeback: 0 
1783551068 Dirty: 80 Writeback: 0 
1783551069 Dirty: 92 Writeback: 0 
1783551070 Dirty: 44 Writeback: 0 
1783551071 Dirty: 92 Writeback: 0 
1783551072 Dirty: 92 Writeback: 0 
1783551073 Dirty: 96 Writeback: 0 
1783551074 Dirty: 116 Writeback: 0 
1783551075 Dirty: 60 Writeback: 28 
1783551076 Dirty: 96 Writeback: 0 
1783551077 Dirty: 104 Writeback: 0 
1783551078 Dirty: 124 Writeback: 0 
1783551079 Dirty: 128 Writeback: 0 
1783551080 Dirty: 32 Writeback: 0 
1783551081 Dirty: 64 Writeback: 0 
1783551082 Dirty: 72 Writeback: 0 
1783551083 Dirty: 88 Writeback: 0 
1783551084 Dirty: 96 Writeback: 0 
1783551085 Dirty: 52 Writeback: 0 
1783551086 Dirty: 88 Writeback: 0 
1783551087 Dirty: 96 Writeback: 0 
1783551088 Dirty: 112 Writeback: 0 
1783551089 Dirty: 112 Writeback: 0 
1783551090 Dirty: 32 Writeback: 0 
1783551091 Dirty: 72 Writeback: 0 
1783551092 Dirty: 96 Writeback: 0 
1783551093 Dirty: 104 Writeback: 0 
1783551094 Dirty: 116 Writeback: 0 
1783551095 Dirty: 136 Writeback: 0 
1783551096 Dirty: 80 Writeback: 0 
1783551097 Dirty: 96 Writeback: 0 
1783551098 Dirty: 52 Writeback: 0 
1783551099 Dirty: 68 Writeback: 0 
1783551100 Dirty: 80 Writeback: 0 
1783551101 Dirty: 160 Writeback: 0 
1783551102 Dirty: 164 Writeback: 0 
1783551103 Dirty: 168 Writeback: 0 
1783551104 Dirty: 148 Writeback: 0 
1783551105 Dirty: 164 Writeback: 0 
1783551106 Dirty: 160 Writeback: 0 
1783551107 Dirty: 168 Writeback: 0 
1783551108 Dirty: 136 Writeback: 0 
1783551109 Dirty: 48 Writeback: 0 
1783551110 Dirty: 72 Writeback: 0 
1783551111 Dirty: 72 Writeback: 0 
1783551112 Dirty: 84 Writeback: 0 
1783551113 Dirty: 84 Writeback: 0 
1783551114 Dirty: 60 Writeback: 0 
1783551115 Dirty: 100 Writeback: 0 
1783551116 Dirty: 100 Writeback: 0 
1783551117 Dirty: 124 Writeback: 0 
1783551118 Dirty: 132 Writeback: 0 
1783551119 Dirty: 72 Writeback: 0 
1783551120 Dirty: 104 Writeback: 0 
1783551121 Dirty: 124 Writeback: 0 
1783551122 Dirty: 128 Writeback: 0 
1783551123 Dirty: 140 Writeback: 0 
1783551124 Dirty: 152 Writeback: 0 
1783551125 Dirty: 116 Writeback: 0 
1783551126 Dirty: 132 Writeback: 0 
1783551127 Dirty: 132 Writeback: 0 
1783551128 Dirty: 132 Writeback: 0 
1783551129 Dirty: 16 Writeback: 0 
1783551130 Dirty: 76 Writeback: 0 
1783551131 Dirty: 76 Writeback: 0 
1783551132 Dirty: 76 Writeback: 0 
1783551133 Dirty: 84 Writeback: 0 
1783551134 Dirty: 104 Writeback: 0 
1783551135 Dirty: 84 Writeback: 0 
1783551136 Dirty: 88 Writeback: 0 
1783551137 Dirty: 88 Writeback: 0 
1783551138 Dirty: 112 Writeback: 0 
1783551139 Dirty: 20 Writeback: 0 
1783551140 Dirty: 64 Writeback: 0 
1783551141 Dirty: 84 Writeback: 0 
1783551142 Dirty: 92 Writeback: 0 
1783551143 Dirty: 100 Writeback: 0 
1783551144 Dirty: 108 Writeback: 0 
1783551145 Dirty: 84 Writeback: 0 
1783551146 Dirty: 84 Writeback: 0 
1783551147 Dirty: 84 Writeback: 0 
1783551148 Dirty: 92 Writeback: 0 
