1783547232 Dirty: 12 Writeback: 0 
1783547233 Dirty: 16 Writeback: 0 
1783547234 Dirty: 28 Writeback: 0 
1783547235 Dirty: 32 Writeback: 0 
1783547236 Dirty: 32 Writeback: 0 
1783547237 Dirty: 72 Writeback: 0 
1783547238 Dirty: 72 Writeback: 0 
1783547239 Dirty: 8 Writeback: 0 
1783547240 Dirty: 20 Writeback: 0 
1783547241 Dirty: 24 Writeback: 0 
1783547242 Dirty: 36 Writeback: 0 
1783547243 Dirty: 44 Writeback: 0 
1783547244 Dirty: 44 Writeback: 0 
1783547245 Dirty: 20 Writeback: 0 
1783547246 Dirty: 32 Writeback: 0 
1783547247 Dirty: 48 Writeback: 0 
1783547248 Dirty: 44 Writeback: 0 
1783547249 Dirty: 48 Writeback: 0 
1783547250 Dirty: 48 Writeback: 0 
1783547251 Dirty: 0 Writeback: 0 
1783547252 Dirty: 36 Writeback: 0 
1783547253 Dirty: 44 Writeback: 0 
1783547254 Dirty: 44 Writeback: 0 
1783547255 Dirty: 48 Writeback: 0 
1783547256 Dirty: 4 Writeback: 4 
1783547257 Dirty: 36 Writeback: 4 
1783547258 Dirty: 48 Writeback: 0 
1783547259 Dirty: 48 Writeback: 0 
1783547260 Dirty: 48 Writeback: 0 
1783547261 Dirty: 56 Writeback: 0 
1783547262 Dirty: 40 Writeback: 0 
1783547263 Dirty: 48 Writeback: 0 
1783547264 Dirty: 48 Writeback: 0 
1783547265 Dirty: 56 Writeback: 0 
1783547266 Dirty: 60 Writeback: 0 
1783547267 Dirty: 16 Writeback: 0 
1783547268 Dirty: 48 Writeback: 0 
1783547269 Dirty: 52 Writeback: 0 
1783547270 Dirty: 52 Writeback: 0 
1783547271 Dirty: 56 Writeback: 0 
1783547272 Dirty: 56 Writeback: 0 
1783547273 Dirty: 28 Writeback: 0 
1783547274 Dirty: 32 Writeback: 0 
1783547275 Dirty: 36 Writeback: 0 
1783547276 Dirty: 36 Writeback: 0 
1783547277 Dirty: 52 Writeback: 0 
1783547278 Dirty: 16 Writeback: 0 
1783547279 Dirty: 24 Writeback: 0 
1783547280 Dirty: 28 Writeback: 0 
1783547281 Dirty: 32 Writeback: 0 
1783547282 Dirty: 60 Writeback: 0 
1783547283 Dirty: 16 Writeback: 0 
1783547284 Dirty: 28 Writeback: 0 
1783547285 Dirty: 28 Writeback: 0 
1783547286 Dirty: 32 Writeback: 0 
1783547287 Dirty: 64 Writeback: 0 
1783547288 Dirty: 0 Writeback: 0 
