1783546955 
1783546956       1 2 
1783546957       1 2 
1783546958       1 2 
1783546959       1 2 
1783546960       1 2 
1783546961       1 2 
1783546962       1 2 
1783546963       1 2 
1783546964       1 2 
1783546965       1 2 
1783546966       1 2 
1783546967       1 2 
1783546968       1 2 
1783546969       1 2 
1783546970       1 2 
1783546972       1 2 
1783546973       1 2 
1783546974       1 2 
1783546975       1 2 
1783546976       1 2 
1783546977       1 2 
1783546978       1 2 
1783546979       1 2 
1783546980       1 2 
