1783539917 
1783539918 
1783539919 
1783539920 
1783539921 
1783539922 
1783539923 
1783539924 
1783539925 
1783539926 
1783539927 
1783539928 
1783539929 
1783539930 
1783539931 
1783539932 
1783539933 
1783539934 
1783539935 
1783539936 
1783539937 
1783539938 
1783539939 
1783539940 
1783539941 
1783539942 
1783539943 
1783539944 
1783539945 
1783539946 
1783539947 
1783539949 
1783539950 
1783539951 
1783539952 
1783539953 
1783539954 
1783539955 
1783539956 
1783539957 
1783539958 
1783539959 
1783539960 
1783539961 
1783539962 
1783539963 
1783539964 
1783539965 
1783539966 
1783539967 
1783539968 
1783539969 
1783539970 
1783539971 
1783539972 
1783539973 
1783539974 
1783539975 
1783539976 
1783539977 
1783539978 
1783539979 
1783539980 
1783539981 
1783539982 
1783539983 
1783539984 
1783539985 
1783539986 
1783539987 
1783539988 
1783539989 
1783539990 
1783539991 
1783539992 
1783539993 
1783539994 
1783539995 
1783539996 
1783539997 
1783539998 
1783539999 
1783540000 
1783540001 
1783540002 
1783540003 
1783540004 
1783540005 
1783540006 
1783540007 
1783540008 
1783540009 
1783540010 
1783540011 
1783540012 
1783540013 
1783540014 
1783540015 
1783540016 
1783540017 
1783540018 
1783540020 
1783540021 
1783540022 
1783540023 
1783540024 
1783540025 
1783540026 
1783540027 
1783540028 
1783540029 
1783540030 
1783540031 
1783540032 
1783540033 
1783540034 
1783540035 
1783540036 
1783540037 
1783540038 
1783540039 
1783540040 
1783540041 
1783540042 
