1783539535 0
1783539536 0
1783539537 0
1783539538 0
1783539539 0
1783539540 0
1783539541 0
1783539542 0
1783539543 0
1783539544 0
1783539545 0
1783539546 0
1783539547 0
1783539548 0
1783539549 0
1783539550 0
1783539551 0
1783539552 0
1783539553 0
1783539554 0
1783539555 0
1783539556 0
1783539557 0
1783539558 0
1783539559 0
1783539560 0
1783539561 0
1783539562 0
1783539563 0
1783539564 0
1783539565 0
1783539566 0
1783539567 0
1783539568 0
1783539569 0
1783539571 0
1783539572 0
1783539573 0
1783539574 0
1783539575 0
1783539576 0
1783539577 0
1783539578 0
1783539579 0
1783539580 0
1783539581 0
1783539582 0
1783539583 0
1783539584 0
1783539585 0
1783539586 0
1783539587 0
1783539588 0
1783539589 0
1783539590 0
1783539591 0
1783539592 0
1783539593 0
1783539594 0
1783539595 0
1783539596 0
1783539597 0
1783539598 0
1783539599 0
1783539600 0
1783539601 0
1783539602 0
1783539603 0
1783539604 0
1783539605 0
1783539606 0
1783539607 0
1783539608 0
1783539609 0
1783539610 0
1783539611 0
1783539612 0
1783539613 0
1783539614 0
1783539615 0
1783539616 0
1783539617 0
1783539618 0
1783539619 0
1783539620 0
1783539621 0
1783539622 0
1783539623 0
1783539624 0
1783539625 0
1783539626 0
1783539627 0
1783539628 0
1783539629 0
1783539630 0
1783539631 0
1783539632 0
1783539633 0
1783539634 0
1783539635 0
1783539636 0
1783539637 0
1783539638 0
1783539639 0
1783539640 0
1783539641 0
1783539642 0
1783539643 0
1783539645 0
1783539646 0
1783539647 0
1783539648 0
1783539649 0
1783539650 0
1783539651 0
1783539652 0
1783539653 0
1783539654 0
1783539655 0
1783539656 0
1783539657 0
1783539658 0
1783539659 0
1783539660 0
