1783539535 
1783539536 
1783539537 
1783539538 
1783539539 
1783539540 
1783539541 
1783539542 
1783539543 
1783539544 
1783539545 
1783539546 
1783539547 
1783539548 
1783539549 
1783539550 
1783539551 
1783539552 
1783539553 
1783539554 
1783539555 
1783539556 
1783539557 
1783539558 
1783539559 
1783539560 
1783539561 
1783539562 
1783539563 
1783539564 
1783539565 
1783539566 
1783539567 
1783539568 
1783539569 
1783539570 
1783539572 
1783539573 
1783539574 
1783539575 
1783539576 
1783539577 
1783539578 
1783539579 
1783539580 
1783539581 
1783539582 
1783539583 
1783539584 
1783539585 
1783539586 
1783539587 
1783539588 
1783539589 
1783539590 
1783539591 
1783539592 
1783539593 
1783539594 
1783539595 
1783539596 
1783539597 
1783539598 
1783539599 
1783539600 
1783539601 
1783539602 
1783539603 
1783539604 
1783539605 
1783539606 
1783539607 
1783539608 
1783539609 
1783539610 
1783539611 
1783539612 
1783539613 
1783539614 
1783539615 
1783539616 
1783539617 
1783539618 
1783539619 
1783539620 
1783539621 
1783539622 
1783539623 
1783539624 
1783539625 
1783539626 
1783539627 
1783539628 
1783539629 
1783539630 
1783539631 
1783539632 
1783539633 
1783539634 
1783539635 
1783539636 
1783539637 
1783539638 
1783539639 
1783539640 
1783539641 
1783539642 
1783539643 
1783539644 
1783539646 
1783539647 
1783539648 
1783539649 
1783539650 
1783539651 
1783539652 
1783539653 
1783539654 
1783539655 
1783539656 
1783539657 
1783539658 
1783539659 
1783539660 
