1783538644 
1783538645 
1783538646 
1783538647 
1783538648 
1783538649 
1783538650 
1783538651 
1783538652 
1783538653 
1783538654 
1783538655 
1783538656 
1783538657 
1783538658 
1783538659 
1783538660 
1783538661 
1783538662 
1783538663 
1783538664 
1783538665 
1783538666 
1783538667 
1783538668 
1783538669 
1783538670 
1783538671 
1783538672 
1783538673 
1783538674 
1783538675 
1783538676 
1783538677 
1783538678 
1783538679 
1783538680 
1783538681 
1783538682 
1783538683 
1783538684 
1783538685 
1783538686 
1783538687 
1783538688 
1783538689 
1783538690 
1783538691 
1783538692 
1783538693 
1783538694 
1783538695 
1783538696 
1783538697 
1783538698 
1783538699 
1783538700 
1783538701 
1783538702 
1783538703 
1783538704 
1783538705 
1783538706 
1783538707 
1783538708 
1783538709 
1783538710 
1783538711 
1783538712 
1783538713 
1783538714 
1783538715 
1783538716 
1783538718 
1783538719 
1783538720 
1783538721 
1783538722 
1783538723 
1783538724 
1783538725 
1783538726 
1783538727 
1783538728 
1783538729 
1783538730 
1783538731 
1783538732 
1783538733 
1783538734 
1783538735 
1783538736 
1783538737 
1783538738 
1783538739 
1783538740 
1783538741 
1783538742 
1783538743 
1783538744 
1783538745 
1783538746 
1783538747 
1783538748 
1783538749 
1783538750 
1783538751 
1783538752 
1783538753 
1783538754 
1783538755 
1783538756 
1783538757 
1783538758 
1783538759 
1783538760 
1783538761 
1783538762 
1783538763 
1783538764 
1783538765 
1783538766 
1783538767 
1783538768 
