1783541573 
1783541574 
1783541575 
1783541576 
1783541577 
1783541578 
1783541579 
1783541580 
1783541581 
1783541582 
1783541583 
1783541584 
1783541585 
1783541586 
1783541587 
1783541588 
1783541589 
1783541590 
1783541591 
1783541592 
1783541593 
1783541594 
1783541595 
1783541596 
1783541597 
1783541598 
1783541599 
1783541600 
1783541601 
1783541602 
1783541603 
1783541604 
1783541605 
1783541606 
1783541607 
1783541608 
1783541609 
1783541610 
1783541611 
1783541612 
1783541613 
1783541614 
1783541615 
1783541616 
1783541617 
1783541618 
1783541619 
1783541620 
1783541621 
1783541622 
1783541623 
1783541624 
1783541625 
1783541626 
1783541627 
1783541628 
1783541629 
1783541630 
1783541631 
1783541632 
1783541633 
1783541634 
1783541635 
1783541636 
1783541638 
1783541639 
1783541640 
1783541641 
1783541642 
1783541643 
1783541644 
1783541645 
1783541646 
1783541647 
1783541648 
1783541649 
1783541650 
1783541651 
1783541652 
1783541653 
1783541654 
1783541655 
1783541656 
1783541657 
1783541658 
1783541659 
1783541660 
1783541661 
1783541662 
1783541663 
1783541664 
1783541665 
1783541666 
1783541667 
1783541668 
1783541669 
1783541670 
1783541671 
1783541672 
1783541673 
1783541674 
1783541675 
1783541676 
1783541677 
1783541678 
1783541679 
1783541680 
1783541681 
1783541682 
1783541683 
1783541684 
1783541685 
1783541686 
1783541687 
1783541688 
1783541689 
1783541690 
1783541691 
1783541692 
1783541693 
1783541694 
1783541695 
1783541696 
1783541697 
