1783541573 Dirty: 84 Writeback: 0 
1783541574 Dirty: 100 Writeback: 0 
1783541575 Dirty: 112 Writeback: 0 
1783541576 Dirty: 224 Writeback: 0 
1783541577 Dirty: 44 Writeback: 0 
1783541578 Dirty: 72 Writeback: 0 
1783541579 Dirty: 44 Writeback: 0 
1783541580 Dirty: 48 Writeback: 0 
1783541581 Dirty: 52 Writeback: 0 
1783541582 Dirty: 52 Writeback: 0 
1783541583 Dirty: 68 Writeback: 0 
1783541584 Dirty: 72 Writeback: 0 
1783541585 Dirty: 40 Writeback: 0 
1783541586 Dirty: 52 Writeback: 0 
1783541587 Dirty: 24 Writeback: 0 
1783541588 Dirty: 40 Writeback: 0 
1783541589 Dirty: 40 Writeback: 0 
1783541590 Dirty: 44 Writeback: 0 
1783541591 Dirty: 32 Writeback: 0 
1783541592 Dirty: 32 Writeback: 0 
1783541593 Dirty: 40 Writeback: 0 
1783541594 Dirty: 32 Writeback: 0 
1783541595 Dirty: 32 Writeback: 0 
1783541596 Dirty: 12 Writeback: 0 
1783541597 Dirty: 12 Writeback: 0 
1783541598 Dirty: 44 Writeback: 0 
1783541599 Dirty: 44 Writeback: 0 
1783541600 Dirty: 44 Writeback: 0 
1783541601 Dirty: 16 Writeback: 0 
1783541602 Dirty: 36 Writeback: 0 
1783541603 Dirty: 48 Writeback: 0 
1783541604 Dirty: 24 Writeback: 0 
1783541605 Dirty: 24 Writeback: 0 
1783541606 Dirty: 12 Writeback: 0 
1783541607 Dirty: 24 Writeback: 0 
1783541608 Dirty: 24 Writeback: 0 
1783541609 Dirty: 24 Writeback: 0 
1783541610 Dirty: 60 Writeback: 0 
1783541611 Dirty: 60 Writeback: 0 
1783541612 Dirty: 36 Writeback: 0 
1783541613 Dirty: 36 Writeback: 0 
1783541614 Dirty: 32 Writeback: 0 
1783541615 Dirty: 36 Writeback: 0 
1783541616 Dirty: 36 Writeback: 0 
1783541617 Dirty: 48 Writeback: 0 
1783541618 Dirty: 24 Writeback: 0 
1783541619 Dirty: 24 Writeback: 0 
1783541620 Dirty: 60 Writeback: 0 
1783541621 Dirty: 212 Writeback: 0 
1783541622 Dirty: 212 Writeback: 0 
1783541623 Dirty: 188 Writeback: 0 
1783541624 Dirty: 152 Writeback: 0 
1783541625 Dirty: 176 Writeback: 0 
1783541626 Dirty: 48 Writeback: 0 
1783541627 Dirty: 48 Writeback: 0 
1783541628 Dirty: 16 Writeback: 0 
1783541629 Dirty: 64 Writeback: 0 
1783541630 Dirty: 68 Writeback: 0 
1783541631 Dirty: 64 Writeback: 0 
1783541632 Dirty: 72 Writeback: 0 
1783541633 Dirty: 36 Writeback: 0 
1783541634 Dirty: 28 Writeback: 0 
1783541635 Dirty: 32 Writeback: 0 
1783541636 Dirty: 36 Writeback: 0 
1783541637 Dirty: 28 Writeback: 0 
1783541638 Dirty: 36 Writeback: 0 
1783541639 Dirty: 24 Writeback: 0 
1783541640 Dirty: 32 Writeback: 0 
1783541641 Dirty: 32 Writeback: 0 
1783541642 Dirty: 36 Writeback: 0 
1783541643 Dirty: 48 Writeback: 0 
1783541644 Dirty: 20 Writeback: 0 
1783541645 Dirty: 24 Writeback: 0 
1783541646 Dirty: 32 Writeback: 0 
1783541647 Dirty: 32 Writeback: 0 
1783541648 Dirty: 64 Writeback: 0 
1783541649 Dirty: 36 Writeback: 0 
1783541650 Dirty: 48 Writeback: 0 
1783541651 Dirty: 48 Writeback: 0 
1783541652 Dirty: 56 Writeback: 0 
1783541653 Dirty: 64 Writeback: 0 
1783541654 Dirty: 0 Writeback: 0 
1783541655 Dirty: 8 Writeback: 0 
1783541656 Dirty: 20 Writeback: 0 
1783541657 Dirty: 24 Writeback: 0 
1783541658 Dirty: 28 Writeback: 0 
1783541659 Dirty: 56 Writeback: 0 
1783541660 Dirty: 52 Writeback: 0 
1783541661 Dirty: 52 Writeback: 0 
1783541662 Dirty: 60 Writeback: 0 
1783541663 Dirty: 60 Writeback: 0 
1783541664 Dirty: 32 Writeback: 0 
1783541665 Dirty: 36 Writeback: 0 
1783541666 Dirty: 12 Writeback: 0 
1783541667 Dirty: 24 Writeback: 0 
1783541668 Dirty: 228 Writeback: 0 
1783541669 Dirty: 228 Writeback: 0 
1783541670 Dirty: 228 Writeback: 0 
1783541671 Dirty: 196 Writeback: 0 
1783541672 Dirty: 220 Writeback: 0 
1783541673 Dirty: 64 Writeback: 0 
1783541674 Dirty: 44 Writeback: 0 
1783541675 Dirty: 44 Writeback: 0 
1783541676 Dirty: 44 Writeback: 0 
1783541677 Dirty: 20 Writeback: 0 
1783541678 Dirty: 16 Writeback: 12 
1783541679 Dirty: 60 Writeback: 0 
1783541680 Dirty: 60 Writeback: 0 
1783541681 Dirty: 68 Writeback: 0 
1783541682 Dirty: 68 Writeback: 0 
1783541683 Dirty: 224 Writeback: 0 
1783541684 Dirty: 32 Writeback: 0 
1783541685 Dirty: 172 Writeback: 0 
1783541686 Dirty: 176 Writeback: 0 
1783541687 Dirty: 180 Writeback: 0 
1783541688 Dirty: 152 Writeback: 0 
1783541689 Dirty: 40 Writeback: 0 
1783541690 Dirty: 48 Writeback: 0 
1783541691 Dirty: 48 Writeback: 0 
1783541692 Dirty: 48 Writeback: 0 
1783541693 Dirty: 28 Writeback: 0 
1783541694 Dirty: 24 Writeback: 0 
1783541695 Dirty: 28 Writeback: 0 
1783541696 Dirty: 28 Writeback: 0 
1783541697 Dirty: 32 Writeback: 0 
