1783552863 
1783552864 
1783552865 
1783552866 
1783552867 
1783552869 
1783552870 
1783552871 
1783552872 
1783552873 
1783552874 
1783552875 
1783552876 
1783552877 
1783552878 
1783552879 
1783552880 
1783552881 
1783552882 
1783552883 
1783552884 
1783552885 
1783552886 
1783552887 
1783552888 
1783552889 
1783552890 
1783552891 
1783552892 
1783552893 
1783552894 
1783552895 
1783552896 
1783552897 
1783552898 
1783552899 
1783552900 
1783552901 
1783552902 
1783552903 
1783552904 
1783552905 
1783552906 
1783552907 
1783552908 
1783552909 
1783552910 
1783552911 
1783552912 
1783552913 
1783552914 
1783552915 
1783552916 
1783552917 
1783552918 
1783552919 
1783552920 
1783552921 
1783552922 
1783552923 
1783552924 
1783552925 
1783552926 
1783552928 
1783552929 
1783552930 
1783552931 
1783552932 
1783552933 
1783552934 
1783552935 
1783552936 
1783552937 
1783552938 
1783552939 
1783552940 
1783552941 
1783552942 
1783552943 
1783552944 
1783552945 
1783552946 
1783552947 
1783552948 
1783552949 
1783552950 
1783552951 
1783552952 
1783552953 
1783552954 
1783552955 
1783552956 
1783552957 
1783552958 
1783552959 
1783552960 
1783552961 
1783552962 
1783552963 
1783552964 
1783552965 
1783552966 
1783552967 
1783552968 
1783552969 
1783552970 
1783552971 
1783552972 
1783552973 
1783552974 
1783552975 
1783552976 
1783552977 
1783552978 
1783552979 
1783552980 
1783552981 
1783552982 
1783552983 
1783552984 
1783552985 
1783552987 
1783552988 
1783552989 
1783552990 
1783552991 
1783552992 
1783552993 
1783552994 
1783552995 
1783552996 
1783552997 
1783552998 
1783552999 
1783553000 
1783553001 
1783553002 
1783553003 
1783553004 
1783553005 
1783553006 
1783553007 
1783553008 
1783553009 
1783553010 
1783553011 
1783553012 
1783553013 
1783553014 
1783553015 
1783553016 
1783553017 
1783553018 
1783553019 
1783553020 
1783553021 
1783553022 
1783553023 
1783553024 
1783553025 
1783553026 
1783553027 
1783553028 
1783553029 
1783553030 
1783553031 
1783553032 
1783553033 
1783553034 
1783553035 
1783553036 
1783553037 
1783553038 
1783553039 
1783553040 
1783553041 
1783553042 
1783553043 
1783553044 
1783553046 
1783553047 
1783553048 
1783553049 
1783553050 
1783553051 
1783553052 
1783553053 
1783553054 
1783553055 
1783553056 
1783553057 
1783553058 
1783553059 
1783553060 
1783553061 
1783553062 
1783553063 
1783553064 
1783553065 
1783553066 
1783553067 
1783553068 
1783553069 
1783553070 
1783553071 
1783553072 
1783553073 
1783553074 
1783553075 
1783553076 
1783553077 
1783553078 
1783553079 
1783553080 
1783553081 
1783553082 
1783553083 
1783553084 
1783553085 
1783553086 
1783553087 
1783553088 
1783553089 
1783553090 
