1783552863 0
1783552864 0
1783552865 0
1783552866 0
1783552868 0
1783552869 0
1783552870 0
1783552871 0
1783552872 0
1783552873 0
1783552874 0
1783552875 0
1783552876 0
1783552877 0
1783552878 0
1783552879 0
1783552880 0
1783552881 0
1783552882 0
1783552883 0
1783552884 0
1783552885 0
1783552886 0
1783552887 0
1783552888 0
1783552889 0
1783552890 0
1783552891 0
1783552892 0
1783552893 0
1783552894 0
1783552895 0
1783552896 0
1783552897 0
1783552898 0
1783552899 0
1783552900 0
1783552901 0
1783552902 0
1783552903 0
1783552904 0
1783552905 0
1783552906 0
1783552907 0
1783552908 0
1783552909 0
1783552910 0
1783552911 0
1783552912 0
1783552913 0
1783552914 0
1783552915 0
1783552916 0
1783552917 0
1783552918 0
1783552919 0
1783552920 0
1783552921 0
1783552922 0
1783552923 0
1783552924 0
1783552925 0
1783552927 0
1783552928 0
1783552929 0
1783552930 0
1783552931 0
1783552932 0
1783552933 0
1783552934 0
1783552935 0
1783552936 0
1783552937 0
1783552938 0
1783552939 0
1783552940 0
1783552941 0
1783552942 0
1783552943 0
1783552944 0
1783552945 0
1783552946 0
1783552947 0
1783552948 0
1783552949 0
1783552950 0
1783552951 0
1783552952 0
1783552953 0
1783552954 0
1783552955 0
1783552956 0
1783552957 0
1783552958 0
1783552959 0
1783552960 0
1783552961 0
1783552962 0
1783552963 0
1783552964 0
1783552965 0
1783552966 0
1783552967 0
1783552968 0
1783552969 0
1783552970 0
1783552971 0
1783552972 0
1783552973 0
1783552974 0
1783552975 0
1783552976 0
1783552977 0
1783552978 0
1783552979 0
1783552980 0
1783552981 0
1783552982 0
1783552983 0
1783552984 0
1783552986 0
1783552987 0
1783552988 0
1783552989 0
1783552990 0
1783552991 0
1783552992 0
1783552993 0
1783552994 0
1783552995 0
1783552996 0
1783552997 0
1783552998 0
1783552999 0
1783553000 0
1783553001 0
1783553002 0
1783553003 0
1783553004 0
1783553005 0
1783553006 0
1783553007 0
1783553008 0
1783553009 0
1783553010 0
1783553011 0
1783553012 0
1783553013 0
1783553014 0
1783553015 0
1783553016 0
1783553017 0
1783553018 0
1783553019 0
1783553020 0
1783553021 0
1783553022 0
1783553023 0
1783553024 0
1783553025 0
1783553026 0
1783553027 0
1783553028 0
1783553029 0
1783553030 0
1783553031 0
1783553032 0
1783553033 0
1783553034 0
1783553035 0
1783553036 0
1783553037 0
1783553038 0
1783553039 0
1783553040 0
1783553041 0
1783553042 0
1783553043 0
1783553045 0
1783553046 0
1783553047 0
1783553048 0
1783553049 0
1783553050 0
1783553051 0
1783553052 0
1783553053 0
1783553054 0
1783553055 0
1783553056 0
1783553057 0
1783553058 0
1783553059 0
1783553060 0
1783553061 0
1783553062 0
1783553063 0
1783553064 0
1783553065 0
1783553066 0
1783553067 0
1783553068 0
1783553069 0
1783553070 0
1783553071 0
1783553072 0
1783553073 0
1783553074 0
1783553075 0
1783553076 0
1783553077 0
1783553078 0
1783553079 0
1783553080 0
1783553081 0
1783553082 0
1783553083 0
1783553084 0
1783553085 0
1783553086 0
1783553087 0
1783553088 0
1783553089 0
1783553090 0
