1783552863 Dirty: 92 Writeback: 0 
1783552864 Dirty: 164 Writeback: 0 
1783552865 Dirty: 192 Writeback: 0 
1783552866 Dirty: 120 Writeback: 0 
1783552867 Dirty: 148 Writeback: 0 
1783552868 Dirty: 152 Writeback: 0 
1783552869 Dirty: 152 Writeback: 0 
1783552870 Dirty: 160 Writeback: 0 
1783552871 Dirty: 164 Writeback: 0 
1783552872 Dirty: 40 Writeback: 0 
1783552873 Dirty: 52 Writeback: 0 
1783552874 Dirty: 64 Writeback: 0 
1783552875 Dirty: 72 Writeback: 0 
1783552876 Dirty: 92 Writeback: 65536 
1783552877 Dirty: 56 Writeback: 65536 
1783552878 Dirty: 124 Writeback: 0 
1783552880 Dirty: 136 Writeback: 0 
1783552881 Dirty: 260 Writeback: 0 
1783552882 Dirty: 260 Writeback: 0 
1783552883 Dirty: 264 Writeback: 0 
1783552884 Dirty: 208 Writeback: 0 
1783552885 Dirty: 204 Writeback: 0 
1783552886 Dirty: 208 Writeback: 0 
1783552887 Dirty: 212 Writeback: 0 
1783552888 Dirty: 212 Writeback: 0 
1783552889 Dirty: 228 Writeback: 65536 
1783552890 Dirty: 228 Writeback: 65536 
1783552891 Dirty: 144 Writeback: 0 
1783552892 Dirty: 124 Writeback: 0 
1783552893 Dirty: 128 Writeback: 0 
1783552894 Dirty: 128 Writeback: 0 
1783552895 Dirty: 140 Writeback: 0 
1783552896 Dirty: 144 Writeback: 0 
1783552897 Dirty: 76 Writeback: 0 
1783552898 Dirty: 80 Writeback: 0 
1783552899 Dirty: 84 Writeback: 0 
1783552900 Dirty: 88 Writeback: 0 
1783552901 Dirty: 104 Writeback: 65536 
1783552902 Dirty: 56 Writeback: 65536 
1783552903 Dirty: 120 Writeback: 0 
1783552904 Dirty: 136 Writeback: 0 
1783552905 Dirty: 140 Writeback: 0 
1783552906 Dirty: 140 Writeback: 0 
1783552907 Dirty: 144 Writeback: 0 
1783552908 Dirty: 88 Writeback: 16 
1783552909 Dirty: 80 Writeback: 0 
1783552910 Dirty: 80 Writeback: 0 
1783552911 Dirty: 84 Writeback: 0 
1783552912 Dirty: 84 Writeback: 0 
1783552913 Dirty: 112 Writeback: 65536 
1783552914 Dirty: 84 Writeback: 65536 
1783552915 Dirty: 96 Writeback: 65536 
1783552916 Dirty: 100 Writeback: 65536 
1783552917 Dirty: 252 Writeback: 65536 
1783552918 Dirty: 148 Writeback: 0 
1783552919 Dirty: 140 Writeback: 0 
1783552920 Dirty: 140 Writeback: 0 
1783552921 Dirty: 148 Writeback: 0 
1783552922 Dirty: 148 Writeback: 0 
1783552923 Dirty: 156 Writeback: 0 
1783552924 Dirty: 52 Writeback: 0 
1783552925 Dirty: 76 Writeback: 0 
1783552926 Dirty: 84 Writeback: 0 
1783552927 Dirty: 88 Writeback: 0 
1783552928 Dirty: 112 Writeback: 65536 
1783552929 Dirty: 68 Writeback: 65536 
1783552930 Dirty: 76 Writeback: 65536 
1783552931 Dirty: 76 Writeback: 65536 
1783552932 Dirty: 84 Writeback: 65536 
1783552933 Dirty: 128 Writeback: 0 
1783552934 Dirty: 132 Writeback: 0 
1783552935 Dirty: 136 Writeback: 0 
1783552936 Dirty: 140 Writeback: 0 
1783552937 Dirty: 144 Writeback: 0 
1783552938 Dirty: 148 Writeback: 0 
1783552939 Dirty: 72 Writeback: 0 
1783552940 Dirty: 84 Writeback: 0 
1783552941 Dirty: 88 Writeback: 0 
1783552942 Dirty: 88 Writeback: 0 
1783552943 Dirty: 116 Writeback: 65536 
1783552944 Dirty: 60 Writeback: 65536 
1783552945 Dirty: 88 Writeback: 65536 
1783552946 Dirty: 92 Writeback: 65536 
1783552947 Dirty: 100 Writeback: 65536 
1783552948 Dirty: 12 Writeback: 16 
1783552949 Dirty: 124 Writeback: 0 
1783552950 Dirty: 124 Writeback: 0 
1783552951 Dirty: 128 Writeback: 0 
1783552952 Dirty: 128 Writeback: 0 
1783552953 Dirty: 132 Writeback: 0 
1783552954 Dirty: 60 Writeback: 0 
1783552955 Dirty: 80 Writeback: 0 
1783552956 Dirty: 88 Writeback: 0 
1783552957 Dirty: 92 Writeback: 0 
1783552958 Dirty: 108 Writeback: 65536 
1783552959 Dirty: 44 Writeback: 65536 
1783552960 Dirty: 68 Writeback: 65536 
1783552961 Dirty: 68 Writeback: 65536 
1783552962 Dirty: 72 Writeback: 65536 
1783552963 Dirty: 104 Writeback: 0 
1783552964 Dirty: 136 Writeback: 0 
1783552965 Dirty: 140 Writeback: 0 
1783552966 Dirty: 140 Writeback: 0 
1783552967 Dirty: 144 Writeback: 0 
1783552968 Dirty: 144 Writeback: 0 
1783552969 Dirty: 72 Writeback: 0 
1783552970 Dirty: 76 Writeback: 0 
1783552971 Dirty: 80 Writeback: 0 
1783552972 Dirty: 80 Writeback: 0 
1783552973 Dirty: 84 Writeback: 65536 
1783552974 Dirty: 40 Writeback: 65536 
1783552975 Dirty: 64 Writeback: 65536 
1783552976 Dirty: 72 Writeback: 65536 
1783552977 Dirty: 72 Writeback: 65536 
1783552978 Dirty: 92 Writeback: 0 
1783552979 Dirty: 72 Writeback: 0 
1783552980 Dirty: 136 Writeback: 0 
1783552981 Dirty: 144 Writeback: 0 
1783552982 Dirty: 148 Writeback: 0 
1783552983 Dirty: 148 Writeback: 0 
1783552984 Dirty: 148 Writeback: 0 
1783552985 Dirty: 56 Writeback: 0 
1783552986 Dirty: 60 Writeback: 0 
1783552987 Dirty: 64 Writeback: 0 
1783552988 Dirty: 64 Writeback: 0 
1783552989 Dirty: 68 Writeback: 0 
1783552990 Dirty: 72 Writeback: 65536 
1783552991 Dirty: 88 Writeback: 65536 
1783552992 Dirty: 120 Writeback: 0 
1783552993 Dirty: 140 Writeback: 0 
1783552994 Dirty: 144 Writeback: 0 
1783552995 Dirty: 148 Writeback: 0 
1783552996 Dirty: 152 Writeback: 0 
1783552997 Dirty: 84 Writeback: 0 
1783552998 Dirty: 96 Writeback: 0 
1783552999 Dirty: 104 Writeback: 0 
1783553000 Dirty: 112 Writeback: 0 
1783553001 Dirty: 112 Writeback: 0 
1783553002 Dirty: 64 Writeback: 65536 
1783553003 Dirty: 76 Writeback: 65536 
1783553004 Dirty: 124 Writeback: 0 
1783553005 Dirty: 140 Writeback: 0 
1783553006 Dirty: 148 Writeback: 0 
1783553007 Dirty: 148 Writeback: 0 
1783553008 Dirty: 152 Writeback: 0 
1783553009 Dirty: 68 Writeback: 0 
1783553010 Dirty: 72 Writeback: 0 
1783553011 Dirty: 76 Writeback: 0 
1783553012 Dirty: 76 Writeback: 0 
1783553013 Dirty: 80 Writeback: 0 
1783553014 Dirty: 44 Writeback: 65536 
1783553015 Dirty: 76 Writeback: 65536 
1783553016 Dirty: 128 Writeback: 0 
1783553017 Dirty: 144 Writeback: 0 
1783553018 Dirty: 144 Writeback: 0 
1783553019 Dirty: 148 Writeback: 0 
1783553020 Dirty: 148 Writeback: 0 
1783553021 Dirty: 80 Writeback: 0 
1783553022 Dirty: 92 Writeback: 0 
1783553023 Dirty: 96 Writeback: 0 
1783553024 Dirty: 96 Writeback: 0 
1783553025 Dirty: 104 Writeback: 0 
1783553026 Dirty: 56 Writeback: 65536 
1783553027 Dirty: 80 Writeback: 65536 
1783553028 Dirty: 80 Writeback: 65536 
1783553029 Dirty: 84 Writeback: 65536 
1783553030 Dirty: 100 Writeback: 65536 
1783553031 Dirty: 132 Writeback: 0 
1783553032 Dirty: 140 Writeback: 0 
1783553033 Dirty: 140 Writeback: 0 
1783553034 Dirty: 148 Writeback: 0 
1783553035 Dirty: 152 Writeback: 0 
1783553036 Dirty: 24 Writeback: 0 
1783553037 Dirty: 52 Writeback: 0 
1783553038 Dirty: 64 Writeback: 0 
1783553039 Dirty: 64 Writeback: 0 
1783553040 Dirty: 64 Writeback: 0 
1783553041 Dirty: 48 Writeback: 65536 
1783553042 Dirty: 80 Writeback: 65536 
1783553043 Dirty: 84 Writeback: 65536 
1783553044 Dirty: 88 Writeback: 65536 
1783553045 Dirty: 22624 Writeback: 0 
1783553046 Dirty: 104 Writeback: 0 
1783553047 Dirty: 136 Writeback: 0 
1783553048 Dirty: 136 Writeback: 0 
1783553049 Dirty: 140 Writeback: 0 
1783553050 Dirty: 140 Writeback: 0 
1783553051 Dirty: 84 Writeback: 0 
1783553052 Dirty: 88 Writeback: 0 
1783553053 Dirty: 92 Writeback: 0 
1783553054 Dirty: 92 Writeback: 0 
1783553055 Dirty: 100 Writeback: 0 
1783553056 Dirty: 144 Writeback: 65536 
1783553057 Dirty: 68 Writeback: 65536 
1783553058 Dirty: 68 Writeback: 65536 
1783553059 Dirty: 76 Writeback: 65536 
1783553060 Dirty: 76 Writeback: 65536 
1783553061 Dirty: 136 Writeback: 0 
1783553062 Dirty: 140 Writeback: 0 
1783553063 Dirty: 144 Writeback: 0 
1783553064 Dirty: 148 Writeback: 0 
1783553065 Dirty: 148 Writeback: 0 
1783553066 Dirty: 16 Writeback: 0 
1783553067 Dirty: 60 Writeback: 0 
1783553068 Dirty: 60 Writeback: 0 
1783553069 Dirty: 60 Writeback: 0 
1783553070 Dirty: 60 Writeback: 0 
1783553071 Dirty: 96 Writeback: 65536 
1783553072 Dirty: 60 Writeback: 65536 
1783553073 Dirty: 72 Writeback: 65536 
1783553074 Dirty: 76 Writeback: 65536 
1783553075 Dirty: 80 Writeback: 65536 
1783553076 Dirty: 124 Writeback: 0 
1783553077 Dirty: 140 Writeback: 0 
1783553078 Dirty: 144 Writeback: 0 
1783553079 Dirty: 144 Writeback: 0 
1783553080 Dirty: 148 Writeback: 0 
1783553081 Dirty: 16 Writeback: 0 
1783553082 Dirty: 84 Writeback: 0 
1783553083 Dirty: 84 Writeback: 0 
1783553084 Dirty: 96 Writeback: 0 
1783553085 Dirty: 96 Writeback: 0 
1783553086 Dirty: 160 Writeback: 65520 
1783553087 Dirty: 11860 Writeback: 0 
1783553088 Dirty: 54356 Writeback: 0 
1783553089 Dirty: 92 Writeback: 65536 
1783553090 Dirty: 92 Writeback: 65536 
