1783553552 
1783553553 
1783553554 
1783553555 
1783553556 
1783553557 
1783553558 
1783553559 
1783553560 
1783553561 
1783553562 
1783553563 
1783553564 
1783553565 
1783553566 
1783553567 
1783553568 
1783553569 
1783553570 
1783553571 
1783553572 
1783553573 
1783553574 
1783553575 
1783553576 
1783553577 
1783553578 
1783553579 
1783553580 
1783553581 
1783553582 
1783553583 
1783553584 
1783553585 
1783553586 
1783553587 
1783553588 
1783553589 
1783553590 
1783553591 
1783553592 
1783553593 
1783553594 
1783553595 
1783553596 
1783553597 
1783553598 
1783553599 
1783553600 
1783553601 
1783553602 
1783553603 
1783553604 
1783553606 
1783553607 
1783553608 
1783553609 
1783553610 
1783553611 
1783553612 
1783553613 
1783553614 
1783553615 
1783553616 
1783553617 
1783553618 
