1783553552 0
1783553553 0
1783553554 0
1783553555 0
1783553556 0
1783553557 0
1783553558 0
1783553559 0
1783553560 0
1783553561 0
1783553562 0
1783553563 0
1783553564 0
1783553565 0
1783553566 0
1783553567 0
1783553568 0
1783553569 0
1783553570 0
1783553571 0
1783553572 0
1783553573 0
1783553574 0
1783553575 0
1783553576 0
1783553577 0
1783553578 0
1783553579 0
1783553580 0
1783553581 0
1783553582 0
1783553583 0
1783553584 0
1783553585 0
1783553586 0
1783553587 0
1783553588 0
1783553589 0
1783553590 0
1783553591 0
1783553592 0
1783553593 0
1783553594 0
1783553595 0
1783553596 0
1783553597 0
1783553598 0
1783553599 0
1783553600 0
1783553601 0
1783553602 0
1783553603 0
1783553605 0
1783553606 0
1783553607 0
1783553608 0
1783553609 0
1783553610 0
1783553611 0
1783553612 0
1783553613 0
1783553614 0
1783553615 0
1783553616 0
1783553617 0
1783553618 0
