1783553552 Dirty: 80 Writeback: 0 
1783553553 Dirty: 152 Writeback: 0 
1783553554 Dirty: 212 Writeback: 0 
1783553555 Dirty: 120 Writeback: 0 
1783553556 Dirty: 164 Writeback: 0 
1783553557 Dirty: 112 Writeback: 0 
1783553558 Dirty: 136 Writeback: 0 
1783553559 Dirty: 108 Writeback: 0 
1783553560 Dirty: 132 Writeback: 0 
1783553561 Dirty: 88 Writeback: 0 
1783553562 Dirty: 124 Writeback: 0 
1783553563 Dirty: 132 Writeback: 0 
1783553564 Dirty: 132 Writeback: 0 
1783553565 Dirty: 136 Writeback: 0 
1783553566 Dirty: 96 Writeback: 0 
1783553567 Dirty: 132 Writeback: 0 
1783553568 Dirty: 132 Writeback: 0 
1783553569 Dirty: 140 Writeback: 0 
1783553570 Dirty: 144 Writeback: 0 
1783553571 Dirty: 72 Writeback: 0 
1783553572 Dirty: 124 Writeback: 0 
1783553573 Dirty: 124 Writeback: 0 
1783553574 Dirty: 128 Writeback: 0 
1783553575 Dirty: 148 Writeback: 0 
1783553576 Dirty: 120 Writeback: 0 
1783553577 Dirty: 128 Writeback: 0 
1783553578 Dirty: 128 Writeback: 0 
1783553579 Dirty: 140 Writeback: 0 
1783553580 Dirty: 144 Writeback: 0 
1783553581 Dirty: 68 Writeback: 16 
1783553582 Dirty: 128 Writeback: 0 
1783553583 Dirty: 128 Writeback: 0 
1783553584 Dirty: 128 Writeback: 0 
1783553585 Dirty: 132 Writeback: 0 
1783553586 Dirty: 16 Writeback: 0 
1783553587 Dirty: 188 Writeback: 0 
1783553588 Dirty: 132 Writeback: 0 
1783553589 Dirty: 96 Writeback: 0 
1783553590 Dirty: 128 Writeback: 0 
1783553591 Dirty: 160 Writeback: 0 
1783553592 Dirty: 112 Writeback: 0 
1783553593 Dirty: 168 Writeback: 0 
1783553594 Dirty: 132 Writeback: 0 
1783553595 Dirty: 136 Writeback: 0 
1783553596 Dirty: 148 Writeback: 0 
1783553597 Dirty: 148 Writeback: 0 
1783553598 Dirty: 148 Writeback: 0 
1783553599 Dirty: 132 Writeback: 0 
1783553600 Dirty: 144 Writeback: 0 
1783553601 Dirty: 144 Writeback: 0 
1783553602 Dirty: 148 Writeback: 0 
1783553603 Dirty: 124 Writeback: 0 
1783553604 Dirty: 132 Writeback: 0 
1783553605 Dirty: 136 Writeback: 0 
1783553606 Dirty: 140 Writeback: 0 
1783553607 Dirty: 144 Writeback: 0 
1783553608 Dirty: 220 Writeback: 0 
1783553609 Dirty: 268 Writeback: 0 
1783553610 Dirty: 148 Writeback: 0 
1783553611 Dirty: 148 Writeback: 0 
1783553612 Dirty: 152 Writeback: 0 
1783553613 Dirty: 100 Writeback: 0 
1783553614 Dirty: 132 Writeback: 0 
1783553615 Dirty: 144 Writeback: 0 
1783553616 Dirty: 152 Writeback: 0 
1783553617 Dirty: 160 Writeback: 0 
1783553618 Dirty: 212 Writeback: 0 
