1783538261 Dirty: 92 Writeback: 0 
1783538262 Dirty: 104 Writeback: 0 
1783538263 Dirty: 116 Writeback: 0 
1783538264 Dirty: 120 Writeback: 0 
1783538265 Dirty: 128 Writeback: 0 
1783538266 Dirty: 256 Writeback: 0 
1783538267 Dirty: 220 Writeback: 0 
1783538268 Dirty: 232 Writeback: 0 
1783538269 Dirty: 236 Writeback: 0 
1783538271 Dirty: 196 Writeback: 0 
1783538272 Dirty: 216 Writeback: 0 
1783538273 Dirty: 224 Writeback: 0 
1783538274 Dirty: 268 Writeback: 0 
1783538275 Dirty: 272 Writeback: 0 
1783538276 Dirty: 276 Writeback: 0 
1783538277 Dirty: 288 Writeback: 0 
1783538278 Dirty: 260 Writeback: 0 
1783538279 Dirty: 228 Writeback: 0 
1783538280 Dirty: 260 Writeback: 0 
1783538281 Dirty: 260 Writeback: 0 
1783538282 Dirty: 276 Writeback: 0 
1783538283 Dirty: 276 Writeback: 0 
1783538284 Dirty: 260 Writeback: 0 
1783538285 Dirty: 236 Writeback: 0 
1783538286 Dirty: 240 Writeback: 0 
1783538287 Dirty: 244 Writeback: 0 
1783538288 Dirty: 268 Writeback: 0 
1783538289 Dirty: 320 Writeback: 0 
1783538290 Dirty: 336 Writeback: 0 
1783538291 Dirty: 40 Writeback: 0 
1783538292 Dirty: 48 Writeback: 0 
1783538293 Dirty: 36 Writeback: 4 
1783538294 Dirty: 60 Writeback: 0 
1783538295 Dirty: 40 Writeback: 0 
1783538296 Dirty: 40 Writeback: 0 
1783538297 Dirty: 44 Writeback: 0 
1783538298 Dirty: 80 Writeback: 0 
1783538299 Dirty: 84 Writeback: 0 
1783538300 Dirty: 28 Writeback: 0 
1783538301 Dirty: 28 Writeback: 0 
1783538302 Dirty: 44 Writeback: 0 
1783538303 Dirty: 44 Writeback: 0 
1783538304 Dirty: 52 Writeback: 0 
1783538305 Dirty: 20 Writeback: 0 
1783538306 Dirty: 40 Writeback: 0 
1783538307 Dirty: 56 Writeback: 0 
1783538308 Dirty: 32 Writeback: 0 
1783538309 Dirty: 32 Writeback: 0 
1783538310 Dirty: 192 Writeback: 0 
1783538311 Dirty: 172 Writeback: 0 
1783538312 Dirty: 188 Writeback: 0 
1783538313 Dirty: 216 Writeback: 0 
1783538314 Dirty: 224 Writeback: 0 
1783538315 Dirty: 288 Writeback: 0 
1783538316 Dirty: 244 Writeback: 0 
1783538317 Dirty: 260 Writeback: 0 
1783538318 Dirty: 228 Writeback: 0 
1783538319 Dirty: 228 Writeback: 0 
1783538320 Dirty: 236 Writeback: 0 
1783538321 Dirty: 236 Writeback: 0 
1783538322 Dirty: 264 Writeback: 0 
1783538323 Dirty: 268 Writeback: 0 
1783538324 Dirty: 272 Writeback: 0 
1783538325 Dirty: 272 Writeback: 0 
1783538326 Dirty: 276 Writeback: 0 
1783538327 Dirty: 224 Writeback: 0 
1783538328 Dirty: 248 Writeback: 0 
1783538329 Dirty: 248 Writeback: 0 
1783538330 Dirty: 252 Writeback: 0 
1783538331 Dirty: 304 Writeback: 0 
1783538332 Dirty: 332 Writeback: 0 
1783538333 Dirty: 284 Writeback: 0 
1783538334 Dirty: 288 Writeback: 0 
1783538335 Dirty: 292 Writeback: 0 
1783538336 Dirty: 292 Writeback: 0 
1783538337 Dirty: 332 Writeback: 0 
1783538338 Dirty: 308 Writeback: 0 
1783538339 Dirty: 312 Writeback: 0 
1783538340 Dirty: 316 Writeback: 0 
1783538341 Dirty: 76 Writeback: 0 
1783538342 Dirty: 52 Writeback: 0 
1783538343 Dirty: 32 Writeback: 0 
1783538344 Dirty: 44 Writeback: 0 
1783538345 Dirty: 44 Writeback: 0 
1783538346 Dirty: 48 Writeback: 0 
1783538347 Dirty: 72 Writeback: 0 
1783538348 Dirty: 36 Writeback: 0 
1783538349 Dirty: 8 Writeback: 0 
1783538350 Dirty: 24 Writeback: 0 
1783538351 Dirty: 164 Writeback: 0 
1783538352 Dirty: 220 Writeback: 0 
1783538353 Dirty: 248 Writeback: 0 
1783538354 Dirty: 256 Writeback: 0 
1783538355 Dirty: 220 Writeback: 0 
1783538356 Dirty: 72 Writeback: 0 
1783538357 Dirty: 24 Writeback: 0 
1783538358 Dirty: 52 Writeback: 0 
1783538359 Dirty: 56 Writeback: 0 
1783538360 Dirty: 56 Writeback: 0 
1783538361 Dirty: 52 Writeback: 0 
1783538362 Dirty: 60 Writeback: 0 
1783538363 Dirty: 28 Writeback: 0 
1783538364 Dirty: 28 Writeback: 0 
1783538365 Dirty: 32 Writeback: 0 
1783538366 Dirty: 0 Writeback: 0 
1783538367 Dirty: 24 Writeback: 0 
1783538368 Dirty: 56 Writeback: 0 
1783538369 Dirty: 60 Writeback: 0 
1783538370 Dirty: 60 Writeback: 0 
1783538371 Dirty: 64 Writeback: 0 
1783538372 Dirty: 48 Writeback: 0 
1783538373 Dirty: 24 Writeback: 0 
1783538374 Dirty: 28 Writeback: 0 
1783538375 Dirty: 32 Writeback: 0 
1783538376 Dirty: 36 Writeback: 0 
1783538377 Dirty: 12 Writeback: 0 
1783538378 Dirty: 48 Writeback: 0 
1783538379 Dirty: 48 Writeback: 0 
1783538380 Dirty: 48 Writeback: 0 
1783538381 Dirty: 52 Writeback: 0 
1783538382 Dirty: 44 Writeback: 0 
1783538383 Dirty: 28 Writeback: 0 
1783538384 Dirty: 28 Writeback: 0 
1783538385 Dirty: 32 Writeback: 0 
1783538386 Dirty: 32 Writeback: 0 
