1783542209 0
1783542210 0
1783542211 0
1783542212 0
1783542214 0
1783542215 0
1783542216 0
1783542217 0
1783542218 0
1783542219 0
1783542220 0
1783542221 0
1783542222 0
1783542223 0
1783542224 0
1783542225 0
1783542226 0
1783542227 0
1783542228 0
1783542229 0
1783542230 0
1783542231 0
1783542232 0
1783542233 0
1783542234 0
1783542235 0
1783542236 0
1783542237 0
1783542238 0
1783542239 0
1783542240 0
1783542241 0
1783542242 0
1783542243 0
1783542244 0
1783542245 0
1783542246 0
1783542247 0
1783542248 0
1783542249 0
1783542250 0
1783542251 0
1783542252 0
1783542253 0
1783542254 0
1783542255 0
1783542256 0
1783542257 0
1783542258 0
1783542259 0
1783542260 0
1783542261 0
1783542262 0
1783542264 0
1783542265 0
1783542266 0
1783542267 0
1783542268 0
1783542269 0
1783542270 0
1783542271 0
1783542272 0
1783542273 0
1783542274 0
1783542275 0
1783542276 0
1783542277 0
1783542278 0
1783542279 0
1783542280 0
1783542281 0
1783542282 0
1783542283 0
1783542284 0
1783542285 0
1783542286 0
1783542287 0
1783542288 0
1783542289 0
1783542290 0
1783542291 0
1783542292 0
1783542293 0
1783542294 0
1783542295 0
1783542296 0
1783542297 0
1783542298 0
1783542299 0
1783542300 0
1783542301 0
1783542302 0
1783542303 0
1783542304 0
1783542305 0
1783542306 0
1783542307 0
1783542308 0
1783542309 0
1783542310 0
1783542311 0
1783542313 0
1783542314 0
1783542315 0
1783542316 0
1783542317 0
1783542318 0
1783542319 0
1783542320 0
1783542321 0
1783542322 0
1783542323 0
1783542324 0
1783542325 0
1783542326 0
1783542327 0
1783542328 0
1783542329 0
1783542330 0
1783542331 0
1783542332 0
1783542333 0
1783542334 0
