1783547061 Dirty: 0 Writeback: 0 
1783547062 Dirty: 36 Writeback: 0 
1783547063 Dirty: 36 Writeback: 0 
1783547064 Dirty: 40 Writeback: 0 
1783547065 Dirty: 40 Writeback: 0 
1783547066 Dirty: 44 Writeback: 0 
1783547067 Dirty: 72 Writeback: 0 
1783547068 Dirty: 80 Writeback: 0 
1783547069 Dirty: 80 Writeback: 0 
1783547070 Dirty: 84 Writeback: 0 
1783547071 Dirty: 84 Writeback: 0 
1783547072 Dirty: 84 Writeback: 0 
1783547073 Dirty: 84 Writeback: 0 
1783547074 Dirty: 92 Writeback: 0 
1783547075 Dirty: 92 Writeback: 0 
1783547076 Dirty: 96 Writeback: 0 
1783547077 Dirty: 96 Writeback: 0 
1783547078 Dirty: 100 Writeback: 0 
1783547079 Dirty: 100 Writeback: 0 
1783547080 Dirty: 104 Writeback: 0 
1783547081 Dirty: 104 Writeback: 0 
1783547082 Dirty: 104 Writeback: 0 
1783547083 Dirty: 116 Writeback: 0 
1783547084 Dirty: 116 Writeback: 0 
1783547085 Dirty: 116 Writeback: 0 
