1783540809 
1783540810 
1783540811 
1783540812 
1783540813 
1783540814 
1783540815 
1783540816 
1783540817 
1783540818 
1783540819 
1783540820 
1783540821 
1783540822 
1783540823 
1783540824 
1783540825 
1783540826 
1783540827 
1783540828 
1783540829 
1783540830 
1783540831 
1783540832 
1783540833 
1783540834 
1783540835 
1783540836 
1783540837 
1783540838 
1783540839 
1783540840 
1783540841 
1783540842 
1783540843 
1783540844 
1783540845 
1783540846 
1783540847 
1783540848 
1783540849 
1783540850 
1783540851 
1783540852 
1783540853 
1783540854 
1783540855 
1783540856 
1783540857 
1783540858 
1783540859 
1783540860 
1783540861 
1783540862 
1783540863 
1783540864 
1783540865 
1783540866 
1783540867 
1783540868 
1783540869 
1783540870 
1783540871 
1783540872 
1783540873 
1783540874 
1783540875 
1783540876 
1783540877 
1783540879 
1783540880 
1783540881 
1783540882 
1783540883 
1783540884 
1783540885 
1783540886 
1783540887 
1783540888 
1783540889 
1783540890 
1783540891 
1783540892 
1783540893 
1783540894 
1783540895 
1783540896 
1783540897 
1783540898 
1783540899 
1783540900 
1783540901 
1783540902 
1783540903 
1783540904 
1783540905 
1783540906 
1783540907 
1783540908 
1783540909 
1783540910 
1783540911 
1783540912 
1783540913 
1783540914 
1783540915 
1783540916 
1783540917 
1783540918 
1783540919 
1783540920 
1783540921 
1783540922 
1783540923 
1783540924 
1783540925 
1783540926 
1783540927 
1783540928 
1783540929 
1783540930 
1783540931 
1783540932 
1783540933 
