1783547298 0
1783547299 0
1783547300 0
1783547301 0
1783547302 0
1783547303 0
1783547304 0
1783547305 0
1783547306 0
1783547307 0
1783547308 0
1783547309 0
1783547310 0
1783547311 0
1783547312 0
1783547313 0
1783547314 0
1783547315 0
1783547316 0
1783547317 0
1783547318 0
1783547319 0
1783547320 0
1783547321 0
1783547322 0
1783547323 0
1783547324 0
1783547325 0
1783547326 0
1783547327 0
1783547328 0
1783547329 0
1783547330 0
1783547331 0
1783547332 0
1783547333 0
1783547334 0
1783547335 0
1783547336 0
1783547337 0
1783547338 0
1783547339 0
1783547340 0
1783547342 0
1783547343 0
1783547344 0
1783547345 0
1783547346 0
1783547347 0
1783547348 0
1783547349 0
1783547350 0
1783547351 0
1783547352 0
1783547353 0
1783547354 0
1783547355 0
