1783547298 Dirty: 24 Writeback: 0 
1783547299 Dirty: 32 Writeback: 0 
1783547300 Dirty: 20 Writeback: 0 
1783547301 Dirty: 20 Writeback: 0 
1783547302 Dirty: 24 Writeback: 0 
1783547303 Dirty: 24 Writeback: 0 
1783547304 Dirty: 72 Writeback: 0 
1783547305 Dirty: 16 Writeback: 0 
1783547306 Dirty: 28 Writeback: 0 
1783547307 Dirty: 28 Writeback: 0 
1783547308 Dirty: 44 Writeback: 0 
1783547309 Dirty: 44 Writeback: 0 
1783547310 Dirty: 44 Writeback: 0 
1783547311 Dirty: 0 Writeback: 0 
1783547312 Dirty: 32 Writeback: 0 
1783547313 Dirty: 32 Writeback: 0 
1783547314 Dirty: 52 Writeback: 0 
1783547315 Dirty: 52 Writeback: 0 
1783547316 Dirty: 52 Writeback: 0 
1783547317 Dirty: 4 Writeback: 0 
1783547318 Dirty: 44 Writeback: 0 
1783547319 Dirty: 40 Writeback: 0 
1783547320 Dirty: 40 Writeback: 0 
1783547321 Dirty: 40 Writeback: 0 
1783547322 Dirty: 56 Writeback: 0 
1783547323 Dirty: 68 Writeback: 0 
1783547324 Dirty: 52 Writeback: 0 
1783547325 Dirty: 60 Writeback: 0 
1783547326 Dirty: 64 Writeback: 0 
1783547327 Dirty: 64 Writeback: 0 
1783547328 Dirty: 40 Writeback: 0 
1783547329 Dirty: 52 Writeback: 0 
1783547330 Dirty: 52 Writeback: 0 
1783547331 Dirty: 56 Writeback: 0 
1783547332 Dirty: 64 Writeback: 0 
1783547333 Dirty: 36 Writeback: 0 
1783547334 Dirty: 44 Writeback: 0 
1783547335 Dirty: 56 Writeback: 0 
1783547336 Dirty: 56 Writeback: 0 
1783547337 Dirty: 60 Writeback: 0 
1783547338 Dirty: 32 Writeback: 0 
1783547339 Dirty: 40 Writeback: 0 
1783547340 Dirty: 48 Writeback: 0 
1783547341 Dirty: 48 Writeback: 0 
1783547342 Dirty: 48 Writeback: 0 
1783547343 Dirty: 52 Writeback: 0 
1783547344 Dirty: 20 Writeback: 0 
1783547345 Dirty: 28 Writeback: 0 
1783547346 Dirty: 36 Writeback: 0 
1783547347 Dirty: 40 Writeback: 0 
1783547348 Dirty: 68 Writeback: 0 
1783547349 Dirty: 76 Writeback: 0 
1783547350 Dirty: 20 Writeback: 0 
1783547351 Dirty: 24 Writeback: 0 
1783547352 Dirty: 32 Writeback: 0 
1783547353 Dirty: 32 Writeback: 0 
1783547354 Dirty: 72 Writeback: 0 
