1783546377 
1783546378 
1783546379 
1783546380 
1783546381 
1783546382 
1783546383 
1783546384 
1783546385 
1783546386 
1783546387 
1783546388 
1783546389 
1783546390 
1783546391 
1783546392 
1783546393 
1783546394 
1783546395 
1783546396 
1783546397 
1783546398 
1783546399 
1783546400 
1783546401 
1783546402 
1783546403 
1783546404 
1783546405 
1783546406 
1783546407 
1783546408 
1783546409 
1783546410 
1783546411 
1783546412 
1783546413 
1783546414 
1783546415 
1783546416 
1783546417 
1783546418 
1783546419 
1783546420 
1783546421 
1783546422 
1783546423 
1783546424 
1783546425 
1783546426 
1783546427 
1783546428 
1783546429 
1783546430 
1783546431 
1783546432 
1783546433 
1783546434 
1783546435 
1783546436 
1783546437 
1783546438 
1783546440 
1783546441 
1783546442 
1783546443 
1783546444 
1783546445 
1783546446 
1783546447 
1783546448 
1783546449 
1783546450 
1783546451 
1783546452 
1783546453 
1783546454 
1783546455 
1783546456 
1783546457 
1783546458 
1783546459 
1783546460 
1783546461 
1783546462 
1783546463 
1783546464 
1783546465 
1783546466 
1783546467 
1783546468 
1783546469 
1783546470 
1783546471 
1783546472 
1783546473 
1783546474 
1783546475 
1783546476 
1783546477 
1783546478 
1783546479 
1783546480 
1783546481 
1783546482 
1783546483 
1783546484 
1783546485 
1783546486 
1783546487 
1783546488 
1783546489 
1783546490 
1783546491 
1783546492 
1783546493 
1783546494 
1783546495 
1783546496 
1783546497 
1783546498 
1783546499 
1783546500 
1783546501 
