1783552066 0
1783552067 0
1783552068 0
1783552069 0
1783552070 0
1783552071 0
1783552072 0
1783552073 0
1783552074 0
1783552075 0
1783552076 0
1783552077 0
1783552078 0
1783552079 0
1783552080 0
1783552081 0
1783552082 0
1783552083 0
1783552084 0
1783552085 0
1783552086 0
1783552087 0
1783552088 0
1783552089 0
1783552090 0
1783552091 0
1783552092 0
1783552093 0
1783552094 0
1783552095 0
1783552096 0
1783552097 0
1783552098 0
1783552099 0
1783552100 0
1783552101 0
1783552102 0
1783552103 0
1783552105 0
1783552106 0
1783552107 0
1783552108 0
1783552109 0
1783552110 0
1783552111 0
1783552112 0
1783552113 0
1783552114 0
1783552115 0
1783552116 0
1783552117 0
1783552118 0
1783552119 0
1783552120 0
1783552121 0
1783552122 0
1783552123 0
1783552124 0
1783552125 0
1783552126 0
1783552127 0
1783552128 0
1783552129 0
1783552130 0
1783552131 0
1783552132 0
1783552133 0
1783552134 0
1783552135 0
1783552136 0
1783552137 0
1783552138 0
1783552139 0
1783552140 0
