1783552066 
1783552067 
1783552068 
1783552069 
1783552070 
1783552071 
1783552072 
1783552073 
1783552074 
1783552075 
1783552076 
1783552077 
1783552078 
1783552079 
1783552080 
1783552081 
1783552082 
1783552083 
1783552084 
1783552085 
1783552086 
1783552087 
1783552088 
1783552089 
1783552090 
1783552091 
1783552092 
1783552093 
1783552094 
1783552095 
1783552096 
1783552097 
1783552098 
1783552099 
1783552100 
1783552101 
1783552102 
1783552103 
1783552104 
1783552106 
1783552107 
1783552108 
1783552109 
1783552110 
1783552111 
1783552112 
1783552113 
1783552114 
1783552115 
1783552116 
1783552117 
1783552118 
1783552119 
1783552120 
1783552121 
1783552122 
1783552123 
1783552124 
1783552125 
1783552126 
1783552127 
1783552128 
1783552129 
1783552130 
1783552131 
1783552132 
1783552133 
1783552134 
1783552135 
1783552136 
1783552137 
1783552138 
1783552139 
1783552140 
