1783552066 Dirty: 92 Writeback: 0 
1783552067 Dirty: 164 Writeback: 0 
1783552068 Dirty: 180 Writeback: 0 
1783552069 Dirty: 8 Writeback: 0 
1783552070 Dirty: 156 Writeback: 0 
1783552071 Dirty: 152 Writeback: 12 
1783552072 Dirty: 136 Writeback: 0 
1783552073 Dirty: 100 Writeback: 8 
1783552074 Dirty: 124 Writeback: 0 
1783552075 Dirty: 100 Writeback: 4 
1783552076 Dirty: 120 Writeback: 0 
1783552077 Dirty: 92 Writeback: 0 
1783552078 Dirty: 128 Writeback: 0 
1783552079 Dirty: 148 Writeback: 8 
1783552080 Dirty: 128 Writeback: 0 
1783552081 Dirty: 132 Writeback: 0 
1783552082 Dirty: 132 Writeback: 0 
1783552083 Dirty: 132 Writeback: 0 
1783552084 Dirty: 108 Writeback: 0 
1783552085 Dirty: 128 Writeback: 0 
1783552086 Dirty: 128 Writeback: 0 
1783552087 Dirty: 128 Writeback: 0 
1783552088 Dirty: 132 Writeback: 0 
1783552089 Dirty: 100 Writeback: 0 
1783552090 Dirty: 128 Writeback: 0 
1783552091 Dirty: 132 Writeback: 0 
1783552092 Dirty: 132 Writeback: 0 
1783552093 Dirty: 136 Writeback: 0 
1783552094 Dirty: 112 Writeback: 0 
1783552095 Dirty: 136 Writeback: 0 
1783552096 Dirty: 176 Writeback: 0 
1783552097 Dirty: 116 Writeback: 0 
1783552098 Dirty: 120 Writeback: 0 
1783552099 Dirty: 220 Writeback: 0 
1783552100 Dirty: 132 Writeback: 0 
1783552101 Dirty: 132 Writeback: 0 
1783552102 Dirty: 136 Writeback: 0 
1783552103 Dirty: 136 Writeback: 0 
1783552104 Dirty: 152 Writeback: 0 
1783552105 Dirty: 244 Writeback: 0 
1783552106 Dirty: 144 Writeback: 0 
1783552107 Dirty: 116 Writeback: 0 
1783552108 Dirty: 140 Writeback: 0 
1783552109 Dirty: 124 Writeback: 0 
1783552110 Dirty: 136 Writeback: 0 
1783552111 Dirty: 148 Writeback: 0 
1783552112 Dirty: 140 Writeback: 0 
1783552113 Dirty: 120 Writeback: 0 
1783552114 Dirty: 132 Writeback: 0 
1783552115 Dirty: 64 Writeback: 0 
1783552116 Dirty: 116 Writeback: 0 
1783552117 Dirty: 116 Writeback: 0 
1783552118 Dirty: 132 Writeback: 0 
1783552119 Dirty: 136 Writeback: 0 
1783552120 Dirty: 100 Writeback: 0 
1783552121 Dirty: 136 Writeback: 0 
1783552122 Dirty: 148 Writeback: 0 
1783552123 Dirty: 152 Writeback: 0 
1783552124 Dirty: 152 Writeback: 0 
1783552125 Dirty: 148 Writeback: 0 
1783552126 Dirty: 132 Writeback: 0 
1783552127 Dirty: 144 Writeback: 0 
1783552128 Dirty: 256 Writeback: 0 
1783552129 Dirty: 260 Writeback: 0 
1783552130 Dirty: 236 Writeback: 16 
1783552131 Dirty: 248 Writeback: 16 
1783552132 Dirty: 144 Writeback: 0 
1783552133 Dirty: 148 Writeback: 0 
1783552134 Dirty: 152 Writeback: 0 
1783552135 Dirty: 220 Writeback: 0 
1783552136 Dirty: 136 Writeback: 0 
1783552137 Dirty: 148 Writeback: 0 
1783552138 Dirty: 152 Writeback: 0 
1783552139 Dirty: 152 Writeback: 0 
1783552140 Dirty: 164 Writeback: 0 
