1783539662 Dirty: 96 Writeback: 0 
1783539663 Dirty: 212 Writeback: 0 
1783539664 Dirty: 212 Writeback: 0 
1783539665 Dirty: 216 Writeback: 0 
1783539666 Dirty: 40 Writeback: 0 
1783539667 Dirty: 96 Writeback: 0 
1783539668 Dirty: 96 Writeback: 0 
1783539669 Dirty: 100 Writeback: 0 
1783539670 Dirty: 244 Writeback: 0 
1783539671 Dirty: 200 Writeback: 0 
1783539672 Dirty: 208 Writeback: 0 
1783539673 Dirty: 212 Writeback: 0 
1783539674 Dirty: 220 Writeback: 0 
1783539675 Dirty: 84 Writeback: 0 
1783539676 Dirty: 84 Writeback: 0 
1783539677 Dirty: 88 Writeback: 0 
1783539678 Dirty: 72 Writeback: 0 
1783539679 Dirty: 76 Writeback: 0 
1783539680 Dirty: 76 Writeback: 0 
1783539681 Dirty: 236 Writeback: 0 
1783539682 Dirty: 260 Writeback: 0 
1783539683 Dirty: 264 Writeback: 0 
1783539684 Dirty: 264 Writeback: 0 
1783539685 Dirty: 268 Writeback: 0 
1783539686 Dirty: 252 Writeback: 0 
1783539687 Dirty: 104 Writeback: 0 
1783539688 Dirty: 124 Writeback: 0 
1783539689 Dirty: 128 Writeback: 0 
1783539690 Dirty: 128 Writeback: 0 
1783539691 Dirty: 132 Writeback: 0 
1783539692 Dirty: 132 Writeback: 0 
1783539693 Dirty: 12 Writeback: 0 
1783539694 Dirty: 20 Writeback: 0 
1783539695 Dirty: 32 Writeback: 0 
1783539696 Dirty: 32 Writeback: 0 
1783539697 Dirty: 48 Writeback: 0 
1783539698 Dirty: 48 Writeback: 0 
1783539699 Dirty: 56 Writeback: 0 
1783539700 Dirty: 56 Writeback: 0 
1783539701 Dirty: 56 Writeback: 0 
1783539702 Dirty: 56 Writeback: 0 
1783539703 Dirty: 180 Writeback: 0 
1783539704 Dirty: 180 Writeback: 0 
1783539705 Dirty: 184 Writeback: 0 
1783539706 Dirty: 184 Writeback: 0 
1783539707 Dirty: 192 Writeback: 0 
1783539708 Dirty: 68 Writeback: 0 
1783539709 Dirty: 84 Writeback: 0 
1783539710 Dirty: 88 Writeback: 0 
1783539711 Dirty: 88 Writeback: 0 
1783539713 Dirty: 92 Writeback: 0 
1783539714 Dirty: 72 Writeback: 0 
1783539715 Dirty: 76 Writeback: 0 
1783539716 Dirty: 76 Writeback: 0 
1783539717 Dirty: 80 Writeback: 0 
1783539718 Dirty: 92 Writeback: 0 
1783539719 Dirty: 96 Writeback: 0 
1783539720 Dirty: 96 Writeback: 0 
1783539721 Dirty: 100 Writeback: 0 
1783539722 Dirty: 100 Writeback: 0 
1783539723 Dirty: 104 Writeback: 0 
1783539724 Dirty: 96 Writeback: 0 
1783539725 Dirty: 20 Writeback: 0 
1783539726 Dirty: 24 Writeback: 0 
1783539727 Dirty: 28 Writeback: 0 
1783539728 Dirty: 52 Writeback: 0 
1783539729 Dirty: 56 Writeback: 0 
1783539730 Dirty: 56 Writeback: 0 
1783539731 Dirty: 60 Writeback: 0 
1783539732 Dirty: 68 Writeback: 0 
1783539733 Dirty: 68 Writeback: 0 
1783539734 Dirty: 48 Writeback: 0 
1783539735 Dirty: 48 Writeback: 0 
1783539736 Dirty: 56 Writeback: 0 
1783539737 Dirty: 56 Writeback: 0 
1783539738 Dirty: 68 Writeback: 0 
1783539739 Dirty: 68 Writeback: 0 
1783539740 Dirty: 76 Writeback: 0 
1783539741 Dirty: 76 Writeback: 0 
1783539742 Dirty: 68 Writeback: 0 
1783539743 Dirty: 76 Writeback: 0 
1783539744 Dirty: 76 Writeback: 0 
1783539745 Dirty: 80 Writeback: 0 
1783539746 Dirty: 84 Writeback: 0 
1783539747 Dirty: 88 Writeback: 0 
1783539748 Dirty: 88 Writeback: 0 
1783539749 Dirty: 84 Writeback: 0 
1783539750 Dirty: 84 Writeback: 0 
1783539751 Dirty: 240 Writeback: 0 
1783539752 Dirty: 108 Writeback: 0 
1783539753 Dirty: 112 Writeback: 0 
1783539754 Dirty: 120 Writeback: 0 
1783539755 Dirty: 128 Writeback: 0 
1783539756 Dirty: 32 Writeback: 0 
1783539757 Dirty: 48 Writeback: 0 
1783539758 Dirty: 72 Writeback: 0 
1783539759 Dirty: 80 Writeback: 0 
1783539760 Dirty: 84 Writeback: 0 
1783539761 Dirty: 48 Writeback: 0 
1783539762 Dirty: 24 Writeback: 0 
1783539763 Dirty: 56 Writeback: 0 
1783539764 Dirty: 60 Writeback: 0 
1783539765 Dirty: 60 Writeback: 0 
1783539766 Dirty: 64 Writeback: 0 
1783539767 Dirty: 32 Writeback: 0 
1783539768 Dirty: 44 Writeback: 0 
1783539769 Dirty: 44 Writeback: 0 
1783539770 Dirty: 208 Writeback: 0 
1783539771 Dirty: 208 Writeback: 0 
1783539772 Dirty: 212 Writeback: 0 
1783539773 Dirty: 216 Writeback: 0 
1783539774 Dirty: 188 Writeback: 0 
1783539775 Dirty: 28 Writeback: 0 
1783539776 Dirty: 48 Writeback: 0 
1783539777 Dirty: 48 Writeback: 0 
1783539778 Dirty: 52 Writeback: 0 
1783539779 Dirty: 60 Writeback: 0 
1783539780 Dirty: 68 Writeback: 0 
1783539781 Dirty: 32 Writeback: 0 
1783539782 Dirty: 36 Writeback: 0 
1783539783 Dirty: 64 Writeback: 0 
1783539784 Dirty: 48 Writeback: 0 
1783539785 Dirty: 228 Writeback: 0 
1783539786 Dirty: 228 Writeback: 0 
1783539787 Dirty: 228 Writeback: 0 
