1783545595 0
1783545596 0
1783545597 0
1783545598 0
1783545599 0
1783545600 0
1783545601 0
1783545602 0
1783545603 0
1783545604 0
1783545605 0
1783545606 0
1783545607 0
1783545608 0
1783545609 0
1783545610 0
1783545611 0
1783545612 0
1783545613 0
1783545614 0
1783545616 0
1783545617 0
1783545618 0
1783545619 0
1783545620 0
1783545621 0
1783545622 0
1783545623 0
1783545624 0
1783545625 0
1783545626 0
1783545627 0
1783545628 0
1783545629 0
1783545630 0
1783545631 0
1783545632 0
1783545633 0
1783545634 0
1783545635 0
1783545636 0
1783545637 0
1783545638 0
1783545639 0
1783545640 0
1783545641 0
1783545642 0
1783545643 0
1783545644 0
1783545645 0
1783545646 0
1783545647 0
1783545648 0
1783545649 0
1783545650 0
1783545651 0
1783545652 0
1783545653 0
1783545654 0
1783545655 0
1783545656 0
1783545657 0
1783545658 0
1783545659 0
1783545660 0
1783545661 0
1783545662 0
1783545663 0
1783545664 0
1783545665 0
1783545666 0
1783545667 0
1783545668 0
1783545669 0
1783545670 0
1783545671 0
1783545672 0
1783545673 0
1783545674 0
1783545675 0
1783545676 0
1783545677 0
1783545678 0
1783545679 0
1783545680 0
1783545681 0
1783545682 0
1783545683 0
1783545684 0
1783545685 0
1783545686 0
1783545688 0
1783545689 0
1783545690 0
1783545691 0
1783545692 0
1783545693 0
1783545694 0
1783545695 0
1783545696 0
1783545697 0
1783545698 0
1783545699 0
1783545700 0
1783545701 0
1783545702 0
1783545703 0
1783545704 0
1783545705 0
1783545706 0
1783545707 0
1783545708 0
1783545709 0
1783545710 0
1783545711 0
1783545712 0
1783545713 0
1783545714 0
1783545715 0
1783545716 0
1783545717 0
1783545718 0
1783545719 0
1783545720 0
