1783542853 0
1783542854 0
1783542855 0
1783542856 0
1783542857 0
1783542858 0
1783542859 0
1783542860 0
1783542861 0
1783542862 0
1783542863 0
1783542864 0
1783542865 0
1783542866 0
1783542867 0
1783542868 0
1783542869 0
1783542870 0
1783542871 0
1783542872 0
1783542873 0
1783542874 0
1783542875 0
1783542876 0
1783542877 0
1783542878 0
1783542879 0
1783542880 0
1783542881 0
1783542882 0
1783542883 0
1783542884 0
1783542885 0
1783542886 0
1783542887 0
1783542888 0
1783542889 0
1783542890 0
1783542891 0
1783542892 0
1783542893 0
1783542894 0
1783542895 0
1783542896 0
1783542897 0
1783542898 0
1783542899 0
1783542901 0
1783542902 0
1783542903 0
1783542904 0
1783542905 0
1783542906 0
1783542907 0
1783542908 0
1783542909 0
1783542910 0
1783542911 0
1783542912 0
1783542913 0
1783542914 0
1783542915 0
1783542916 0
1783542917 0
1783542918 0
1783542919 0
1783542920 0
1783542921 0
1783542922 0
1783542923 0
1783542924 0
1783542925 0
1783542926 0
1783542927 0
1783542928 0
1783542929 0
1783542930 0
1783542931 0
1783542932 0
1783542933 0
1783542934 0
1783542935 0
1783542936 0
1783542937 0
1783542938 0
1783542939 0
1783542940 0
1783542941 0
1783542942 0
1783542943 0
1783542944 0
1783542945 0
1783542946 0
1783542947 0
1783542948 0
1783542949 0
1783542950 0
1783542951 0
1783542952 0
1783542953 0
1783542954 0
1783542955 0
1783542956 0
1783542957 0
1783542958 0
1783542959 0
1783542960 0
1783542961 0
1783542962 0
1783542963 0
1783542964 0
1783542965 0
1783542966 0
1783542967 0
1783542968 0
1783542969 0
1783542970 0
1783542972 0
1783542973 0
1783542974 0
1783542975 0
1783542976 0
1783542977 0
1783542978 0
