1783542853 Dirty: 76 Writeback: 0 
1783542854 Dirty: 112 Writeback: 0 
1783542855 Dirty: 112 Writeback: 0 
1783542856 Dirty: 116 Writeback: 0 
1783542857 Dirty: 132 Writeback: 0 
1783542858 Dirty: 92 Writeback: 0 
1783542859 Dirty: 12 Writeback: 40 
1783542860 Dirty: 24 Writeback: 0 
1783542861 Dirty: 24 Writeback: 0 
1783542862 Dirty: 28 Writeback: 0 
1783542863 Dirty: 48 Writeback: 0 
1783542864 Dirty: 48 Writeback: 0 
1783542865 Dirty: 16 Writeback: 0 
1783542866 Dirty: 44 Writeback: 0 
1783542867 Dirty: 48 Writeback: 0 
1783542868 Dirty: 56 Writeback: 0 
1783542869 Dirty: 32 Writeback: 0 
1783542870 Dirty: 36 Writeback: 0 
1783542871 Dirty: 12 Writeback: 0 
1783542872 Dirty: 28 Writeback: 0 
1783542873 Dirty: 40 Writeback: 0 
1783542874 Dirty: 44 Writeback: 0 
1783542875 Dirty: 48 Writeback: 0 
1783542876 Dirty: 48 Writeback: 0 
1783542877 Dirty: 20 Writeback: 16 
1783542878 Dirty: 44 Writeback: 0 
1783542879 Dirty: 32 Writeback: 0 
1783542880 Dirty: 32 Writeback: 0 
1783542881 Dirty: 32 Writeback: 0 
1783542882 Dirty: 8 Writeback: 0 
1783542883 Dirty: 48 Writeback: 0 
1783542884 Dirty: 48 Writeback: 0 
1783542885 Dirty: 48 Writeback: 0 
1783542886 Dirty: 56 Writeback: 0 
1783542887 Dirty: 60 Writeback: 0 
1783542888 Dirty: 40 Writeback: 0 
1783542889 Dirty: 24 Writeback: 0 
1783542890 Dirty: 24 Writeback: 0 
1783542891 Dirty: 28 Writeback: 0 
1783542892 Dirty: 28 Writeback: 0 
1783542893 Dirty: 40 Writeback: 0 
1783542894 Dirty: 44 Writeback: 0 
1783542895 Dirty: 48 Writeback: 0 
1783542896 Dirty: 48 Writeback: 0 
1783542897 Dirty: 52 Writeback: 0 
1783542898 Dirty: 48 Writeback: 0 
1783542899 Dirty: 52 Writeback: 0 
1783542900 Dirty: 32 Writeback: 0 
1783542901 Dirty: 32 Writeback: 0 
1783542902 Dirty: 236 Writeback: 0 
1783542903 Dirty: 236 Writeback: 0 
1783542904 Dirty: 252 Writeback: 0 
1783542905 Dirty: 252 Writeback: 0 
1783542906 Dirty: 256 Writeback: 0 
1783542907 Dirty: 84 Writeback: 0 
1783542908 Dirty: 88 Writeback: 0 
1783542909 Dirty: 16 Writeback: 0 
1783542910 Dirty: 24 Writeback: 0 
1783542911 Dirty: 24 Writeback: 0 
1783542912 Dirty: 36 Writeback: 0 
1783542913 Dirty: 68 Writeback: 0 
1783542914 Dirty: 48 Writeback: 0 
1783542915 Dirty: 60 Writeback: 0 
1783542916 Dirty: 64 Writeback: 0 
1783542917 Dirty: 28 Writeback: 0 
1783542918 Dirty: 60 Writeback: 0 
1783542919 Dirty: 28 Writeback: 0 
1783542920 Dirty: 40 Writeback: 0 
1783542921 Dirty: 60 Writeback: 0 
1783542922 Dirty: 64 Writeback: 0 
1783542923 Dirty: 48 Writeback: 16 
1783542924 Dirty: 52 Writeback: 0 
1783542925 Dirty: 32 Writeback: 0 
1783542926 Dirty: 36 Writeback: 0 
1783542927 Dirty: 40 Writeback: 0 
1783542928 Dirty: 40 Writeback: 0 
1783542929 Dirty: 32 Writeback: 0 
1783542930 Dirty: 36 Writeback: 0 
1783542931 Dirty: 16 Writeback: 0 
1783542932 Dirty: 24 Writeback: 0 
1783542933 Dirty: 24 Writeback: 0 
1783542934 Dirty: 24 Writeback: 0 
1783542935 Dirty: 60 Writeback: 0 
1783542936 Dirty: 44 Writeback: 0 
1783542937 Dirty: 52 Writeback: 0 
1783542938 Dirty: 52 Writeback: 0 
1783542939 Dirty: 28 Writeback: 0 
1783542940 Dirty: 28 Writeback: 0 
1783542941 Dirty: 28 Writeback: 0 
1783542942 Dirty: 24 Writeback: 0 
1783542943 Dirty: 52 Writeback: 0 
1783542944 Dirty: 52 Writeback: 0 
1783542945 Dirty: 52 Writeback: 0 
1783542946 Dirty: 28 Writeback: 0 
1783542947 Dirty: 48 Writeback: 0 
1783542948 Dirty: 52 Writeback: 0 
1783542949 Dirty: 52 Writeback: 0 
1783542950 Dirty: 28 Writeback: 0 
1783542951 Dirty: 32 Writeback: 0 
1783542952 Dirty: 16 Writeback: 0 
1783542953 Dirty: 52 Writeback: 0 
1783542954 Dirty: 52 Writeback: 0 
1783542955 Dirty: 52 Writeback: 0 
1783542956 Dirty: 60 Writeback: 0 
1783542957 Dirty: 40 Writeback: 0 
1783542958 Dirty: 52 Writeback: 0 
1783542959 Dirty: 16 Writeback: 0 
1783542960 Dirty: 28 Writeback: 0 
1783542961 Dirty: 32 Writeback: 0 
1783542962 Dirty: 0 Writeback: 0 
1783542963 Dirty: 40 Writeback: 0 
1783542964 Dirty: 44 Writeback: 0 
1783542965 Dirty: 44 Writeback: 0 
1783542966 Dirty: 48 Writeback: 0 
1783542967 Dirty: 48 Writeback: 0 
1783542968 Dirty: 32 Writeback: 0 
1783542969 Dirty: 28 Writeback: 0 
1783542970 Dirty: 36 Writeback: 0 
1783542971 Dirty: 36 Writeback: 0 
1783542972 Dirty: 40 Writeback: 0 
1783542973 Dirty: 44 Writeback: 0 
1783542974 Dirty: 24 Writeback: 0 
1783542975 Dirty: 32 Writeback: 0 
1783542976 Dirty: 36 Writeback: 0 
1783542977 Dirty: 36 Writeback: 0 
