1783539790 Dirty: 80 Writeback: 0 
1783539791 Dirty: 112 Writeback: 0 
1783539792 Dirty: 112 Writeback: 0 
1783539793 Dirty: 116 Writeback: 0 
1783539794 Dirty: 40 Writeback: 0 
1783539795 Dirty: 48 Writeback: 0 
1783539796 Dirty: 64 Writeback: 0 
1783539797 Dirty: 64 Writeback: 0 
1783539798 Dirty: 64 Writeback: 0 
1783539799 Dirty: 68 Writeback: 0 
1783539800 Dirty: 84 Writeback: 0 
1783539801 Dirty: 68 Writeback: 0 
1783539802 Dirty: 72 Writeback: 0 
1783539803 Dirty: 76 Writeback: 0 
1783539804 Dirty: 28 Writeback: 0 
1783539805 Dirty: 40 Writeback: 0 
1783539806 Dirty: 40 Writeback: 0 
1783539807 Dirty: 36 Writeback: 0 
1783539808 Dirty: 40 Writeback: 0 
1783539809 Dirty: 40 Writeback: 0 
1783539810 Dirty: 48 Writeback: 0 
1783539811 Dirty: 36 Writeback: 0 
1783539812 Dirty: 0 Writeback: 0 
1783539813 Dirty: 24 Writeback: 0 
1783539814 Dirty: 24 Writeback: 0 
1783539815 Dirty: 40 Writeback: 0 
1783539816 Dirty: 40 Writeback: 0 
1783539817 Dirty: 196 Writeback: 0 
1783539818 Dirty: 172 Writeback: 0 
1783539819 Dirty: 188 Writeback: 0 
1783539820 Dirty: 204 Writeback: 0 
1783539821 Dirty: 208 Writeback: 0 
1783539822 Dirty: 212 Writeback: 0 
1783539823 Dirty: 80 Writeback: 0 
1783539824 Dirty: 60 Writeback: 0 
1783539825 Dirty: 84 Writeback: 0 
1783539826 Dirty: 24 Writeback: 0 
1783539827 Dirty: 32 Writeback: 0 
1783539828 Dirty: 32 Writeback: 0 
1783539829 Dirty: 0 Writeback: 0 
1783539830 Dirty: 44 Writeback: 0 
1783539831 Dirty: 44 Writeback: 0 
1783539832 Dirty: 48 Writeback: 0 
1783539833 Dirty: 48 Writeback: 0 
1783539834 Dirty: 48 Writeback: 0 
1783539835 Dirty: 36 Writeback: 0 
1783539836 Dirty: 24 Writeback: 0 
1783539837 Dirty: 32 Writeback: 0 
1783539838 Dirty: 32 Writeback: 0 
1783539839 Dirty: 36 Writeback: 0 
1783539840 Dirty: 28 Writeback: 0 
1783539841 Dirty: 40 Writeback: 0 
1783539842 Dirty: 52 Writeback: 0 
1783539843 Dirty: 56 Writeback: 0 
1783539844 Dirty: 60 Writeback: 0 
1783539845 Dirty: 64 Writeback: 0 
1783539846 Dirty: 12 Writeback: 0 
1783539847 Dirty: 24 Writeback: 0 
1783539848 Dirty: 24 Writeback: 0 
1783539849 Dirty: 28 Writeback: 0 
1783539850 Dirty: 56 Writeback: 0 
1783539851 Dirty: 48 Writeback: 0 
1783539852 Dirty: 56 Writeback: 0 
1783539853 Dirty: 60 Writeback: 0 
1783539854 Dirty: 60 Writeback: 0 
1783539855 Dirty: 220 Writeback: 0 
1783539856 Dirty: 160 Writeback: 0 
1783539857 Dirty: 168 Writeback: 0 
1783539858 Dirty: 188 Writeback: 0 
1783539859 Dirty: 188 Writeback: 0 
1783539860 Dirty: 48 Writeback: 0 
1783539861 Dirty: 40 Writeback: 0 
1783539862 Dirty: 64 Writeback: 0 
1783539863 Dirty: 64 Writeback: 0 
1783539864 Dirty: 68 Writeback: 0 
1783539865 Dirty: 100 Writeback: 0 
1783539866 Dirty: 112 Writeback: 0 
1783539867 Dirty: 52 Writeback: 0 
1783539868 Dirty: 56 Writeback: 0 
1783539869 Dirty: 60 Writeback: 0 
1783539870 Dirty: 60 Writeback: 0 
1783539871 Dirty: 28 Writeback: 0 
1783539872 Dirty: 36 Writeback: 0 
1783539873 Dirty: 12 Writeback: 0 
1783539874 Dirty: 20 Writeback: 0 
1783539875 Dirty: 52 Writeback: 0 
1783539876 Dirty: 52 Writeback: 0 
1783539877 Dirty: 56 Writeback: 0 
1783539878 Dirty: 60 Writeback: 0 
1783539879 Dirty: 44 Writeback: 0 
1783539880 Dirty: 56 Writeback: 0 
1783539881 Dirty: 28 Writeback: 0 
1783539882 Dirty: 32 Writeback: 0 
1783539883 Dirty: 32 Writeback: 0 
1783539884 Dirty: 32 Writeback: 0 
1783539885 Dirty: 64 Writeback: 0 
1783539886 Dirty: 216 Writeback: 0 
1783539887 Dirty: 216 Writeback: 0 
1783539888 Dirty: 216 Writeback: 0 
1783539889 Dirty: 60 Writeback: 24 
1783539890 Dirty: 64 Writeback: 0 
1783539891 Dirty: 24 Writeback: 0 
1783539892 Dirty: 24 Writeback: 0 
1783539893 Dirty: 36 Writeback: 0 
1783539894 Dirty: 36 Writeback: 0 
1783539895 Dirty: 40 Writeback: 0 
1783539896 Dirty: 56 Writeback: 0 
1783539897 Dirty: 200 Writeback: 0 
1783539898 Dirty: 200 Writeback: 0 
1783539899 Dirty: 204 Writeback: 0 
1783539900 Dirty: 228 Writeback: 0 
1783539901 Dirty: 216 Writeback: 0 
1783539902 Dirty: 236 Writeback: 0 
1783539903 Dirty: 240 Writeback: 0 
1783539904 Dirty: 240 Writeback: 0 
1783539905 Dirty: 244 Writeback: 0 
1783539906 Dirty: 248 Writeback: 0 
1783539907 Dirty: 64 Writeback: 0 
1783539908 Dirty: 68 Writeback: 0 
1783539909 Dirty: 68 Writeback: 0 
1783539910 Dirty: 72 Writeback: 0 
1783539911 Dirty: 8 Writeback: 0 
1783539912 Dirty: 24 Writeback: 0 
1783539913 Dirty: 24 Writeback: 0 
1783539914 Dirty: 28 Writeback: 0 
