1783541827 0
1783541828 0
1783541829 0
1783541830 0
1783541831 0
1783541832 0
1783541833 0
1783541835 0
1783541836 0
1783541837 0
1783541838 0
1783541839 0
1783541840 0
1783541841 0
1783541842 0
1783541843 0
1783541844 0
1783541845 0
1783541846 0
1783541847 0
1783541848 0
1783541849 0
1783541850 0
1783541851 0
1783541852 0
1783541853 0
1783541854 0
1783541855 0
1783541856 0
1783541857 0
1783541858 0
1783541859 0
1783541860 0
1783541861 0
1783541862 0
1783541863 0
1783541864 0
1783541865 0
1783541866 0
1783541867 0
1783541868 0
1783541869 0
1783541870 0
1783541871 0
1783541872 0
1783541873 0
1783541874 0
1783541875 0
1783541876 0
1783541877 0
1783541878 0
1783541879 0
1783541880 0
1783541881 0
1783541882 0
1783541883 0
1783541885 0
1783541886 0
1783541887 0
1783541888 0
1783541889 0
1783541890 0
1783541891 0
1783541892 0
1783541893 0
1783541894 0
1783541895 0
1783541896 0
1783541897 0
1783541898 0
1783541899 0
1783541900 0
1783541901 0
1783541902 0
1783541903 0
1783541904 0
1783541905 0
1783541906 0
1783541907 0
1783541908 0
1783541909 0
1783541910 0
1783541911 0
1783541912 0
1783541913 0
1783541914 0
1783541915 0
1783541916 0
1783541917 0
1783541918 0
1783541919 0
1783541920 0
1783541921 0
1783541922 0
1783541923 0
1783541924 0
1783541925 0
1783541926 0
1783541927 0
1783541928 0
1783541929 0
1783541930 0
1783541931 0
1783541933 0
1783541934 0
1783541935 0
1783541936 0
1783541937 0
1783541938 0
1783541939 0
1783541940 0
1783541941 0
1783541942 0
1783541943 0
1783541944 0
1783541945 0
1783541946 0
1783541947 0
1783541948 0
1783541949 0
1783541950 0
1783541951 0
1783541952 0
