1783541827 Dirty: 80 Writeback: 0 
1783541828 Dirty: 116 Writeback: 0 
1783541829 Dirty: 116 Writeback: 0 
1783541830 Dirty: 120 Writeback: 0 
1783541831 Dirty: 60 Writeback: 0 
1783541832 Dirty: 60 Writeback: 0 
1783541833 Dirty: 48 Writeback: 0 
1783541834 Dirty: 64 Writeback: 0 
1783541835 Dirty: 64 Writeback: 0 
1783541836 Dirty: 32 Writeback: 0 
1783541837 Dirty: 40 Writeback: 0 
1783541838 Dirty: 16 Writeback: 0 
1783541839 Dirty: 48 Writeback: 0 
1783541840 Dirty: 48 Writeback: 0 
1783541841 Dirty: 52 Writeback: 0 
1783541842 Dirty: 48 Writeback: 0 
1783541843 Dirty: 56 Writeback: 0 
1783541844 Dirty: 12 Writeback: 0 
1783541845 Dirty: 32 Writeback: 0 
1783541846 Dirty: 36 Writeback: 0 
1783541847 Dirty: 44 Writeback: 0 
1783541848 Dirty: 36 Writeback: 0 
1783541849 Dirty: 40 Writeback: 0 
1783541850 Dirty: 8 Writeback: 0 
1783541851 Dirty: 24 Writeback: 0 
1783541852 Dirty: 28 Writeback: 0 
1783541853 Dirty: 44 Writeback: 0 
1783541854 Dirty: 48 Writeback: 0 
1783541855 Dirty: 52 Writeback: 0 
1783541856 Dirty: 28 Writeback: 0 
1783541857 Dirty: 36 Writeback: 0 
1783541858 Dirty: 28 Writeback: 0 
1783541859 Dirty: 32 Writeback: 0 
1783541860 Dirty: 32 Writeback: 0 
1783541861 Dirty: 12 Writeback: 0 
1783541862 Dirty: 28 Writeback: 0 
1783541863 Dirty: 64 Writeback: 0 
1783541864 Dirty: 64 Writeback: 0 
1783541865 Dirty: 72 Writeback: 0 
1783541866 Dirty: 72 Writeback: 0 
1783541867 Dirty: 60 Writeback: 0 
1783541868 Dirty: 32 Writeback: 0 
1783541869 Dirty: 32 Writeback: 0 
1783541871 Dirty: 36 Writeback: 0 
1783541872 Dirty: 40 Writeback: 0 
1783541873 Dirty: 0 Writeback: 0 
1783541874 Dirty: 44 Writeback: 0 
1783541875 Dirty: 52 Writeback: 0 
1783541876 Dirty: 56 Writeback: 0 
1783541877 Dirty: 56 Writeback: 0 
1783541878 Dirty: 60 Writeback: 0 
1783541879 Dirty: 32 Writeback: 0 
1783541880 Dirty: 180 Writeback: 0 
1783541881 Dirty: 180 Writeback: 0 
1783541882 Dirty: 184 Writeback: 0 
1783541883 Dirty: 192 Writeback: 0 
1783541884 Dirty: 148 Writeback: 0 
1783541885 Dirty: 28 Writeback: 0 
1783541886 Dirty: 48 Writeback: 0 
1783541887 Dirty: 48 Writeback: 0 
1783541888 Dirty: 56 Writeback: 0 
1783541889 Dirty: 88 Writeback: 0 
1783541890 Dirty: 52 Writeback: 0 
1783541891 Dirty: 24 Writeback: 0 
1783541892 Dirty: 28 Writeback: 0 
1783541893 Dirty: 56 Writeback: 0 
1783541894 Dirty: 60 Writeback: 0 
1783541895 Dirty: 28 Writeback: 0 
1783541896 Dirty: 48 Writeback: 0 
1783541897 Dirty: 52 Writeback: 0 
1783541898 Dirty: 56 Writeback: 0 
1783541899 Dirty: 28 Writeback: 0 
1783541900 Dirty: 32 Writeback: 0 
1783541901 Dirty: 12 Writeback: 0 
1783541902 Dirty: 28 Writeback: 0 
1783541903 Dirty: 32 Writeback: 0 
1783541904 Dirty: 52 Writeback: 0 
1783541905 Dirty: 56 Writeback: 0 
1783541906 Dirty: 56 Writeback: 0 
1783541907 Dirty: 36 Writeback: 0 
1783541908 Dirty: 44 Writeback: 0 
1783541909 Dirty: 32 Writeback: 0 
1783541910 Dirty: 36 Writeback: 0 
1783541911 Dirty: 40 Writeback: 0 
1783541912 Dirty: 12 Writeback: 0 
1783541913 Dirty: 24 Writeback: 0 
1783541914 Dirty: 56 Writeback: 0 
1783541915 Dirty: 60 Writeback: 0 
1783541916 Dirty: 64 Writeback: 0 
1783541917 Dirty: 28 Writeback: 20 
1783541918 Dirty: 52 Writeback: 0 
1783541919 Dirty: 28 Writeback: 0 
1783541920 Dirty: 28 Writeback: 0 
1783541921 Dirty: 168 Writeback: 0 
1783541922 Dirty: 192 Writeback: 0 
1783541923 Dirty: 180 Writeback: 0 
1783541924 Dirty: 200 Writeback: 0 
1783541925 Dirty: 204 Writeback: 0 
1783541926 Dirty: 172 Writeback: 0 
1783541927 Dirty: 68 Writeback: 0 
1783541928 Dirty: 76 Writeback: 0 
1783541929 Dirty: 24 Writeback: 0 
1783541930 Dirty: 28 Writeback: 0 
1783541931 Dirty: 32 Writeback: 0 
1783541932 Dirty: 36 Writeback: 0 
1783541933 Dirty: 36 Writeback: 0 
1783541934 Dirty: 68 Writeback: 0 
1783541935 Dirty: 44 Writeback: 0 
1783541936 Dirty: 56 Writeback: 0 
1783541937 Dirty: 60 Writeback: 0 
1783541938 Dirty: 64 Writeback: 0 
1783541939 Dirty: 36 Writeback: 0 
1783541940 Dirty: 4 Writeback: 20 
1783541941 Dirty: 24 Writeback: 0 
1783541942 Dirty: 24 Writeback: 0 
1783541943 Dirty: 28 Writeback: 0 
1783541944 Dirty: 56 Writeback: 0 
1783541945 Dirty: 64 Writeback: 0 
1783541946 Dirty: 28 Writeback: 0 
1783541947 Dirty: 208 Writeback: 0 
1783541948 Dirty: 212 Writeback: 0 
1783541949 Dirty: 192 Writeback: 0 
1783541950 Dirty: 200 Writeback: 0 
1783541951 Dirty: 200 Writeback: 0 
1783541952 Dirty: 184 Writeback: 0 
