1783544296 0
1783544297 0
1783544298 0
1783544299 0
1783544300 0
1783544301 0
1783544302 0
1783544303 0
1783544304 0
1783544305 0
1783544306 0
1783544307 0
1783544308 0
1783544309 0
1783544310 0
1783544311 0
1783544312 0
1783544313 0
1783544314 0
1783544315 0
1783544316 0
1783544317 0
1783544318 0
1783544319 0
1783544320 0
1783544321 0
1783544322 0
1783544323 0
1783544324 0
1783544325 0
1783544326 0
1783544327 0
1783544328 0
1783544329 0
1783544331 0
1783544332 0
1783544333 0
1783544334 0
1783544335 0
1783544336 0
1783544337 0
1783544338 0
1783544339 0
1783544340 0
1783544341 0
1783544342 0
1783544343 0
1783544344 0
1783544345 0
1783544346 0
1783544347 0
1783544348 0
1783544349 0
1783544350 0
1783544351 0
1783544352 0
1783544353 0
1783544354 0
1783544355 0
1783544356 0
1783544357 0
1783544358 0
1783544359 0
1783544360 0
1783544361 0
1783544362 0
1783544363 0
1783544364 0
1783544365 0
1783544366 0
1783544367 0
1783544368 0
1783544369 0
1783544370 0
1783544371 0
1783544372 0
1783544373 0
1783544374 0
1783544375 0
1783544376 0
1783544377 0
1783544378 0
1783544379 0
1783544380 0
1783544381 0
1783544382 0
1783544383 0
1783544384 0
1783544385 0
1783544386 0
1783544387 0
1783544388 0
1783544389 0
1783544390 0
1783544391 0
1783544392 0
1783544393 0
1783544394 0
1783544395 0
1783544396 0
1783544397 0
1783544398 0
1783544399 0
1783544400 0
1783544401 0
1783544403 0
1783544404 0
1783544405 0
1783544406 0
1783544407 0
1783544408 0
1783544409 0
1783544410 0
1783544411 0
1783544412 0
1783544413 0
1783544414 0
1783544415 0
1783544416 0
1783544417 0
1783544418 0
1783544419 0
1783544420 0
1783544421 0
