1783544296 Dirty: 148 Writeback: 0 
1783544297 Dirty: 252 Writeback: 0 
1783544298 Dirty: 252 Writeback: 0 
1783544299 Dirty: 256 Writeback: 0 
1783544300 Dirty: 256 Writeback: 0 
1783544301 Dirty: 264 Writeback: 0 
1783544302 Dirty: 268 Writeback: 0 
1783544303 Dirty: 184 Writeback: 0 
1783544304 Dirty: 184 Writeback: 0 
1783544305 Dirty: 184 Writeback: 0 
1783544306 Dirty: 196 Writeback: 0 
1783544307 Dirty: 176 Writeback: 0 
1783544308 Dirty: 156 Writeback: 0 
1783544309 Dirty: 160 Writeback: 0 
1783544310 Dirty: 160 Writeback: 0 
1783544311 Dirty: 160 Writeback: 0 
1783544312 Dirty: 164 Writeback: 0 
1783544313 Dirty: 160 Writeback: 0 
1783544314 Dirty: 160 Writeback: 0 
1783544315 Dirty: 32 Writeback: 0 
1783544316 Dirty: 32 Writeback: 0 
1783544317 Dirty: 40 Writeback: 0 
1783544318 Dirty: 8 Writeback: 0 
1783544319 Dirty: 188 Writeback: 0 
1783544320 Dirty: 188 Writeback: 0 
1783544321 Dirty: 188 Writeback: 0 
1783544322 Dirty: 204 Writeback: 0 
1783544323 Dirty: 208 Writeback: 0 
1783544324 Dirty: 172 Writeback: 0 
1783544325 Dirty: 212 Writeback: 0 
1783544326 Dirty: 216 Writeback: 0 
1783544327 Dirty: 236 Writeback: 0 
1783544328 Dirty: 204 Writeback: 0 
1783544329 Dirty: 188 Writeback: 0 
1783544330 Dirty: 204 Writeback: 0 
1783544331 Dirty: 204 Writeback: 0 
1783544332 Dirty: 232 Writeback: 0 
1783544333 Dirty: 232 Writeback: 0 
1783544334 Dirty: 216 Writeback: 0 
1783544335 Dirty: 232 Writeback: 0 
1783544336 Dirty: 236 Writeback: 0 
1783544337 Dirty: 236 Writeback: 0 
1783544338 Dirty: 216 Writeback: 0 
1783544339 Dirty: 216 Writeback: 0 
1783544340 Dirty: 192 Writeback: 0 
1783544341 Dirty: 200 Writeback: 0 
1783544342 Dirty: 244 Writeback: 0 
1783544343 Dirty: 244 Writeback: 0 
1783544344 Dirty: 244 Writeback: 0 
1783544345 Dirty: 228 Writeback: 0 
1783544346 Dirty: 236 Writeback: 0 
1783544347 Dirty: 236 Writeback: 0 
1783544348 Dirty: 212 Writeback: 0 
1783544349 Dirty: 216 Writeback: 0 
1783544350 Dirty: 64 Writeback: 0 
1783544351 Dirty: 48 Writeback: 0 
1783544352 Dirty: 52 Writeback: 0 
1783544353 Dirty: 52 Writeback: 0 
1783544354 Dirty: 84 Writeback: 0 
1783544355 Dirty: 64 Writeback: 0 
1783544356 Dirty: 36 Writeback: 0 
1783544357 Dirty: 64 Writeback: 0 
1783544358 Dirty: 64 Writeback: 0 
1783544359 Dirty: 64 Writeback: 0 
1783544360 Dirty: 36 Writeback: 0 
1783544361 Dirty: 36 Writeback: 0 
1783544362 Dirty: 12 Writeback: 0 
1783544363 Dirty: 52 Writeback: 0 
1783544364 Dirty: 52 Writeback: 0 
1783544365 Dirty: 56 Writeback: 0 
1783544366 Dirty: 60 Writeback: 0 
1783544367 Dirty: 60 Writeback: 0 
1783544368 Dirty: 32 Writeback: 16 
1783544369 Dirty: 32 Writeback: 0 
1783544370 Dirty: 36 Writeback: 0 
1783544371 Dirty: 36 Writeback: 0 
1783544372 Dirty: 36 Writeback: 0 
1783544373 Dirty: 68 Writeback: 0 
1783544374 Dirty: 52 Writeback: 0 
1783544375 Dirty: 60 Writeback: 0 
1783544376 Dirty: 100 Writeback: 0 
1783544377 Dirty: 108 Writeback: 0 
1783544378 Dirty: 84 Writeback: 0 
1783544379 Dirty: 88 Writeback: 0 
1783544380 Dirty: 92 Writeback: 0 
1783544381 Dirty: 72 Writeback: 0 
1783544382 Dirty: 76 Writeback: 0 
1783544383 Dirty: 104 Writeback: 0 
1783544384 Dirty: 104 Writeback: 0 
1783544385 Dirty: 92 Writeback: 0 
1783544386 Dirty: 100 Writeback: 0 
1783544387 Dirty: 60 Writeback: 0 
1783544388 Dirty: 32 Writeback: 0 
1783544389 Dirty: 32 Writeback: 0 
1783544390 Dirty: 12 Writeback: 0 
1783544391 Dirty: 24 Writeback: 0 
1783544392 Dirty: 24 Writeback: 0 
1783544393 Dirty: 56 Writeback: 0 
1783544394 Dirty: 56 Writeback: 0 
1783544395 Dirty: 36 Writeback: 0 
1783544396 Dirty: 56 Writeback: 0 
1783544397 Dirty: 60 Writeback: 0 
1783544398 Dirty: 64 Writeback: 0 
1783544399 Dirty: 36 Writeback: 0 
1783544400 Dirty: 40 Writeback: 0 
1783544401 Dirty: 24 Writeback: 0 
1783544402 Dirty: 28 Writeback: 0 
1783544403 Dirty: 56 Writeback: 0 
1783544404 Dirty: 60 Writeback: 0 
1783544405 Dirty: 60 Writeback: 0 
1783544406 Dirty: 48 Writeback: 0 
1783544407 Dirty: 60 Writeback: 0 
1783544408 Dirty: 36 Writeback: 0 
1783544409 Dirty: 36 Writeback: 0 
1783544410 Dirty: 40 Writeback: 0 
1783544411 Dirty: 40 Writeback: 0 
1783544412 Dirty: 28 Writeback: 0 
1783544413 Dirty: 56 Writeback: 0 
1783544414 Dirty: 60 Writeback: 0 
1783544415 Dirty: 60 Writeback: 0 
1783544416 Dirty: 64 Writeback: 0 
1783544417 Dirty: 40 Writeback: 0 
1783544418 Dirty: 28 Writeback: 0 
1783544419 Dirty: 28 Writeback: 0 
1783544420 Dirty: 32 Writeback: 0 
