1783546126 
1783546127 
1783546128 
1783546129 
1783546130 
1783546131 
1783546132 
1783546133 
1783546134 
1783546135 
1783546136 
1783546137 
1783546138 
1783546139 
1783546140 
1783546141 
1783546142 
1783546143 
1783546144 
1783546145 
1783546146 
1783546147 
1783546148 
1783546149 
1783546150 
1783546151 
1783546152 
1783546153 
1783546154 
1783546155 
1783546156 
1783546157 
1783546158 
1783546160 
1783546161 
1783546162 
1783546163 
1783546164 
1783546165 
1783546166 
1783546167 
1783546168 
1783546169 
1783546170 
1783546171 
1783546172 
1783546173 
1783546174 
1783546175 
1783546176 
1783546177 
1783546178 
1783546179 
1783546180 
1783546181 
1783546182 
1783546183 
1783546184 
1783546185 
1783546186 
1783546187 
1783546188 
1783546189 
1783546190 
1783546191 
1783546192 
1783546193 
1783546194 
1783546195 
1783546196 
1783546197 
1783546198 
1783546199 
1783546200 
1783546201 
1783546202 
1783546203 
1783546204 
1783546205 
1783546206 
1783546207 
1783546208 
1783546209 
1783546210 
1783546211 
1783546212 
1783546213 
1783546214 
1783546215 
1783546216 
1783546217 
1783546218 
1783546219 
1783546220 
1783546221 
1783546222 
1783546223 
1783546224 
1783546225 
1783546226 
1783546227 
1783546228 
1783546229 
1783546231 
1783546232 
1783546233 
1783546234 
1783546235 
1783546236 
1783546237 
1783546238 
1783546239 
1783546240 
1783546241 
1783546242 
1783546243 
1783546244 
1783546245 
1783546246 
1783546247 
1783546248 
1783546249 
1783546250 
1783546251 
