1783546126 Dirty: 0 Writeback: 0 
1783546127 Dirty: 24 Writeback: 0 
1783546128 Dirty: 36 Writeback: 0 
1783546129 Dirty: 36 Writeback: 0 
1783546130 Dirty: 40 Writeback: 0 
1783546131 Dirty: 72 Writeback: 0 
1783546132 Dirty: 32 Writeback: 0 
1783546133 Dirty: 56 Writeback: 0 
1783546134 Dirty: 56 Writeback: 0 
1783546135 Dirty: 64 Writeback: 0 
1783546136 Dirty: 72 Writeback: 0 
1783546137 Dirty: 68 Writeback: 0 
1783546138 Dirty: 32 Writeback: 0 
1783546139 Dirty: 60 Writeback: 0 
1783546140 Dirty: 60 Writeback: 0 
1783546141 Dirty: 24 Writeback: 0 
1783546142 Dirty: 36 Writeback: 0 
1783546143 Dirty: 44 Writeback: 0 
1783546144 Dirty: 56 Writeback: 0 
1783546145 Dirty: 36 Writeback: 0 
1783546146 Dirty: 44 Writeback: 0 
1783546147 Dirty: 32 Writeback: 0 
1783546148 Dirty: 32 Writeback: 0 
1783546149 Dirty: 36 Writeback: 0 
1783546150 Dirty: 20 Writeback: 0 
1783546151 Dirty: 36 Writeback: 0 
1783546152 Dirty: 40 Writeback: 0 
1783546153 Dirty: 40 Writeback: 0 
1783546154 Dirty: 44 Writeback: 0 
1783546155 Dirty: 44 Writeback: 0 
1783546156 Dirty: 40 Writeback: 0 
1783546157 Dirty: 28 Writeback: 0 
1783546158 Dirty: 32 Writeback: 0 
1783546159 Dirty: 32 Writeback: 0 
1783546160 Dirty: 36 Writeback: 0 
1783546161 Dirty: 4 Writeback: 0 
1783546162 Dirty: 44 Writeback: 0 
1783546163 Dirty: 44 Writeback: 0 
1783546164 Dirty: 48 Writeback: 0 
1783546165 Dirty: 48 Writeback: 0 
1783546166 Dirty: 48 Writeback: 0 
1783546167 Dirty: 24 Writeback: 0 
1783546168 Dirty: 28 Writeback: 0 
1783546169 Dirty: 32 Writeback: 0 
1783546170 Dirty: 32 Writeback: 0 
1783546171 Dirty: 64 Writeback: 0 
1783546172 Dirty: 56 Writeback: 0 
1783546173 Dirty: 56 Writeback: 0 
1783546174 Dirty: 60 Writeback: 0 
1783546175 Dirty: 60 Writeback: 0 
1783546176 Dirty: 64 Writeback: 0 
1783546177 Dirty: 20 Writeback: 0 
1783546178 Dirty: 24 Writeback: 0 
1783546179 Dirty: 24 Writeback: 0 
1783546180 Dirty: 28 Writeback: 0 
1783546181 Dirty: 52 Writeback: 0 
1783546182 Dirty: 40 Writeback: 0 
1783546183 Dirty: 44 Writeback: 0 
1783546184 Dirty: 48 Writeback: 0 
1783546185 Dirty: 48 Writeback: 0 
1783546186 Dirty: 64 Writeback: 0 
1783546187 Dirty: 16 Writeback: 0 
1783546188 Dirty: 24 Writeback: 0 
1783546189 Dirty: 28 Writeback: 0 
1783546190 Dirty: 32 Writeback: 0 
1783546191 Dirty: 52 Writeback: 0 
1783546192 Dirty: 28 Writeback: 0 
1783546193 Dirty: 32 Writeback: 0 
1783546194 Dirty: 48 Writeback: 0 
1783546195 Dirty: 48 Writeback: 0 
1783546196 Dirty: 48 Writeback: 0 
1783546197 Dirty: 84 Writeback: 0 
1783546198 Dirty: 48 Writeback: 0 
1783546199 Dirty: 52 Writeback: 0 
1783546200 Dirty: 60 Writeback: 0 
1783546201 Dirty: 60 Writeback: 0 
1783546202 Dirty: 32 Writeback: 0 
1783546203 Dirty: 32 Writeback: 0 
1783546204 Dirty: 12 Writeback: 0 
1783546205 Dirty: 20 Writeback: 0 
1783546206 Dirty: 52 Writeback: 0 
1783546207 Dirty: 56 Writeback: 0 
1783546208 Dirty: 56 Writeback: 0 
1783546209 Dirty: 56 Writeback: 0 
1783546210 Dirty: 48 Writeback: 0 
1783546211 Dirty: 56 Writeback: 0 
1783546212 Dirty: 32 Writeback: 0 
1783546213 Dirty: 32 Writeback: 0 
1783546214 Dirty: 36 Writeback: 0 
1783546215 Dirty: 36 Writeback: 0 
1783546216 Dirty: 52 Writeback: 0 
1783546217 Dirty: 52 Writeback: 0 
1783546218 Dirty: 56 Writeback: 0 
1783546219 Dirty: 56 Writeback: 0 
1783546220 Dirty: 28 Writeback: 0 
1783546221 Dirty: 44 Writeback: 0 
1783546222 Dirty: 24 Writeback: 0 
1783546223 Dirty: 24 Writeback: 0 
1783546224 Dirty: 28 Writeback: 0 
1783546225 Dirty: 28 Writeback: 0 
1783546226 Dirty: 196 Writeback: 0 
1783546227 Dirty: 240 Writeback: 0 
1783546228 Dirty: 244 Writeback: 0 
1783546229 Dirty: 248 Writeback: 0 
1783546230 Dirty: 248 Writeback: 0 
1783546231 Dirty: 256 Writeback: 0 
1783546232 Dirty: 40 Writeback: 0 
1783546233 Dirty: 44 Writeback: 0 
1783546234 Dirty: 44 Writeback: 0 
1783546235 Dirty: 48 Writeback: 0 
1783546236 Dirty: 64 Writeback: 12 
1783546237 Dirty: 60 Writeback: 0 
1783546238 Dirty: 60 Writeback: 0 
1783546239 Dirty: 64 Writeback: 0 
1783546240 Dirty: 64 Writeback: 0 
1783546241 Dirty: 68 Writeback: 0 
1783546242 Dirty: 16 Writeback: 0 
1783546243 Dirty: 32 Writeback: 0 
1783546244 Dirty: 32 Writeback: 0 
1783546245 Dirty: 36 Writeback: 0 
1783546246 Dirty: 52 Writeback: 0 
1783546247 Dirty: 56 Writeback: 0 
1783546248 Dirty: 32 Writeback: 0 
1783546249 Dirty: 36 Writeback: 0 
1783546250 Dirty: 40 Writeback: 0 
