1783541700 0
1783541701 0
1783541702 0
1783541703 0
1783541704 0
1783541705 0
1783541706 0
1783541707 0
1783541708 0
1783541709 0
1783541710 0
1783541711 0
1783541712 0
1783541713 0
1783541714 0
1783541715 0
1783541716 0
1783541717 0
1783541718 0
1783541719 0
1783541720 0
1783541721 0
1783541722 0
1783541723 0
1783541724 0
1783541725 0
1783541726 0
1783541727 0
1783541728 0
1783541729 0
1783541730 0
1783541731 0
1783541732 0
1783541733 0
1783541734 0
1783541735 0
1783541737 0
1783541738 0
1783541739 0
1783541740 0
1783541741 0
1783541742 0
1783541743 0
1783541744 0
1783541745 0
1783541746 0
1783541747 0
1783541748 0
1783541749 0
1783541750 0
1783541751 0
1783541752 0
1783541753 0
1783541754 0
1783541755 0
1783541756 0
1783541757 0
1783541758 0
1783541759 0
1783541760 0
1783541761 0
1783541762 0
1783541763 0
1783541764 0
1783541765 0
1783541766 0
1783541767 0
1783541768 0
1783541769 0
1783541770 0
1783541771 0
1783541772 0
1783541773 0
1783541774 0
1783541775 0
1783541776 0
1783541777 0
1783541778 0
1783541779 0
1783541780 0
1783541781 0
1783541782 0
1783541783 0
1783541784 0
1783541785 0
1783541786 0
1783541787 0
1783541788 0
1783541789 0
1783541790 0
1783541791 0
1783541792 0
1783541793 0
1783541794 0
1783541795 0
1783541796 0
1783541797 0
1783541798 0
1783541799 0
1783541800 0
1783541801 0
1783541802 0
1783541803 0
1783541804 0
1783541805 0
1783541806 0
1783541807 0
1783541808 0
1783541809 0
1783541810 0
1783541811 0
1783541813 0
1783541814 0
1783541815 0
1783541816 0
1783541817 0
1783541818 0
1783541819 0
1783541820 0
1783541821 0
1783541822 0
1783541823 0
1783541824 0
1783541825 0
