1783543114 0
1783543115 0
1783543116 0
1783543117 0
1783543118 0
1783543119 0
1783543120 0
1783543121 0
1783543122 0
1783543123 0
1783543124 0
1783543125 0
1783543126 0
1783543127 0
1783543128 0
1783543129 0
1783543130 0
1783543131 0
1783543132 0
1783543133 0
1783543134 0
1783543135 0
1783543136 0
1783543137 0
1783543138 0
1783543140 0
1783543141 0
1783543142 0
1783543143 0
1783543144 0
1783543145 0
1783543146 0
1783543147 0
1783543148 0
1783543149 0
1783543150 0
1783543151 0
1783543152 0
1783543153 0
1783543154 0
1783543155 0
1783543156 0
1783543157 0
1783543158 0
1783543159 0
1783543160 0
1783543161 0
1783543162 0
1783543163 0
1783543164 0
1783543165 0
1783543166 0
1783543167 0
1783543168 0
1783543169 0
1783543170 0
1783543171 0
1783543172 0
1783543173 0
1783543174 0
1783543175 0
1783543176 0
1783543177 0
1783543178 0
1783543179 0
1783543180 0
1783543181 0
1783543182 0
1783543183 0
1783543184 0
1783543185 0
1783543186 0
1783543187 0
1783543188 0
1783543189 0
1783543190 0
1783543191 0
1783543192 0
1783543193 0
1783543194 0
1783543195 0
1783543196 0
1783543197 0
1783543198 0
1783543199 0
1783543200 0
1783543201 0
1783543202 0
1783543203 0
1783543204 0
1783543205 0
1783543206 0
1783543207 0
1783543208 0
1783543209 0
1783543211 0
1783543212 0
1783543213 0
1783543214 0
1783543215 0
1783543216 0
1783543217 0
1783543218 0
1783543219 0
1783543220 0
1783543221 0
1783543222 0
1783543223 0
1783543224 0
1783543225 0
1783543226 0
1783543227 0
1783543228 0
1783543229 0
1783543230 0
1783543231 0
1783543232 0
1783543233 0
1783543234 0
1783543235 0
1783543236 0
1783543237 0
1783543238 0
1783543239 0
