1783543114 Dirty: 88 Writeback: 0 
1783543115 Dirty: 100 Writeback: 0 
1783543116 Dirty: 112 Writeback: 0 
1783543117 Dirty: 112 Writeback: 0 
1783543118 Dirty: 56 Writeback: 0 
1783543119 Dirty: 48 Writeback: 0 
1783543120 Dirty: 72 Writeback: 0 
1783543121 Dirty: 80 Writeback: 0 
1783543122 Dirty: 48 Writeback: 0 
1783543123 Dirty: 52 Writeback: 0 
1783543124 Dirty: 60 Writeback: 0 
1783543125 Dirty: 60 Writeback: 0 
1783543126 Dirty: 20 Writeback: 0 
1783543127 Dirty: 24 Writeback: 0 
1783543128 Dirty: 28 Writeback: 0 
1783543129 Dirty: 32 Writeback: 0 
1783543130 Dirty: 48 Writeback: 0 
1783543131 Dirty: 20 Writeback: 0 
1783543132 Dirty: 32 Writeback: 0 
1783543133 Dirty: 40 Writeback: 0 
1783543134 Dirty: 40 Writeback: 0 
1783543135 Dirty: 32 Writeback: 0 
1783543136 Dirty: 32 Writeback: 0 
1783543137 Dirty: 0 Writeback: 0 
1783543138 Dirty: 28 Writeback: 0 
1783543139 Dirty: 40 Writeback: 0 
1783543140 Dirty: 48 Writeback: 0 
1783543141 Dirty: 48 Writeback: 0 
1783543142 Dirty: 52 Writeback: 0 
1783543143 Dirty: 32 Writeback: 0 
1783543144 Dirty: 36 Writeback: 0 
1783543145 Dirty: 24 Writeback: 0 
1783543146 Dirty: 28 Writeback: 0 
1783543147 Dirty: 32 Writeback: 0 
1783543148 Dirty: 20 Writeback: 0 
1783543149 Dirty: 24 Writeback: 0 
1783543150 Dirty: 64 Writeback: 0 
1783543151 Dirty: 64 Writeback: 0 
1783543152 Dirty: 64 Writeback: 0 
1783543153 Dirty: 48 Writeback: 0 
1783543154 Dirty: 64 Writeback: 0 
1783543155 Dirty: 32 Writeback: 0 
1783543156 Dirty: 32 Writeback: 0 
1783543157 Dirty: 36 Writeback: 0 
1783543158 Dirty: 36 Writeback: 0 
1783543159 Dirty: 8 Writeback: 0 
1783543160 Dirty: 52 Writeback: 0 
1783543161 Dirty: 60 Writeback: 0 
1783543162 Dirty: 60 Writeback: 0 
1783543163 Dirty: 396 Writeback: 0 
1783543164 Dirty: 504 Writeback: 0 
1783543165 Dirty: 552 Writeback: 0 
1783543166 Dirty: 560 Writeback: 0 
1783543167 Dirty: 564 Writeback: 0 
1783543168 Dirty: 88 Writeback: 0 
1783543169 Dirty: 68 Writeback: 0 
1783543170 Dirty: 24 Writeback: 0 
1783543171 Dirty: 24 Writeback: 0 
1783543172 Dirty: 28 Writeback: 0 
1783543173 Dirty: 28 Writeback: 0 
1783543174 Dirty: 48 Writeback: 0 
1783543175 Dirty: 40 Writeback: 0 
1783543176 Dirty: 40 Writeback: 0 
1783543177 Dirty: 44 Writeback: 0 
1783543178 Dirty: 44 Writeback: 0 
1783543179 Dirty: 64 Writeback: 0 
1783543180 Dirty: 376 Writeback: 0 
1783543181 Dirty: 512 Writeback: 0 
1783543182 Dirty: 516 Writeback: 0 
1783543183 Dirty: 516 Writeback: 0 
1783543184 Dirty: 536 Writeback: 0 
1783543185 Dirty: 500 Writeback: 0 
1783543186 Dirty: 60 Writeback: 0 
1783543187 Dirty: 60 Writeback: 0 
1783543188 Dirty: 60 Writeback: 0 
1783543189 Dirty: 80 Writeback: 0 
1783543190 Dirty: 36 Writeback: 0 
1783543191 Dirty: 64 Writeback: 0 
1783543192 Dirty: 32 Writeback: 0 
1783543193 Dirty: 32 Writeback: 0 
1783543194 Dirty: 36 Writeback: 0 
1783543195 Dirty: 72 Writeback: 0 
1783543196 Dirty: 72 Writeback: 0 
1783543197 Dirty: 20 Writeback: 0 
1783543198 Dirty: 24 Writeback: 0 
1783543199 Dirty: 56 Writeback: 0 
1783543200 Dirty: 56 Writeback: 0 
1783543201 Dirty: 60 Writeback: 0 
1783543202 Dirty: 64 Writeback: 0 
1783543203 Dirty: 40 Writeback: 0 
1783543204 Dirty: 52 Writeback: 0 
1783543205 Dirty: 16 Writeback: 0 
1783543206 Dirty: 28 Writeback: 0 
1783543207 Dirty: 32 Writeback: 0 
1783543208 Dirty: 32 Writeback: 0 
1783543209 Dirty: 44 Writeback: 0 
1783543210 Dirty: 48 Writeback: 0 
1783543211 Dirty: 48 Writeback: 0 
1783543212 Dirty: 48 Writeback: 0 
1783543213 Dirty: 52 Writeback: 0 
1783543214 Dirty: 44 Writeback: 0 
1783543215 Dirty: 24 Writeback: 0 
1783543216 Dirty: 32 Writeback: 0 
1783543217 Dirty: 32 Writeback: 0 
1783543218 Dirty: 36 Writeback: 0 
1783543219 Dirty: 36 Writeback: 0 
1783543220 Dirty: 28 Writeback: 0 
1783543221 Dirty: 28 Writeback: 0 
1783543222 Dirty: 32 Writeback: 0 
1783543223 Dirty: 32 Writeback: 0 
1783543224 Dirty: 40 Writeback: 0 
1783543225 Dirty: 72 Writeback: 0 
1783543226 Dirty: 24 Writeback: 0 
1783543227 Dirty: 24 Writeback: 0 
1783543228 Dirty: 28 Writeback: 0 
1783543229 Dirty: 48 Writeback: 0 
1783543230 Dirty: 20 Writeback: 0 
1783543231 Dirty: 48 Writeback: 0 
1783543232 Dirty: 52 Writeback: 0 
1783543234 Dirty: 52 Writeback: 0 
1783543235 Dirty: 56 Writeback: 0 
1783543236 Dirty: 36 Writeback: 0 
1783543237 Dirty: 20 Writeback: 0 
1783543238 Dirty: 24 Writeback: 0 
1783543239 Dirty: 32 Writeback: 0 
