1783553093 0
1783553094 0
1783553095 0
1783553096 0
1783553097 0
1783553098 0
1783553099 0
1783553100 0
1783553101 0
1783553102 0
1783553103 0
1783553104 0
1783553105 0
1783553106 1
1783553107 1
1783553108 1
1783553109 1
1783553110 1
1783553111 1
1783553112 1
1783553113 1
1783553114 1
1783553115 1
1783553116 1
1783553117 1
1783553118 1
1783553119 1
1783553120 1
1783553121 1
1783553122 1
1783553123 1
1783553124 1
1783553125 1
1783553126 1
1783553127 1
1783553128 1
1783553129 1
1783553130 1
1783553132 1
1783553133 1
1783553134 1
1783553135 1
1783553136 1
1783553137 1
1783553138 1
1783553139 1
1783553140 1
1783553141 1
1783553142 1
1783553143 1
1783553144 1
1783553145 1
1783553146 1
1783553147 1
1783553148 1
1783553149 1
1783553150 1
1783553151 1
1783553152 1
1783553153 1
1783553154 1
1783553155 1
1783553156 1
1783553157 1
1783553158 1
1783553159 1
1783553160 1
1783553161 1
1783553162 1
1783553163 1
1783553164 1
1783553165 1
1783553166 1
1783553167 1
1783553168 1
1783553169 1
1783553170 1
1783553171 1
1783553172 1
1783553173 1
1783553174 1
1783553175 1
1783553176 1
1783553177 1
1783553178 1
1783553179 1
1783553180 1
1783553181 1
1783553182 1
1783553183 1
1783553184 1
1783553185 1
1783553186 1
1783553187 1
1783553188 1
1783553189 1
1783553191 1
1783553192 1
1783553193 1
1783553194 1
1783553195 1
1783553196 1
1783553197 1
1783553198 1
1783553199 1
1783553200 1
1783553201 1
1783553202 1
1783553203 1
1783553204 1
1783553205 1
1783553206 1
1783553207 1
1783553208 0
1783553209 0
1783553210 0
1783553211 0
1783553212 0
1783553213 0
1783553214 0
1783553215 0
1783553216 0
1783553217 0
1783553218 0
1783553219 1
1783553220 1
1783553221 1
1783553222 1
1783553223 1
1783553224 1
1783553225 1
1783553226 1
1783553227 1
1783553228 1
1783553229 1
1783553230 1
1783553231 1
1783553232 1
1783553233 1
1783553234 1
1783553235 1
1783553236 1
1783553237 1
1783553238 1
1783553239 1
1783553240 1
1783553241 1
1783553242 1
1783553243 1
1783553244 1
1783553245 1
1783553246 1
1783553247 1
1783553248 1
1783553249 1
1783553251 1
1783553252 1
1783553253 1
1783553254 1
1783553255 1
1783553256 1
1783553257 1
1783553258 1
1783553259 1
1783553260 1
1783553261 1
1783553262 1
1783553263 1
1783553264 1
1783553265 1
1783553266 1
1783553267 1
1783553268 1
1783553269 1
1783553270 1
1783553271 1
1783553272 1
1783553273 1
1783553274 1
1783553275 1
1783553276 1
1783553277 1
1783553278 1
1783553279 1
1783553280 1
1783553281 1
1783553282 1
1783553283 1
1783553284 1
1783553285 1
1783553286 1
1783553287 1
1783553288 1
1783553289 1
1783553290 1
1783553291 1
1783553292 1
1783553293 1
1783553294 1
1783553295 1
1783553296 1
1783553297 1
1783553298 1
1783553299 1
1783553300 1
1783553301 1
1783553302 1
1783553303 1
1783553304 1
1783553305 1
1783553306 1
1783553307 1
1783553308 1
1783553309 1
1783553311 1
1783553312 1
1783553313 1
1783553314 1
1783553315 1
1783553316 1
1783553317 1
1783553318 1
1783553319 1
1783553320 1
