1783553093 Dirty: 100 Writeback: 0 
1783553094 Dirty: 152 Writeback: 0 
1783553095 Dirty: 180 Writeback: 0 
1783553096 Dirty: 436 Writeback: 0 
1783553097 Dirty: 152 Writeback: 0 
1783553098 Dirty: 152 Writeback: 0 
1783553099 Dirty: 156 Writeback: 0 
1783553100 Dirty: 160 Writeback: 0 
1783553101 Dirty: 72 Writeback: 0 
1783553102 Dirty: 284 Writeback: 0 
1783553103 Dirty: 300 Writeback: 0 
1783553104 Dirty: 300 Writeback: 0 
1783553105 Dirty: 304 Writeback: 0 
1783553106 Dirty: 304 Writeback: 65536 
1783553107 Dirty: 128 Writeback: 65536 
1783553108 Dirty: 160 Writeback: 0 
1783553109 Dirty: 136 Writeback: 0 
1783553110 Dirty: 136 Writeback: 0 
1783553111 Dirty: 136 Writeback: 0 
1783553112 Dirty: 136 Writeback: 0 
1783553113 Dirty: 52 Writeback: 12 
1783553114 Dirty: 84 Writeback: 0 
1783553115 Dirty: 96 Writeback: 0 
1783553116 Dirty: 96 Writeback: 0 
1783553117 Dirty: 100 Writeback: 0 
1783553118 Dirty: 112 Writeback: 65536 
1783553119 Dirty: 72 Writeback: 65536 
1783553120 Dirty: 92 Writeback: 0 
1783553121 Dirty: 124 Writeback: 0 
1783553122 Dirty: 124 Writeback: 0 
1783553123 Dirty: 128 Writeback: 0 
1783553124 Dirty: 128 Writeback: 0 
1783553125 Dirty: 148 Writeback: 0 
1783553126 Dirty: 72 Writeback: 0 
1783553127 Dirty: 96 Writeback: 0 
1783553128 Dirty: 96 Writeback: 0 
1783553129 Dirty: 104 Writeback: 0 
1783553130 Dirty: 252 Writeback: 65536 
1783553131 Dirty: 17100 Writeback: 0 
1783553132 Dirty: 112 Writeback: 0 
1783553133 Dirty: 132 Writeback: 0 
1783553134 Dirty: 132 Writeback: 0 
1783553135 Dirty: 140 Writeback: 0 
1783553136 Dirty: 140 Writeback: 0 
1783553137 Dirty: 172 Writeback: 0 
1783553138 Dirty: 188 Writeback: 0 
1783553139 Dirty: 80 Writeback: 0 
1783553140 Dirty: 80 Writeback: 0 
1783553141 Dirty: 88 Writeback: 0 
1783553142 Dirty: 44 Writeback: 65536 
1783553143 Dirty: 76 Writeback: 65536 
1783553144 Dirty: 92 Writeback: 65536 
1783553145 Dirty: 100 Writeback: 65536 
1783553146 Dirty: 104 Writeback: 65536 
1783553147 Dirty: 204 Writeback: 0 
1783553148 Dirty: 148 Writeback: 0 
1783553149 Dirty: 148 Writeback: 0 
1783553150 Dirty: 152 Writeback: 0 
1783553151 Dirty: 160 Writeback: 0 
1783553152 Dirty: 88 Writeback: 0 
1783553153 Dirty: 104 Writeback: 0 
1783553154 Dirty: 104 Writeback: 0 
1783553155 Dirty: 132 Writeback: 0 
1783553156 Dirty: 132 Writeback: 0 
1783553157 Dirty: 45120 Writeback: 0 
1783553158 Dirty: 68 Writeback: 65536 
1783553159 Dirty: 88 Writeback: 65536 
1783553160 Dirty: 92 Writeback: 65536 
1783553161 Dirty: 92 Writeback: 65536 
1783553162 Dirty: 232 Writeback: 0 
1783553163 Dirty: 220 Writeback: 0 
1783553164 Dirty: 136 Writeback: 0 
1783553165 Dirty: 140 Writeback: 0 
1783553166 Dirty: 144 Writeback: 0 
1783553167 Dirty: 184 Writeback: 0 
1783553168 Dirty: 84 Writeback: 0 
1783553169 Dirty: 88 Writeback: 0 
1783553170 Dirty: 92 Writeback: 0 
1783553171 Dirty: 92 Writeback: 0 
1783553172 Dirty: 112 Writeback: 65536 
1783553173 Dirty: 31800 Writeback: 0 
1783553174 Dirty: 65100 Writeback: 0 
1783553175 Dirty: 80 Writeback: 65536 
1783553176 Dirty: 92 Writeback: 65536 
1783553177 Dirty: 112 Writeback: 0 
1783553178 Dirty: 124 Writeback: 0 
1783553179 Dirty: 124 Writeback: 0 
1783553180 Dirty: 124 Writeback: 0 
1783553181 Dirty: 124 Writeback: 0 
1783553182 Dirty: 120 Writeback: 0 
1783553183 Dirty: 136 Writeback: 0 
1783553184 Dirty: 88 Writeback: 0 
1783553185 Dirty: 88 Writeback: 0 
1783553186 Dirty: 104 Writeback: 0 
1783553187 Dirty: 59440 Writeback: 4 
1783553188 Dirty: 56 Writeback: 65536 
1783553189 Dirty: 72 Writeback: 65536 
1783553190 Dirty: 76 Writeback: 65536 
1783553191 Dirty: 76 Writeback: 65536 
1783553192 Dirty: 132 Writeback: 0 
1783553193 Dirty: 136 Writeback: 0 
1783553194 Dirty: 140 Writeback: 0 
1783553195 Dirty: 140 Writeback: 0 
1783553196 Dirty: 144 Writeback: 0 
1783553197 Dirty: 156 Writeback: 0 
1783553198 Dirty: 56 Writeback: 0 
1783553199 Dirty: 60 Writeback: 0 
1783553200 Dirty: 64 Writeback: 0 
1783553201 Dirty: 64 Writeback: 0 
1783553202 Dirty: 56416 Writeback: 0 
1783553203 Dirty: 108 Writeback: 65536 
1783553204 Dirty: 50756 Writeback: 0 
1783553205 Dirty: 72 Writeback: 65536 
1783553206 Dirty: 76 Writeback: 65536 
1783553207 Dirty: 176 Writeback: 0 
1783553208 Dirty: 0 Writeback: 0 
1783553209 Dirty: 140 Writeback: 0 
1783553210 Dirty: 144 Writeback: 0 
1783553211 Dirty: 144 Writeback: 0 
1783553212 Dirty: 148 Writeback: 0 
1783553213 Dirty: 44 Writeback: 0 
1783553214 Dirty: 112 Writeback: 0 
1783553215 Dirty: 112 Writeback: 0 
1783553216 Dirty: 116 Writeback: 0 
1783553217 Dirty: 116 Writeback: 0 
1783553218 Dirty: 524 Writeback: 4 
1783553219 Dirty: 80 Writeback: 65536 
1783553220 Dirty: 108 Writeback: 0 
1783553221 Dirty: 128 Writeback: 0 
1783553222 Dirty: 152 Writeback: 0 
1783553223 Dirty: 152 Writeback: 0 
1783553224 Dirty: 156 Writeback: 0 
1783553225 Dirty: 164 Writeback: 0 
1783553226 Dirty: 60 Writeback: 0 
1783553227 Dirty: 64 Writeback: 0 
1783553228 Dirty: 64 Writeback: 0 
1783553229 Dirty: 68 Writeback: 0 
1783553230 Dirty: 72 Writeback: 65536 
1783553231 Dirty: 80 Writeback: 65536 
1783553232 Dirty: 108 Writeback: 0 
1783553233 Dirty: 140 Writeback: 0 
1783553234 Dirty: 152 Writeback: 0 
1783553235 Dirty: 152 Writeback: 0 
1783553236 Dirty: 152 Writeback: 0 
1783553237 Dirty: 156 Writeback: 0 
1783553238 Dirty: 0 Writeback: 0 
1783553239 Dirty: 60 Writeback: 0 
1783553240 Dirty: 64 Writeback: 0 
1783553241 Dirty: 64 Writeback: 0 
1783553242 Dirty: 23124 Writeback: 0 
1783553243 Dirty: 42560 Writeback: 23040 
1783553244 Dirty: 104 Writeback: 0 
1783553245 Dirty: 136 Writeback: 0 
1783553246 Dirty: 148 Writeback: 0 
1783553247 Dirty: 148 Writeback: 0 
1783553248 Dirty: 152 Writeback: 0 
1783553249 Dirty: 160 Writeback: 0 
1783553250 Dirty: 152 Writeback: 0 
1783553251 Dirty: 84 Writeback: 0 
1783553252 Dirty: 88 Writeback: 0 
1783553253 Dirty: 88 Writeback: 0 
1783553254 Dirty: 100 Writeback: 65536 
1783553255 Dirty: 140 Writeback: 65536 
1783553256 Dirty: 72 Writeback: 65536 
1783553257 Dirty: 80 Writeback: 65536 
1783553258 Dirty: 88 Writeback: 65536 
1783553259 Dirty: 116 Writeback: 0 
1783553261 Dirty: 144 Writeback: 0 
1783553262 Dirty: 152 Writeback: 0 
1783553263 Dirty: 156 Writeback: 0 
1783553264 Dirty: 156 Writeback: 0 
1783553265 Dirty: 104 Writeback: 0 
1783553266 Dirty: 68 Writeback: 0 
1783553267 Dirty: 104 Writeback: 0 
1783553268 Dirty: 112 Writeback: 0 
1783553269 Dirty: 112 Writeback: 0 
1783553270 Dirty: 136 Writeback: 65536 
1783553271 Dirty: 156 Writeback: 65536 
1783553272 Dirty: 76 Writeback: 65536 
1783553273 Dirty: 76 Writeback: 65536 
1783553274 Dirty: 100 Writeback: 65536 
1783553275 Dirty: 100 Writeback: 0 
1783553276 Dirty: 128 Writeback: 0 
1783553277 Dirty: 132 Writeback: 0 
1783553278 Dirty: 132 Writeback: 0 
1783553279 Dirty: 132 Writeback: 0 
1783553280 Dirty: 140 Writeback: 0 
1783553281 Dirty: 112 Writeback: 12 
1783553282 Dirty: 84 Writeback: 0 
1783553283 Dirty: 84 Writeback: 0 
1783553284 Dirty: 88 Writeback: 0 
1783553285 Dirty: 112 Writeback: 65536 
1783553286 Dirty: 72 Writeback: 65536 
1783553287 Dirty: 84 Writeback: 65536 
1783553288 Dirty: 84 Writeback: 65536 
1783553289 Dirty: 84 Writeback: 65536 
1783553290 Dirty: 48 Writeback: 0 
1783553291 Dirty: 152 Writeback: 0 
1783553292 Dirty: 152 Writeback: 0 
1783553293 Dirty: 140 Writeback: 0 
1783553294 Dirty: 144 Writeback: 0 
1783553295 Dirty: 116 Writeback: 16 
1783553296 Dirty: 76 Writeback: 0 
1783553297 Dirty: 80 Writeback: 0 
1783553298 Dirty: 84 Writeback: 0 
1783553299 Dirty: 88 Writeback: 0 
1783553300 Dirty: 88 Writeback: 65536 
1783553301 Dirty: 76 Writeback: 65536 
1783553302 Dirty: 80 Writeback: 65536 
1783553303 Dirty: 84 Writeback: 65536 
1783553304 Dirty: 84 Writeback: 65536 
1783553305 Dirty: 100 Writeback: 0 
1783553306 Dirty: 148 Writeback: 0 
1783553307 Dirty: 152 Writeback: 0 
1783553308 Dirty: 152 Writeback: 0 
1783553309 Dirty: 156 Writeback: 0 
1783553310 Dirty: 164 Writeback: 0 
1783553311 Dirty: 60 Writeback: 0 
1783553312 Dirty: 72 Writeback: 0 
1783553313 Dirty: 76 Writeback: 0 
1783553314 Dirty: 76 Writeback: 0 
1783553315 Dirty: 84 Writeback: 65536 
1783553316 Dirty: 80 Writeback: 65536 
1783553317 Dirty: 96 Writeback: 65536 
1783553318 Dirty: 96 Writeback: 65536 
1783553319 Dirty: 104 Writeback: 65536 
1783553320 Dirty: 104 Writeback: 0 
