1783550831 0
1783550832 0
1783550833 0
1783550834 0
1783550835 0
1783550836 0
1783550837 0
1783550838 0
1783550839 0
1783550840 0
1783550841 0
1783550842 0
1783550843 0
1783550844 0
1783550845 0
1783550846 0
1783550847 0
1783550848 0
1783550849 0
1783550850 0
1783550851 0
1783550852 0
1783550853 0
1783550854 0
1783550855 0
1783550857 0
1783550858 0
1783550859 0
1783550860 0
1783550861 0
1783550862 0
1783550863 0
1783550864 0
1783550865 0
1783550866 0
1783550867 0
1783550868 0
1783550869 0
1783550870 0
1783550871 0
1783550872 0
1783550873 0
1783550874 0
1783550875 0
1783550876 0
1783550877 0
1783550878 0
1783550879 0
1783550880 0
1783550881 0
1783550882 0
1783550883 0
1783550884 0
1783550885 0
1783550886 0
1783550887 0
1783550888 0
1783550889 0
1783550890 0
1783550891 0
1783550892 0
1783550893 0
1783550894 0
1783550895 0
1783550896 0
1783550897 0
1783550898 0
1783550899 0
1783550900 0
1783550901 0
1783550902 0
1783550903 0
1783550904 0
1783550905 0
1783550906 0
1783550907 0
1783550908 0
1783550909 0
1783550910 0
1783550911 0
1783550912 0
1783550913 0
1783550914 0
1783550916 0
1783550917 0
1783550918 0
1783550919 0
1783550920 0
1783550921 0
1783550922 0
1783550923 0
1783550924 0
1783550925 0
1783550926 0
1783550927 0
1783550928 0
1783550929 0
1783550930 0
1783550931 0
1783550932 0
1783550933 0
1783550934 0
