1783550831 
1783550832 
1783550833 
1783550834 
1783550835 
1783550836 
1783550837 
1783550838 
1783550839 
1783550840 
1783550841 
1783550842 
1783550843 
1783550844 
1783550845 
1783550846 
1783550847 
1783550848 
1783550849 
1783550850 
1783550851 
1783550852 
1783550853 
1783550854 
1783550855 
1783550856 
1783550858 
1783550859 
1783550860 
1783550861 
1783550862 
1783550863 
1783550864 
1783550865 
1783550866 
1783550867 
1783550868 
1783550869 
1783550870 
1783550871 
1783550872 
1783550873 
1783550874 
1783550875 
1783550876 
1783550877 
1783550878 
1783550879 
1783550880 
1783550881 
1783550882 
1783550883 
1783550884 
1783550885 
1783550886 
1783550887 
1783550888 
1783550889 
1783550890 
1783550891 
1783550892 
1783550893 
1783550894 
1783550895 
1783550896 
1783550897 
1783550898 
1783550899 
1783550900 
1783550901 
1783550902 
1783550903 
1783550904 
1783550905 
1783550906 
1783550907 
1783550908 
1783550909 
1783550910 
1783550911 
1783550912 
1783550913 
1783550914 
1783550915 
1783550916 
1783550918 
1783550919 
1783550920 
1783550921 
1783550922 
1783550923 
1783550924 
1783550925 
1783550926 
1783550927 
1783550928 
1783550929 
1783550930 
1783550931 
1783550932 
1783550933 
1783550934 
