1783550831 Dirty: 108 Writeback: 0 
1783550832 Dirty: 80 Writeback: 0 
1783550833 Dirty: 188 Writeback: 0 
1783550834 Dirty: 376 Writeback: 0 
1783550835 Dirty: 152 Writeback: 0 
1783550836 Dirty: 164 Writeback: 0 
1783550837 Dirty: 168 Writeback: 0 
1783550838 Dirty: 168 Writeback: 0 
1783550839 Dirty: 20 Writeback: 0 
1783550840 Dirty: 40 Writeback: 0 
1783550841 Dirty: 80 Writeback: 0 
1783550842 Dirty: 80 Writeback: 0 
1783550843 Dirty: 92 Writeback: 0 
1783550844 Dirty: 112 Writeback: 0 
1783550845 Dirty: 216 Writeback: 0 
1783550846 Dirty: 220 Writeback: 0 
1783550847 Dirty: 224 Writeback: 0 
1783550848 Dirty: 236 Writeback: 0 
1783550849 Dirty: 248 Writeback: 0 
1783550850 Dirty: 52 Writeback: 0 
1783550851 Dirty: 88 Writeback: 0 
1783550852 Dirty: 104 Writeback: 0 
1783550853 Dirty: 104 Writeback: 0 
1783550854 Dirty: 116 Writeback: 0 
1783550855 Dirty: 72 Writeback: 0 
1783550856 Dirty: 116 Writeback: 0 
1783550857 Dirty: 124 Writeback: 0 
1783550858 Dirty: 128 Writeback: 0 
1783550859 Dirty: 140 Writeback: 0 
1783550860 Dirty: 68 Writeback: 0 
1783550861 Dirty: 92 Writeback: 0 
1783550862 Dirty: 120 Writeback: 0 
1783550863 Dirty: 132 Writeback: 0 
1783550864 Dirty: 136 Writeback: 0 
1783550865 Dirty: 60 Writeback: 0 
1783550866 Dirty: 108 Writeback: 0 
1783550867 Dirty: 108 Writeback: 0 
1783550868 Dirty: 124 Writeback: 0 
1783550869 Dirty: 128 Writeback: 0 
1783550870 Dirty: 12 Writeback: 0 
1783550871 Dirty: 48 Writeback: 0 
1783550872 Dirty: 52 Writeback: 0 
1783550873 Dirty: 64 Writeback: 0 
1783550874 Dirty: 104 Writeback: 0 
1783550875 Dirty: 32 Writeback: 4 
1783550876 Dirty: 64 Writeback: 0 
1783550877 Dirty: 68 Writeback: 0 
1783550878 Dirty: 84 Writeback: 0 
1783550879 Dirty: 84 Writeback: 0 
1783550880 Dirty: 96 Writeback: 0 
1783550881 Dirty: 216 Writeback: 0 
1783550882 Dirty: 284 Writeback: 0 
1783550883 Dirty: 44 Writeback: 0 
1783550884 Dirty: 76 Writeback: 0 
1783550885 Dirty: 84 Writeback: 0 
1783550886 Dirty: 164 Writeback: 0 
1783550887 Dirty: 168 Writeback: 0 
1783550888 Dirty: 116 Writeback: 0 
1783550889 Dirty: 156 Writeback: 0 
1783550890 Dirty: 160 Writeback: 0 
1783550891 Dirty: 84 Writeback: 0 
1783550892 Dirty: 92 Writeback: 0 
1783550893 Dirty: 128 Writeback: 0 
1783550894 Dirty: 156 Writeback: 0 
1783550895 Dirty: 84 Writeback: 0 
1783550896 Dirty: 84 Writeback: 0 
1783550897 Dirty: 92 Writeback: 0 
1783550898 Dirty: 104 Writeback: 0 
1783550899 Dirty: 60 Writeback: 0 
1783550900 Dirty: 92 Writeback: 0 
1783550901 Dirty: 104 Writeback: 0 
1783550902 Dirty: 120 Writeback: 0 
1783550903 Dirty: 124 Writeback: 0 
1783550904 Dirty: 80 Writeback: 0 
1783550905 Dirty: 140 Writeback: 0 
1783550906 Dirty: 140 Writeback: 0 
1783550907 Dirty: 144 Writeback: 0 
1783550908 Dirty: 148 Writeback: 0 
1783550909 Dirty: 16 Writeback: 16 
1783550910 Dirty: 96 Writeback: 0 
1783550911 Dirty: 96 Writeback: 0 
1783550912 Dirty: 100 Writeback: 0 
1783550913 Dirty: 104 Writeback: 0 
1783550914 Dirty: 76 Writeback: 0 
1783550915 Dirty: 92 Writeback: 0 
1783550916 Dirty: 100 Writeback: 0 
1783550917 Dirty: 104 Writeback: 0 
1783550918 Dirty: 108 Writeback: 0 
1783550919 Dirty: 76 Writeback: 0 
1783550920 Dirty: 88 Writeback: 0 
1783550921 Dirty: 88 Writeback: 0 
1783550922 Dirty: 92 Writeback: 0 
1783550923 Dirty: 112 Writeback: 0 
1783550924 Dirty: 100 Writeback: 0 
1783550925 Dirty: 112 Writeback: 0 
1783550926 Dirty: 116 Writeback: 0 
1783550927 Dirty: 116 Writeback: 0 
1783550928 Dirty: 124 Writeback: 0 
1783550929 Dirty: 200 Writeback: 0 
1783550930 Dirty: 212 Writeback: 0 
1783550931 Dirty: 228 Writeback: 0 
1783550932 Dirty: 228 Writeback: 0 
1783550933 Dirty: 228 Writeback: 0 
