1783546251 Dirty: 48 Writeback: 0 
1783546252 Dirty: 132 Writeback: 0 
1783546253 Dirty: 60 Writeback: 0 
1783546254 Dirty: 80 Writeback: 0 
1783546255 Dirty: 80 Writeback: 0 
1783546256 Dirty: 84 Writeback: 0 
1783546257 Dirty: 88 Writeback: 0 
1783546258 Dirty: 32 Writeback: 0 
1783546259 Dirty: 16 Writeback: 0 
1783546260 Dirty: 28 Writeback: 0 
1783546261 Dirty: 32 Writeback: 0 
1783546262 Dirty: 48 Writeback: 0 
1783546263 Dirty: 52 Writeback: 0 
1783546264 Dirty: 52 Writeback: 0 
1783546265 Dirty: 28 Writeback: 0 
1783546266 Dirty: 40 Writeback: 0 
1783546267 Dirty: 52 Writeback: 0 
1783546268 Dirty: 28 Writeback: 0 
1783546269 Dirty: 32 Writeback: 0 
1783546270 Dirty: 36 Writeback: 0 
1783546271 Dirty: 20 Writeback: 0 
1783546272 Dirty: 40 Writeback: 0 
1783546273 Dirty: 44 Writeback: 0 
1783546274 Dirty: 44 Writeback: 0 
1783546275 Dirty: 48 Writeback: 0 
1783546276 Dirty: 20 Writeback: 0 
1783546277 Dirty: 48 Writeback: 0 
1783546278 Dirty: 24 Writeback: 0 
1783546279 Dirty: 28 Writeback: 0 
1783546280 Dirty: 28 Writeback: 0 
1783546281 Dirty: 20 Writeback: 0 
1783546282 Dirty: 28 Writeback: 0 
1783546283 Dirty: 60 Writeback: 0 
1783546284 Dirty: 60 Writeback: 0 
1783546285 Dirty: 60 Writeback: 0 
1783546286 Dirty: 40 Writeback: 0 
1783546287 Dirty: 68 Writeback: 0 
1783546288 Dirty: 28 Writeback: 0 
1783546289 Dirty: 28 Writeback: 0 
1783546290 Dirty: 32 Writeback: 0 
1783546291 Dirty: 36 Writeback: 0 
1783546292 Dirty: 56 Writeback: 0 
1783546293 Dirty: 56 Writeback: 0 
1783546294 Dirty: 60 Writeback: 0 
1783546295 Dirty: 60 Writeback: 0 
1783546296 Dirty: 64 Writeback: 0 
1783546297 Dirty: 44 Writeback: 0 
1783546298 Dirty: 24 Writeback: 0 
1783546299 Dirty: 24 Writeback: 0 
1783546300 Dirty: 28 Writeback: 0 
1783546302 Dirty: 28 Writeback: 0 
1783546303 Dirty: 32 Writeback: 0 
1783546304 Dirty: 44 Writeback: 0 
1783546305 Dirty: 48 Writeback: 0 
1783546306 Dirty: 48 Writeback: 0 
1783546307 Dirty: 52 Writeback: 0 
1783546308 Dirty: 52 Writeback: 0 
1783546309 Dirty: 16 Writeback: 0 
1783546310 Dirty: 20 Writeback: 0 
1783546311 Dirty: 24 Writeback: 0 
1783546312 Dirty: 24 Writeback: 0 
1783546313 Dirty: 64 Writeback: 0 
1783546314 Dirty: 44 Writeback: 0 
1783546315 Dirty: 64 Writeback: 0 
1783546316 Dirty: 64 Writeback: 0 
1783546317 Dirty: 64 Writeback: 0 
1783546318 Dirty: 68 Writeback: 0 
1783546319 Dirty: 32 Writeback: 0 
1783546320 Dirty: 16 Writeback: 0 
1783546321 Dirty: 20 Writeback: 0 
1783546322 Dirty: 24 Writeback: 0 
1783546323 Dirty: 28 Writeback: 0 
1783546324 Dirty: 64 Writeback: 0 
1783546325 Dirty: 60 Writeback: 0 
1783546326 Dirty: 64 Writeback: 0 
1783546327 Dirty: 72 Writeback: 0 
1783546328 Dirty: 72 Writeback: 0 
1783546329 Dirty: 40 Writeback: 0 
1783546330 Dirty: 48 Writeback: 0 
1783546331 Dirty: 28 Writeback: 0 
1783546332 Dirty: 24 Writeback: 0 
1783546333 Dirty: 28 Writeback: 0 
1783546334 Dirty: 72 Writeback: 0 
1783546335 Dirty: 40 Writeback: 0 
1783546336 Dirty: 64 Writeback: 0 
1783546337 Dirty: 64 Writeback: 0 
1783546338 Dirty: 64 Writeback: 0 
1783546339 Dirty: 24 Writeback: 0 
1783546340 Dirty: 28 Writeback: 0 
1783546341 Dirty: 16 Writeback: 0 
1783546342 Dirty: 24 Writeback: 0 
1783546343 Dirty: 24 Writeback: 0 
1783546344 Dirty: 52 Writeback: 0 
1783546345 Dirty: 52 Writeback: 0 
1783546346 Dirty: 28 Writeback: 0 
1783546347 Dirty: 40 Writeback: 0 
1783546348 Dirty: 56 Writeback: 0 
1783546349 Dirty: 24 Writeback: 0 
1783546350 Dirty: 28 Writeback: 0 
1783546351 Dirty: 28 Writeback: 0 
1783546352 Dirty: 8 Writeback: 0 
1783546353 Dirty: 40 Writeback: 0 
1783546354 Dirty: 44 Writeback: 0 
1783546355 Dirty: 48 Writeback: 0 
1783546356 Dirty: 52 Writeback: 0 
1783546357 Dirty: 52 Writeback: 0 
1783546358 Dirty: 52 Writeback: 0 
1783546359 Dirty: 20 Writeback: 0 
1783546360 Dirty: 24 Writeback: 0 
1783546361 Dirty: 28 Writeback: 0 
1783546362 Dirty: 28 Writeback: 0 
1783546363 Dirty: 12 Writeback: 0 
1783546364 Dirty: 44 Writeback: 0 
1783546365 Dirty: 52 Writeback: 0 
1783546366 Dirty: 52 Writeback: 0 
1783546367 Dirty: 56 Writeback: 0 
1783546368 Dirty: 56 Writeback: 0 
1783546369 Dirty: 20 Writeback: 0 
1783546370 Dirty: 28 Writeback: 0 
1783546371 Dirty: 32 Writeback: 0 
1783546372 Dirty: 32 Writeback: 0 
1783546373 Dirty: 68 Writeback: 0 
1783546374 Dirty: 32 Writeback: 0 
1783546375 Dirty: 56 Writeback: 0 
1783546376 Dirty: 56 Writeback: 0 
