1783540044 
1783540045 
1783540046 
1783540047 
1783540048 
1783540049 
1783540051 
1783540052 
1783540053 
1783540054 
1783540055 
1783540056 
1783540057 
1783540058 
1783540059 
1783540060 
1783540061 
1783540062 
1783540063 
1783540064 
1783540065 
1783540066 
1783540067 
1783540068 
1783540069 
1783540070 
1783540071 
1783540072 
1783540073 
1783540074 
1783540075 
1783540076 
1783540077 
1783540078 
1783540079 
1783540080 
1783540081 
1783540082 
1783540083 
1783540084 
1783540085 
1783540086 
1783540087 
1783540088 
1783540089 
1783540090 
1783540091 
1783540092 
1783540093 
1783540094 
1783540095 
1783540096 
1783540097 
1783540098 
1783540099 
1783540100 
1783540101 
1783540102 
1783540103 
1783540104 
1783540105 
1783540106 
1783540107 
1783540108 
1783540109 
1783540110 
1783540111 
1783540112 
1783540113 
1783540114 
1783540115 
1783540116 
1783540117 
1783540118 
1783540119 
1783540120 
1783540121 
1783540122 
1783540124 
1783540125 
1783540126 
1783540127 
1783540128 
1783540129 
1783540130 
1783540131 
1783540132 
1783540133 
1783540134 
1783540135 
1783540136 
1783540137 
1783540138 
1783540139 
1783540140 
1783540141 
1783540142 
1783540143 
1783540144 
1783540145 
1783540146 
1783540147 
1783540148 
1783540149 
1783540150 
1783540151 
1783540152 
1783540153 
1783540154 
1783540155 
1783540156 
1783540157 
1783540158 
1783540159 
1783540160 
1783540161 
1783540162 
1783540163 
1783540164 
1783540165 
1783540166 
1783540167 
1783540168 
1783540169 
