1783540044 0
1783540045 0
1783540046 0
1783540047 0
1783540048 0
1783540050 0
1783540051 0
1783540052 0
1783540053 0
1783540054 0
1783540055 0
1783540056 0
1783540057 0
1783540058 0
1783540059 0
1783540060 0
1783540061 0
1783540062 0
1783540063 0
1783540064 0
1783540065 0
1783540066 0
1783540067 0
1783540068 0
1783540069 0
1783540070 0
1783540071 0
1783540072 0
1783540073 0
1783540074 0
1783540075 0
1783540076 0
1783540077 0
1783540078 0
1783540079 0
1783540080 0
1783540081 0
1783540082 0
1783540083 0
1783540084 0
1783540085 0
1783540086 0
1783540087 0
1783540088 0
1783540089 0
1783540090 0
1783540091 0
1783540092 0
1783540093 0
1783540094 0
1783540095 0
1783540096 0
1783540097 0
1783540098 0
1783540099 0
1783540100 0
1783540101 0
1783540102 0
1783540103 0
1783540104 0
1783540105 0
1783540106 0
1783540107 0
1783540108 0
1783540109 0
1783540110 0
1783540111 0
1783540112 0
1783540113 0
1783540114 0
1783540115 0
1783540116 0
1783540117 0
1783540118 0
1783540119 0
1783540120 0
1783540121 0
1783540123 0
1783540124 0
1783540125 0
1783540126 0
1783540127 0
1783540128 0
1783540129 0
1783540130 0
1783540131 0
1783540132 0
1783540133 0
1783540134 0
1783540135 0
1783540136 0
1783540137 0
1783540138 0
1783540139 0
1783540140 0
1783540141 0
1783540142 0
1783540143 0
1783540144 0
1783540145 0
1783540146 0
1783540147 0
1783540148 0
1783540149 0
1783540150 0
1783540151 0
1783540152 0
1783540153 0
1783540154 0
1783540155 0
1783540156 0
1783540157 0
1783540158 0
1783540159 0
1783540160 0
1783540161 0
1783540162 0
1783540163 0
1783540164 0
1783540165 0
1783540166 0
1783540167 0
1783540168 0
1783540169 0
