1783540044 Dirty: 88 Writeback: 0 
1783540045 Dirty: 116 Writeback: 0 
1783540046 Dirty: 236 Writeback: 0 
1783540047 Dirty: 240 Writeback: 0 
1783540048 Dirty: 44 Writeback: 0 
1783540049 Dirty: 104 Writeback: 0 
1783540050 Dirty: 72 Writeback: 0 
1783540051 Dirty: 76 Writeback: 0 
1783540052 Dirty: 80 Writeback: 0 
1783540053 Dirty: 28 Writeback: 0 
1783540054 Dirty: 48 Writeback: 0 
1783540055 Dirty: 48 Writeback: 0 
1783540056 Dirty: 24 Writeback: 0 
1783540057 Dirty: 36 Writeback: 0 
1783540058 Dirty: 40 Writeback: 0 
1783540059 Dirty: 40 Writeback: 0 
1783540060 Dirty: 28 Writeback: 0 
1783540061 Dirty: 0 Writeback: 0 
1783540062 Dirty: 24 Writeback: 0 
1783540063 Dirty: 24 Writeback: 0 
1783540064 Dirty: 44 Writeback: 0 
1783540065 Dirty: 44 Writeback: 0 
1783540066 Dirty: 48 Writeback: 0 
1783540067 Dirty: 28 Writeback: 0 
1783540068 Dirty: 40 Writeback: 0 
1783540070 Dirty: 52 Writeback: 0 
1783540071 Dirty: 32 Writeback: 0 
1783540072 Dirty: 32 Writeback: 0 
1783540073 Dirty: 8 Writeback: 0 
1783540074 Dirty: 20 Writeback: 0 
1783540075 Dirty: 52 Writeback: 0 
1783540076 Dirty: 52 Writeback: 0 
1783540077 Dirty: 80 Writeback: 0 
1783540078 Dirty: 80 Writeback: 0 
1783540079 Dirty: 68 Writeback: 0 
1783540080 Dirty: 92 Writeback: 0 
1783540081 Dirty: 32 Writeback: 0 
1783540082 Dirty: 40 Writeback: 0 
1783540083 Dirty: 48 Writeback: 0 
1783540084 Dirty: 24 Writeback: 0 
1783540085 Dirty: 64 Writeback: 0 
1783540086 Dirty: 64 Writeback: 0 
1783540087 Dirty: 32 Writeback: 28 
1783540088 Dirty: 32 Writeback: 0 
1783540089 Dirty: 12 Writeback: 0 
1783540090 Dirty: 60 Writeback: 0 
1783540091 Dirty: 64 Writeback: 0 
1783540092 Dirty: 64 Writeback: 0 
1783540093 Dirty: 68 Writeback: 0 
1783540094 Dirty: 68 Writeback: 0 
1783540095 Dirty: 56 Writeback: 0 
1783540096 Dirty: 24 Writeback: 0 
1783540097 Dirty: 32 Writeback: 0 
1783540098 Dirty: 32 Writeback: 0 
1783540099 Dirty: 36 Writeback: 0 
1783540100 Dirty: 8 Writeback: 0 
1783540101 Dirty: 52 Writeback: 0 
1783540102 Dirty: 56 Writeback: 0 
1783540103 Dirty: 56 Writeback: 0 
1783540104 Dirty: 68 Writeback: 0 
1783540105 Dirty: 68 Writeback: 0 
1783540106 Dirty: 24 Writeback: 0 
1783540107 Dirty: 24 Writeback: 0 
1783540108 Dirty: 28 Writeback: 0 
1783540109 Dirty: 28 Writeback: 0 
1783540110 Dirty: 32 Writeback: 0 
1783540111 Dirty: 16 Writeback: 0 
1783540112 Dirty: 36 Writeback: 0 
1783540113 Dirty: 36 Writeback: 0 
1783540114 Dirty: 40 Writeback: 0 
1783540115 Dirty: 52 Writeback: 0 
1783540116 Dirty: 36 Writeback: 0 
1783540117 Dirty: 16 Writeback: 0 
1783540118 Dirty: 24 Writeback: 0 
1783540119 Dirty: 32 Writeback: 0 
1783540120 Dirty: 32 Writeback: 0 
1783540121 Dirty: 64 Writeback: 0 
1783540122 Dirty: 64 Writeback: 0 
1783540123 Dirty: 52 Writeback: 0 
1783540124 Dirty: 204 Writeback: 0 
1783540125 Dirty: 216 Writeback: 0 
1783540126 Dirty: 176 Writeback: 0 
1783540127 Dirty: 184 Writeback: 0 
1783540128 Dirty: 156 Writeback: 0 
1783540129 Dirty: 36 Writeback: 0 
1783540130 Dirty: 68 Writeback: 0 
1783540131 Dirty: 72 Writeback: 0 
1783540132 Dirty: 76 Writeback: 0 
1783540133 Dirty: 52 Writeback: 0 
1783540134 Dirty: 64 Writeback: 0 
1783540135 Dirty: 20 Writeback: 0 
1783540136 Dirty: 56 Writeback: 0 
1783540137 Dirty: 56 Writeback: 0 
1783540138 Dirty: 60 Writeback: 0 
1783540139 Dirty: 48 Writeback: 0 
1783540140 Dirty: 60 Writeback: 0 
1783540141 Dirty: 172 Writeback: 0 
1783540142 Dirty: 196 Writeback: 0 
1783540143 Dirty: 200 Writeback: 0 
1783540144 Dirty: 200 Writeback: 0 
1783540145 Dirty: 204 Writeback: 0 
1783540146 Dirty: 220 Writeback: 0 
1783540147 Dirty: 72 Writeback: 0 
1783540148 Dirty: 72 Writeback: 0 
1783540149 Dirty: 76 Writeback: 0 
1783540150 Dirty: 80 Writeback: 0 
1783540151 Dirty: 20 Writeback: 0 
1783540152 Dirty: 28 Writeback: 0 
1783540153 Dirty: 36 Writeback: 0 
1783540154 Dirty: 36 Writeback: 0 
1783540155 Dirty: 40 Writeback: 0 
1783540156 Dirty: 16 Writeback: 0 
1783540157 Dirty: 40 Writeback: 0 
1783540158 Dirty: 24 Writeback: 0 
1783540159 Dirty: 32 Writeback: 0 
1783540160 Dirty: 32 Writeback: 0 
1783540161 Dirty: 60 Writeback: 0 
1783540162 Dirty: 44 Writeback: 0 
1783540163 Dirty: 48 Writeback: 0 
1783540164 Dirty: 52 Writeback: 0 
1783540165 Dirty: 52 Writeback: 0 
1783540166 Dirty: 36 Writeback: 0 
1783540167 Dirty: 12 Writeback: 0 
1783540168 Dirty: 24 Writeback: 0 
1783540169 Dirty: 28 Writeback: 0 
