1783539153 
1783539154 
1783539155 
1783539156 
1783539157 
1783539158 
1783539159 
1783539160 
1783539161 
1783539162 
1783539163 
1783539164 
1783539165 
1783539166 
1783539167 
1783539168 
1783539169 
1783539170 
1783539171 
1783539172 
1783539173 
1783539174 
1783539175 
1783539176 
1783539177 
1783539178 
1783539179 
1783539180 
1783539181 
1783539182 
1783539183 
1783539184 
1783539185 
1783539186 
1783539187 
1783539188 
1783539189 
1783539190 
1783539191 
1783539192 
1783539193 
1783539194 
1783539196 
1783539197 
1783539198 
1783539199 
1783539200 
1783539201 
1783539202 
1783539203 
1783539204 
1783539205 
1783539206 
1783539207 
1783539208 
1783539209 
1783539210 
1783539211 
1783539212 
1783539213 
1783539214 
1783539215 
1783539216 
1783539217 
1783539218 
1783539219 
1783539220 
1783539221 
1783539222 
1783539223 
1783539224 
1783539225 
1783539226 
1783539227 
1783539228 
1783539229 
1783539230 
1783539231 
1783539232 
1783539233 
1783539234 
1783539235 
1783539236 
1783539237 
1783539238 
1783539239 
1783539240 
1783539241 
1783539242 
1783539243 
1783539244 
1783539245 
1783539246 
1783539247 
1783539248 
1783539249 
1783539250 
1783539251 
1783539252 
1783539253 
1783539254 
1783539255 
1783539256 
1783539257 
1783539258 
1783539259 
1783539260 
1783539261 
1783539262 
1783539263 
1783539264 
1783539265 
1783539266 
1783539267 
1783539268 
1783539269 
1783539270 
1783539272 
1783539273 
1783539274 
1783539275 
1783539276 
1783539277 
1783539278 
