1783539153 Dirty: 84 Writeback: 0 
1783539154 Dirty: 112 Writeback: 0 
1783539155 Dirty: 112 Writeback: 0 
1783539156 Dirty: 116 Writeback: 0 
1783539157 Dirty: 60 Writeback: 0 
1783539158 Dirty: 96 Writeback: 0 
1783539159 Dirty: 52 Writeback: 0 
1783539160 Dirty: 64 Writeback: 0 
1783539161 Dirty: 72 Writeback: 0 
1783539162 Dirty: 28 Writeback: 0 
1783539163 Dirty: 44 Writeback: 0 
1783539164 Dirty: 44 Writeback: 0 
1783539165 Dirty: 28 Writeback: 0 
1783539166 Dirty: 40 Writeback: 0 
1783539167 Dirty: 40 Writeback: 0 
1783539168 Dirty: 48 Writeback: 0 
1783539169 Dirty: 32 Writeback: 0 
1783539170 Dirty: 32 Writeback: 0 
1783539171 Dirty: 32 Writeback: 0 
1783539172 Dirty: 28 Writeback: 0 
1783539173 Dirty: 40 Writeback: 0 
1783539174 Dirty: 40 Writeback: 0 
1783539175 Dirty: 40 Writeback: 0 
1783539176 Dirty: 32 Writeback: 0 
1783539177 Dirty: 36 Writeback: 0 
1783539178 Dirty: 56 Writeback: 0 
1783539179 Dirty: 32 Writeback: 0 
1783539180 Dirty: 32 Writeback: 0 
1783539181 Dirty: 16 Writeback: 0 
1783539182 Dirty: 24 Writeback: 0 
1783539183 Dirty: 28 Writeback: 0 
1783539184 Dirty: 56 Writeback: 0 
1783539185 Dirty: 60 Writeback: 0 
1783539186 Dirty: 28 Writeback: 0 
1783539187 Dirty: 184 Writeback: 0 
1783539188 Dirty: 200 Writeback: 0 
1783539189 Dirty: 204 Writeback: 0 
1783539190 Dirty: 164 Writeback: 0 
1783539191 Dirty: 168 Writeback: 0 
1783539192 Dirty: 152 Writeback: 0 
1783539193 Dirty: 52 Writeback: 0 
1783539194 Dirty: 56 Writeback: 0 
1783539195 Dirty: 468 Writeback: 0 
1783539196 Dirty: 596 Writeback: 0 
1783539197 Dirty: 608 Writeback: 0 
1783539198 Dirty: 596 Writeback: 0 
1783539199 Dirty: 600 Writeback: 0 
1783539200 Dirty: 312 Writeback: 0 
1783539201 Dirty: 104 Writeback: 0 
1783539202 Dirty: 108 Writeback: 0 
1783539203 Dirty: 116 Writeback: 0 
1783539204 Dirty: 28 Writeback: 0 
1783539205 Dirty: 28 Writeback: 0 
1783539206 Dirty: 28 Writeback: 0 
1783539207 Dirty: 40 Writeback: 0 
1783539208 Dirty: 40 Writeback: 0 
1783539209 Dirty: 60 Writeback: 0 
1783539210 Dirty: 232 Writeback: 0 
1783539211 Dirty: 196 Writeback: 0 
1783539212 Dirty: 204 Writeback: 0 
1783539213 Dirty: 168 Writeback: 0 
1783539214 Dirty: 216 Writeback: 0 
1783539215 Dirty: 216 Writeback: 0 
1783539216 Dirty: 216 Writeback: 0 
1783539217 Dirty: 68 Writeback: 0 
1783539218 Dirty: 76 Writeback: 0 
1783539219 Dirty: 16 Writeback: 0 
1783539220 Dirty: 24 Writeback: 0 
1783539221 Dirty: 32 Writeback: 0 
1783539222 Dirty: 36 Writeback: 0 
1783539223 Dirty: 64 Writeback: 0 
1783539224 Dirty: 56 Writeback: 0 
1783539225 Dirty: 64 Writeback: 0 
1783539226 Dirty: 32 Writeback: 0 
1783539227 Dirty: 32 Writeback: 0 
1783539228 Dirty: 48 Writeback: 0 
1783539229 Dirty: 24 Writeback: 0 
1783539230 Dirty: 28 Writeback: 0 
1783539231 Dirty: 44 Writeback: 0 
1783539232 Dirty: 48 Writeback: 0 
1783539233 Dirty: 48 Writeback: 0 
1783539234 Dirty: 60 Writeback: 0 
1783539235 Dirty: 24 Writeback: 0 
1783539236 Dirty: 24 Writeback: 0 
1783539237 Dirty: 24 Writeback: 0 
1783539238 Dirty: 52 Writeback: 0 
1783539239 Dirty: 64 Writeback: 0 
1783539240 Dirty: 44 Writeback: 0 
1783539241 Dirty: 48 Writeback: 0 
1783539242 Dirty: 48 Writeback: 0 
1783539243 Dirty: 56 Writeback: 0 
1783539244 Dirty: 28 Writeback: 0 
1783539245 Dirty: 28 Writeback: 0 
1783539246 Dirty: 44 Writeback: 0 
1783539247 Dirty: 24 Writeback: 0 
1783539248 Dirty: 24 Writeback: 0 
1783539249 Dirty: 44 Writeback: 0 
1783539250 Dirty: 48 Writeback: 0 
1783539251 Dirty: 16 Writeback: 0 
1783539252 Dirty: 28 Writeback: 0 
1783539253 Dirty: 44 Writeback: 0 
1783539254 Dirty: 20 Writeback: 0 
1783539255 Dirty: 32 Writeback: 0 
1783539256 Dirty: 32 Writeback: 0 
1783539257 Dirty: 8 Writeback: 0 
1783539258 Dirty: 24 Writeback: 0 
1783539259 Dirty: 52 Writeback: 0 
1783539260 Dirty: 60 Writeback: 0 
1783539261 Dirty: 60 Writeback: 0 
1783539262 Dirty: 180 Writeback: 0 
1783539263 Dirty: 200 Writeback: 0 
1783539264 Dirty: 176 Writeback: 0 
1783539265 Dirty: 176 Writeback: 0 
1783539266 Dirty: 180 Writeback: 0 
1783539267 Dirty: 36 Writeback: 0 
1783539268 Dirty: 32 Writeback: 0 
1783539269 Dirty: 60 Writeback: 0 
1783539270 Dirty: 68 Writeback: 0 
1783539271 Dirty: 68 Writeback: 0 
1783539272 Dirty: 68 Writeback: 0 
1783539273 Dirty: 216 Writeback: 0 
1783539274 Dirty: 216 Writeback: 0 
1783539275 Dirty: 220 Writeback: 0 
1783539276 Dirty: 220 Writeback: 0 
1783539277 Dirty: 220 Writeback: 0 
