1783546592 
1783546593       1 2 
1783546594       1 2 
1783546595       1 2 
1783546597       1 2 
1783546598       2 2 
1783546599       2 2 
1783546600       2 2 
1783546601       2 2 
1783546602       2 2 
1783546603       2 2 
1783546604       2 2 
1783546605       2 2 
1783546606       2 2 
1783546607       2 2 
1783546608       2 2 
1783546609       2 2 
1783546610       2 2 
1783546611       2 2 
1783546612       2 2 
1783546613       2 2 
1783546614       2 2 
1783546615       2 2 
1783546616       2 2 
1783546617       1 2 
1783546618       1 2 
