1783546592 Dirty: 356 Writeback: 0 
1783546593 Dirty: 2217604 Writeback: 0 
1783546594 Dirty: 5263904 Writeback: 0 
1783546595 Dirty: 7300944 Writeback: 65540 
1783546596 Dirty: 8715940 Writeback: 131076 
1783546597 Dirty: 9569172 Writeback: 611492 
1783546598 Dirty: 9865992 Writeback: 491524 
1783546599 Dirty: 9869572 Writeback: 659456 
1783546600 Dirty: 10162324 Writeback: 495144 
1783546601 Dirty: 10110536 Writeback: 663552 
1783546602 Dirty: 10202768 Writeback: 667648 
1783546603 Dirty: 10290192 Writeback: 671744 
1783546604 Dirty: 10195100 Writeback: 443744 
1783546605 Dirty: 10041132 Writeback: 494076 
1783546606 Dirty: 9828952 Writeback: 617248 
1783546607 Dirty: 9783372 Writeback: 688128 
1783546608 Dirty: 10337312 Writeback: 147460 
1783546609 Dirty: 9802972 Writeback: 692224 
1783546611 Dirty: 9795696 Writeback: 692412 
1783546612 Dirty: 9080724 Writeback: 1110136 
1783546613 Dirty: 8388532 Writeback: 1732732 
1783546614 Dirty: 6866908 Writeback: 1357904 
1783546615 Dirty: 5129360 Writeback: 1129380 
1783546616 Dirty: 3634424 Writeback: 1495068 
1783546617 Dirty: 2326716 Writeback: 921004 
1783546618 Dirty: 1433520 Writeback: 893040 
1783546619 Dirty: 208 Writeback: 360572 
