1783540681 0
1783540682 0
1783540683 0
1783540684 0
1783540685 0
1783540686 0
1783540687 0
1783540688 0
1783540689 0
1783540690 0
1783540691 0
1783540692 0
1783540693 0
1783540694 0
1783540695 0
1783540696 0
1783540697 0
1783540698 0
1783540699 0
1783540700 0
1783540701 0
1783540703 0
1783540704 0
1783540705 0
1783540706 0
1783540707 0
1783540708 0
1783540709 0
1783540710 0
1783540711 0
1783540712 0
1783540713 0
1783540714 0
1783540715 0
1783540716 0
1783540717 0
1783540718 0
1783540719 0
1783540720 0
1783540721 0
1783540722 0
1783540723 0
1783540724 0
1783540725 0
1783540726 0
1783540727 0
1783540728 0
1783540729 0
1783540730 0
1783540731 0
1783540732 0
1783540733 0
1783540734 0
1783540735 0
1783540736 0
1783540737 0
1783540738 0
1783540739 0
1783540740 0
1783540741 0
1783540742 0
1783540743 0
1783540744 0
1783540745 0
1783540746 0
1783540747 0
1783540748 0
1783540749 0
1783540750 0
1783540751 0
1783540752 0
1783540753 0
1783540754 0
1783540755 0
1783540756 0
1783540757 0
1783540758 0
1783540759 0
1783540760 0
1783540761 0
1783540762 0
1783540763 0
1783540764 0
1783540765 0
1783540766 0
1783540767 0
1783540768 0
1783540769 0
1783540770 0
1783540771 0
1783540772 0
1783540773 0
1783540774 0
1783540775 0
1783540777 0
1783540778 0
1783540779 0
1783540780 0
1783540781 0
1783540782 0
1783540783 0
1783540784 0
1783540785 0
1783540786 0
1783540787 0
1783540788 0
1783540789 0
1783540790 0
1783540791 0
1783540792 0
1783540793 0
1783540794 0
1783540795 0
1783540796 0
1783540797 0
1783540798 0
1783540799 0
1783540800 0
1783540801 0
1783540802 0
1783540803 0
1783540804 0
1783540805 0
1783540806 0
