1783540681 
1783540682 
1783540683 
1783540684 
1783540685 
1783540686 
1783540687 
1783540688 
1783540689 
1783540690 
1783540691 
1783540692 
1783540693 
1783540694 
1783540695 
1783540696 
1783540697 
1783540698 
1783540699 
1783540700 
1783540701 
1783540702 
1783540704 
1783540705 
1783540706 
1783540707 
1783540708 
1783540709 
1783540710 
1783540711 
1783540712 
1783540713 
1783540714 
1783540715 
1783540716 
1783540717 
1783540718 
1783540719 
1783540720 
1783540721 
1783540722 
1783540723 
1783540724 
1783540725 
1783540726 
1783540727 
1783540728 
1783540729 
1783540730 
1783540731 
1783540732 
1783540733 
1783540734 
1783540735 
1783540736 
1783540737 
1783540738 
1783540739 
1783540740 
1783540741 
1783540742 
1783540743 
1783540744 
1783540745 
1783540746 
1783540747 
1783540748 
1783540749 
1783540750 
1783540751 
1783540752 
1783540753 
1783540754 
1783540755 
1783540756 
1783540757 
1783540758 
1783540759 
1783540760 
1783540761 
1783540762 
1783540763 
1783540764 
1783540765 
1783540766 
1783540767 
1783540768 
1783540769 
1783540770 
1783540771 
1783540772 
1783540773 
1783540774 
1783540775 
1783540776 
1783540778 
1783540779 
1783540780 
1783540781 
1783540782 
1783540783 
1783540784 
1783540785 
1783540786 
1783540787 
1783540788 
1783540789 
1783540790 
1783540791 
1783540792 
1783540793 
1783540794 
1783540795 
1783540796 
1783540797 
1783540798 
1783540799 
1783540800 
1783540801 
1783540802 
1783540803 
1783540804 
1783540805 
1783540806 
