1783540681 Dirty: 84 Writeback: 0 
1783540682 Dirty: 112 Writeback: 0 
1783540683 Dirty: 112 Writeback: 0 
1783540684 Dirty: 112 Writeback: 0 
1783540685 Dirty: 60 Writeback: 0 
1783540686 Dirty: 88 Writeback: 0 
1783540687 Dirty: 48 Writeback: 0 
1783540688 Dirty: 68 Writeback: 0 
1783540689 Dirty: 68 Writeback: 0 
1783540690 Dirty: 72 Writeback: 0 
1783540691 Dirty: 80 Writeback: 0 
1783540692 Dirty: 84 Writeback: 0 
1783540693 Dirty: 76 Writeback: 0 
1783540694 Dirty: 76 Writeback: 0 
1783540695 Dirty: 28 Writeback: 0 
1783540696 Dirty: 32 Writeback: 0 
1783540697 Dirty: 44 Writeback: 0 
1783540698 Dirty: 32 Writeback: 0 
1783540699 Dirty: 40 Writeback: 0 
1783540700 Dirty: 40 Writeback: 0 
1783540701 Dirty: 52 Writeback: 0 
1783540702 Dirty: 36 Writeback: 0 
1783540703 Dirty: 8 Writeback: 0 
1783540704 Dirty: 24 Writeback: 0 
1783540705 Dirty: 32 Writeback: 4 
1783540706 Dirty: 44 Writeback: 0 
1783540707 Dirty: 52 Writeback: 0 
1783540708 Dirty: 60 Writeback: 0 
1783540709 Dirty: 36 Writeback: 0 
1783540710 Dirty: 44 Writeback: 0 
1783540711 Dirty: 52 Writeback: 0 
1783540712 Dirty: 56 Writeback: 0 
1783540713 Dirty: 24 Writeback: 16 
1783540714 Dirty: 36 Writeback: 0 
1783540715 Dirty: 48 Writeback: 0 
1783540716 Dirty: 64 Writeback: 8 
1783540717 Dirty: 64 Writeback: 0 
1783540718 Dirty: 64 Writeback: 0 
1783540719 Dirty: 56 Writeback: 0 
1783540720 Dirty: 64 Writeback: 0 
1783540721 Dirty: 64 Writeback: 0 
1783540722 Dirty: 32 Writeback: 0 
1783540723 Dirty: 32 Writeback: 0 
1783540724 Dirty: 44 Writeback: 0 
1783540725 Dirty: 24 Writeback: 0 
1783540726 Dirty: 56 Writeback: 0 
1783540727 Dirty: 60 Writeback: 0 
1783540728 Dirty: 64 Writeback: 0 
1783540729 Dirty: 64 Writeback: 0 
1783540730 Dirty: 48 Writeback: 0 
1783540731 Dirty: 64 Writeback: 0 
1783540732 Dirty: 28 Writeback: 0 
1783540733 Dirty: 32 Writeback: 0 
1783540734 Dirty: 36 Writeback: 0 
1783540735 Dirty: 4 Writeback: 0 
1783540736 Dirty: 48 Writeback: 0 
1783540737 Dirty: 52 Writeback: 0 
1783540738 Dirty: 52 Writeback: 0 
1783540739 Dirty: 56 Writeback: 0 
1783540740 Dirty: 28 Writeback: 0 
1783540741 Dirty: 56 Writeback: 0 
1783540742 Dirty: 28 Writeback: 0 
1783540743 Dirty: 32 Writeback: 0 
1783540744 Dirty: 204 Writeback: 0 
1783540745 Dirty: 208 Writeback: 0 
1783540746 Dirty: 216 Writeback: 0 
1783540747 Dirty: 228 Writeback: 0 
1783540748 Dirty: 228 Writeback: 0 
1783540749 Dirty: 32 Writeback: 0 
1783540750 Dirty: 48 Writeback: 0 
1783540751 Dirty: 60 Writeback: 0 
1783540752 Dirty: 64 Writeback: 0 
1783540753 Dirty: 64 Writeback: 0 
1783540754 Dirty: 72 Writeback: 0 
1783540755 Dirty: 32 Writeback: 0 
1783540756 Dirty: 0 Writeback: 0 
1783540757 Dirty: 48 Writeback: 0 
1783540758 Dirty: 180 Writeback: 0 
1783540759 Dirty: 188 Writeback: 0 
1783540760 Dirty: 188 Writeback: 0 
1783540761 Dirty: 192 Writeback: 0 
1783540762 Dirty: 152 Writeback: 0 
1783540763 Dirty: 36 Writeback: 0 
1783540764 Dirty: 36 Writeback: 0 
1783540765 Dirty: 40 Writeback: 0 
1783540766 Dirty: 68 Writeback: 0 
1783540767 Dirty: 220 Writeback: 0 
1783540768 Dirty: 160 Writeback: 0 
1783540769 Dirty: 184 Writeback: 0 
1783540770 Dirty: 184 Writeback: 0 
1783540771 Dirty: 216 Writeback: 0 
1783540772 Dirty: 220 Writeback: 0 
1783540773 Dirty: 220 Writeback: 0 
1783540774 Dirty: 188 Writeback: 0 
1783540775 Dirty: 200 Writeback: 0 
1783540776 Dirty: 220 Writeback: 0 
1783540777 Dirty: 220 Writeback: 0 
1783540778 Dirty: 224 Writeback: 0 
1783540779 Dirty: 28 Writeback: 0 
1783540780 Dirty: 36 Writeback: 0 
1783540781 Dirty: 68 Writeback: 0 
1783540782 Dirty: 32 Writeback: 0 
1783540783 Dirty: 40 Writeback: 0 
1783540784 Dirty: 44 Writeback: 0 
1783540785 Dirty: 16 Writeback: 0 
1783540787 Dirty: 24 Writeback: 0 
1783540788 Dirty: 64 Writeback: 0 
1783540789 Dirty: 32 Writeback: 0 
1783540790 Dirty: 32 Writeback: 0 
1783540791 Dirty: 36 Writeback: 0 
1783540792 Dirty: 68 Writeback: 0 
1783540793 Dirty: 44 Writeback: 0 
1783540794 Dirty: 48 Writeback: 0 
1783540795 Dirty: 52 Writeback: 0 
1783540796 Dirty: 52 Writeback: 0 
1783540797 Dirty: 64 Writeback: 0 
1783540798 Dirty: 72 Writeback: 0 
1783540799 Dirty: 32 Writeback: 0 
1783540800 Dirty: 32 Writeback: 0 
1783540801 Dirty: 36 Writeback: 0 
1783540802 Dirty: 0 Writeback: 16 
1783540803 Dirty: 0 Writeback: 16 
1783540804 Dirty: 52 Writeback: 0 
1783540805 Dirty: 56 Writeback: 0 
1783540806 Dirty: 208 Writeback: 0 
