1783550939 
1783550940 
1783550941 
1783550942 
1783550943 
1783550944 
1783550945 
1783550946 
1783550947 
1783550948 
1783550949 
1783550950 
1783550951 
1783550952 
1783550953 
1783550954 
1783550955 
1783550956 
1783550957 
1783550958 
1783550959 
1783550960 
1783550961 
1783550962 
1783550963 
1783550964 
1783550965 
1783550966 
1783550967 
1783550968 
1783550969 
1783550970 
1783550971 
1783550972 
1783550973 
1783550974 
1783550975 
1783550976 
1783550977 
1783550978 
1783550979 
1783550980 
1783550981 
1783550982 
1783550983 
1783550984 
1783550985 
1783550986 
1783550987 
1783550988 
1783550989 
1783550990 
1783550991 
1783550992 
1783550993 
1783550994 
1783550995 
1783550997 
1783550998 
1783550999 
1783551000 
1783551001 
1783551002 
1783551003 
1783551004 
1783551005 
1783551006 
1783551007 
1783551008 
1783551009 
1783551010 
1783551011 
1783551012 
1783551013 
1783551014 
1783551015 
1783551016 
1783551017 
1783551018 
1783551019 
1783551020 
1783551021 
1783551022 
1783551023 
1783551024 
1783551025 
1783551026 
1783551027 
1783551028 
1783551029 
1783551030 
1783551031 
1783551032 
1783551033 
1783551034 
1783551035 
1783551036 
1783551037 
1783551038 
1783551039 
1783551040 
1783551041 
