1783550939 Dirty: 88 Writeback: 0 
1783550940 Dirty: 84 Writeback: 32 
1783550941 Dirty: 164 Writeback: 0 
1783550942 Dirty: 116 Writeback: 0 
1783550943 Dirty: 152 Writeback: 0 
1783550944 Dirty: 152 Writeback: 0 
1783550945 Dirty: 172 Writeback: 0 
1783550946 Dirty: 172 Writeback: 0 
1783550947 Dirty: 180 Writeback: 0 
1783550948 Dirty: 32 Writeback: 0 
1783550949 Dirty: 48 Writeback: 0 
1783550950 Dirty: 48 Writeback: 0 
1783550951 Dirty: 56 Writeback: 0 
1783550952 Dirty: 68 Writeback: 0 
1783550953 Dirty: 64 Writeback: 0 
1783550954 Dirty: 80 Writeback: 0 
1783550955 Dirty: 100 Writeback: 0 
1783550956 Dirty: 108 Writeback: 0 
1783550957 Dirty: 124 Writeback: 0 
1783550958 Dirty: 76 Writeback: 0 
1783550959 Dirty: 84 Writeback: 0 
1783550960 Dirty: 100 Writeback: 0 
1783550961 Dirty: 108 Writeback: 0 
1783550962 Dirty: 116 Writeback: 0 
1783550963 Dirty: 76 Writeback: 0 
1783550964 Dirty: 96 Writeback: 0 
1783550965 Dirty: 112 Writeback: 0 
1783550966 Dirty: 116 Writeback: 0 
1783550967 Dirty: 124 Writeback: 0 
1783550968 Dirty: 76 Writeback: 0 
1783550969 Dirty: 84 Writeback: 0 
1783550970 Dirty: 104 Writeback: 0 
1783550971 Dirty: 112 Writeback: 0 
1783550972 Dirty: 116 Writeback: 0 
1783550973 Dirty: 44 Writeback: 0 
1783550974 Dirty: 56 Writeback: 0 
1783550975 Dirty: 84 Writeback: 0 
1783550976 Dirty: 88 Writeback: 0 
1783550977 Dirty: 92 Writeback: 0 
1783550978 Dirty: 36 Writeback: 0 
1783550979 Dirty: 68 Writeback: 0 
1783550980 Dirty: 88 Writeback: 0 
1783550981 Dirty: 100 Writeback: 0 
1783550982 Dirty: 100 Writeback: 0 
1783550983 Dirty: 292 Writeback: 0 
1783550984 Dirty: 272 Writeback: 0 
1783550985 Dirty: 288 Writeback: 0 
1783550986 Dirty: 296 Writeback: 0 
1783550987 Dirty: 308 Writeback: 0 
1783550988 Dirty: 72 Writeback: 0 
1783550989 Dirty: 108 Writeback: 0 
1783550990 Dirty: 152 Writeback: 0 
1783550991 Dirty: 48 Writeback: 0 
1783550992 Dirty: 88 Writeback: 0 
1783550993 Dirty: 88 Writeback: 0 
1783550994 Dirty: 168 Writeback: 0 
1783550995 Dirty: 176 Writeback: 0 
1783550996 Dirty: 180 Writeback: 0 
1783550997 Dirty: 140 Writeback: 0 
1783550998 Dirty: 156 Writeback: 0 
1783550999 Dirty: 80 Writeback: 0 
1783551000 Dirty: 88 Writeback: 0 
1783551001 Dirty: 124 Writeback: 0 
1783551002 Dirty: 76 Writeback: 0 
1783551003 Dirty: 84 Writeback: 0 
1783551004 Dirty: 84 Writeback: 0 
1783551005 Dirty: 104 Writeback: 0 
1783551006 Dirty: 112 Writeback: 0 
1783551007 Dirty: 84 Writeback: 0 
1783551008 Dirty: 92 Writeback: 0 
1783551009 Dirty: 108 Writeback: 0 
1783551010 Dirty: 108 Writeback: 0 
1783551011 Dirty: 116 Writeback: 0 
1783551012 Dirty: 104 Writeback: 0 
1783551013 Dirty: 128 Writeback: 0 
1783551014 Dirty: 132 Writeback: 0 
1783551015 Dirty: 144 Writeback: 0 
1783551016 Dirty: 144 Writeback: 0 
1783551017 Dirty: 76 Writeback: 0 
1783551018 Dirty: 92 Writeback: 0 
1783551019 Dirty: 96 Writeback: 0 
1783551020 Dirty: 96 Writeback: 0 
1783551021 Dirty: 108 Writeback: 0 
1783551022 Dirty: 112 Writeback: 0 
1783551023 Dirty: 64 Writeback: 0 
1783551024 Dirty: 68 Writeback: 0 
1783551025 Dirty: 76 Writeback: 0 
1783551026 Dirty: 96 Writeback: 0 
1783551027 Dirty: 44 Writeback: 0 
1783551028 Dirty: 104 Writeback: 0 
1783551029 Dirty: 104 Writeback: 0 
1783551030 Dirty: 104 Writeback: 0 
1783551031 Dirty: 108 Writeback: 0 
1783551032 Dirty: 128 Writeback: 0 
1783551033 Dirty: 68 Writeback: 0 
1783551034 Dirty: 80 Writeback: 0 
1783551035 Dirty: 80 Writeback: 0 
1783551036 Dirty: 112 Writeback: 0 
1783551037 Dirty: 132 Writeback: 0 
1783551038 Dirty: 84 Writeback: 0 
1783551039 Dirty: 84 Writeback: 0 
1783551040 Dirty: 88 Writeback: 0 
1783551041 Dirty: 88 Writeback: 0 
