1783547432 0
1783547433 0
1783547434 0
1783547435 0
1783547436 0
1783547437 0
1783547438 0
1783547439 0
1783547440 0
1783547441 0
1783547442 0
1783547443 0
1783547444 0
1783547445 0
1783547446 0
1783547447 0
1783547448 0
1783547449 0
1783547450 0
1783547451 0
1783547452 0
1783547453 0
1783547454 0
1783547455 0
1783547456 0
1783547457 0
1783547458 0
1783547459 0
1783547460 0
1783547461 0
1783547462 0
1783547463 0
1783547464 0
1783547465 0
1783547466 0
1783547467 0
1783547468 0
1783547469 0
1783547470 0
1783547471 0
1783547472 0
1783547473 0
1783547474 0
1783547475 0
1783547476 0
1783547477 0
1783547478 0
1783547479 0
1783547480 0
1783547481 0
1783547482 0
1783547484 0
1783547485 0
1783547486 0
1783547487 0
1783547488 0
1783547489 0
