1783547432 
1783547433 
1783547434 
1783547435 
1783547436 
1783547437 
1783547438 
1783547439 
1783547440 
1783547441 
1783547442 
1783547443 
1783547444 
1783547445 
1783547446 
1783547447 
1783547448 
1783547449 
1783547450 
1783547451 
1783547452 
1783547453 
1783547454 
1783547455 
1783547456 
1783547457 
1783547458 
1783547459 
1783547460 
1783547461 
1783547462 
1783547463 
1783547464 
1783547465 
1783547466 
1783547467 
1783547468 
1783547469 
1783547470 
1783547471 
1783547472 
1783547473 
1783547474 
1783547475 
1783547476 
1783547477 
1783547478 
1783547479 
1783547480 
1783547481 
1783547482 
1783547483 
1783547485 
1783547486 
1783547487 
1783547488 
1783547489 
