1783552142 0
1783552143 0
1783552144 0
1783552145 0
1783552146 0
1783552147 0
1783552148 0
1783552149 0
1783552150 0
1783552152 0
1783552153 0
1783552154 0
1783552155 0
1783552156 0
1783552157 0
1783552158 0
1783552159 0
1783552160 0
1783552161 0
1783552162 0
1783552163 0
1783552164 0
1783552165 0
1783552166 0
1783552167 0
1783552168 0
1783552169 0
1783552170 0
1783552171 0
1783552172 0
1783552173 0
1783552174 0
1783552175 0
1783552176 0
1783552177 0
1783552178 0
1783552179 0
1783552180 0
1783552181 0
1783552182 0
1783552183 0
1783552184 0
1783552185 0
1783552186 0
1783552187 0
1783552188 0
1783552189 0
1783552190 0
1783552191 0
1783552192 0
1783552193 0
1783552194 0
1783552195 0
1783552196 0
1783552197 0
1783552198 0
1783552199 0
1783552200 0
1783552201 0
1783552202 0
1783552203 0
1783552204 0
1783552205 0
1783552206 0
1783552208 0
1783552209 0
1783552210 0
1783552211 0
1783552212 0
1783552213 0
1783552214 0
1783552215 0
1783552216 0
1783552217 0
