1783552142 
1783552143 
1783552144 
1783552145 
1783552146 
1783552147 
1783552148 
1783552149 
1783552150 
1783552151 
1783552153 
1783552154 
1783552155 
1783552156 
1783552157 
1783552158 
1783552159 
1783552160 
1783552161 
1783552162 
1783552163 
1783552164 
1783552165 
1783552166 
1783552167 
1783552168 
1783552169 
1783552170 
1783552171 
1783552172 
1783552173 
1783552174 
1783552175 
1783552176 
1783552177 
1783552178 
1783552179 
1783552180 
1783552181 
1783552182 
1783552183 
1783552184 
1783552185 
1783552186 
1783552187 
1783552188 
1783552189 
1783552190 
1783552191 
1783552192 
1783552193 
1783552194 
1783552195 
1783552196 
1783552197 
1783552198 
1783552199 
1783552200 
1783552201 
1783552202 
1783552203 
1783552204 
1783552205 
1783552206 
1783552207 
1783552209 
1783552210 
1783552211 
1783552212 
1783552213 
1783552214 
1783552215 
1783552216 
1783552217 
