1783552142 Dirty: 232 Writeback: 0 
1783552143 Dirty: 288 Writeback: 0 
1783552144 Dirty: 368 Writeback: 0 
1783552145 Dirty: 112 Writeback: 0 
1783552146 Dirty: 156 Writeback: 0 
1783552147 Dirty: 136 Writeback: 0 
1783552148 Dirty: 148 Writeback: 0 
1783552149 Dirty: 104 Writeback: 0 
1783552150 Dirty: 120 Writeback: 0 
1783552151 Dirty: 84 Writeback: 0 
1783552152 Dirty: 132 Writeback: 0 
1783552153 Dirty: 140 Writeback: 0 
1783552154 Dirty: 144 Writeback: 0 
1783552155 Dirty: 116 Writeback: 0 
1783552156 Dirty: 132 Writeback: 0 
1783552157 Dirty: 132 Writeback: 0 
1783552158 Dirty: 136 Writeback: 0 
1783552159 Dirty: 136 Writeback: 0 
1783552160 Dirty: 92 Writeback: 0 
1783552161 Dirty: 144 Writeback: 0 
1783552162 Dirty: 148 Writeback: 0 
1783552163 Dirty: 148 Writeback: 0 
1783552164 Dirty: 160 Writeback: 0 
1783552165 Dirty: 160 Writeback: 20 
1783552166 Dirty: 132 Writeback: 0 
1783552167 Dirty: 132 Writeback: 0 
1783552168 Dirty: 136 Writeback: 0 
1783552169 Dirty: 140 Writeback: 0 
1783552170 Dirty: 92 Writeback: 0 
1783552171 Dirty: 128 Writeback: 0 
1783552172 Dirty: 128 Writeback: 0 
1783552173 Dirty: 136 Writeback: 0 
1783552175 Dirty: 144 Writeback: 0 
1783552176 Dirty: 116 Writeback: 0 
1783552177 Dirty: 124 Writeback: 0 
1783552178 Dirty: 124 Writeback: 0 
1783552179 Dirty: 132 Writeback: 0 
1783552180 Dirty: 136 Writeback: 0 
1783552181 Dirty: 0 Writeback: 20 
1783552182 Dirty: 176 Writeback: 0 
1783552183 Dirty: 136 Writeback: 0 
1783552184 Dirty: 148 Writeback: 0 
1783552185 Dirty: 140 Writeback: 0 
1783552186 Dirty: 144 Writeback: 0 
1783552187 Dirty: 132 Writeback: 0 
1783552188 Dirty: 140 Writeback: 0 
1783552189 Dirty: 120 Writeback: 0 
1783552190 Dirty: 128 Writeback: 0 
1783552191 Dirty: 132 Writeback: 0 
1783552192 Dirty: 148 Writeback: 0 
1783552193 Dirty: 116 Writeback: 0 
1783552194 Dirty: 140 Writeback: 0 
1783552195 Dirty: 152 Writeback: 0 
1783552196 Dirty: 156 Writeback: 0 
1783552197 Dirty: 164 Writeback: 0 
1783552198 Dirty: 132 Writeback: 0 
1783552199 Dirty: 148 Writeback: 0 
1783552200 Dirty: 148 Writeback: 0 
1783552201 Dirty: 148 Writeback: 0 
1783552202 Dirty: 152 Writeback: 0 
1783552203 Dirty: 124 Writeback: 0 
1783552204 Dirty: 144 Writeback: 0 
1783552205 Dirty: 160 Writeback: 0 
1783552206 Dirty: 160 Writeback: 0 
1783552207 Dirty: 164 Writeback: 0 
1783552208 Dirty: 132 Writeback: 0 
1783552209 Dirty: 144 Writeback: 0 
1783552210 Dirty: 144 Writeback: 0 
1783552211 Dirty: 144 Writeback: 0 
1783552212 Dirty: 152 Writeback: 0 
1783552213 Dirty: 112 Writeback: 0 
1783552214 Dirty: 132 Writeback: 0 
1783552215 Dirty: 136 Writeback: 0 
1783552216 Dirty: 140 Writeback: 0 
1783552217 Dirty: 140 Writeback: 0 
