1783541063 0
1783541064 0
1783541065 0
1783541066 0
1783541067 0
1783541068 0
1783541069 0
1783541070 0
1783541071 0
1783541072 0
1783541073 0
1783541074 0
1783541075 0
1783541076 0
1783541077 0
1783541078 0
1783541079 0
1783541080 0
1783541082 0
1783541083 0
1783541084 0
1783541085 0
1783541086 0
1783541087 0
1783541088 0
1783541089 0
1783541090 0
1783541091 0
1783541092 0
1783541093 0
1783541094 0
1783541095 0
1783541096 0
1783541097 0
1783541098 0
1783541099 0
1783541100 0
1783541101 0
1783541102 0
1783541103 0
1783541104 0
1783541105 0
1783541106 0
1783541107 0
1783541108 0
1783541109 0
1783541110 0
1783541111 0
1783541112 0
1783541113 0
1783541114 0
1783541115 0
1783541116 0
1783541117 0
1783541118 0
1783541119 0
1783541120 0
1783541121 0
1783541122 0
1783541123 0
1783541124 0
1783541125 0
1783541126 0
1783541127 0
1783541128 0
1783541129 0
1783541130 0
1783541131 0
1783541132 0
1783541133 0
1783541134 0
1783541135 0
1783541136 0
1783541137 0
1783541138 0
1783541139 0
1783541140 0
1783541141 0
1783541142 0
1783541143 0
1783541144 0
1783541145 0
1783541146 0
1783541147 0
1783541148 0
1783541149 0
1783541150 0
1783541151 0
1783541152 0
1783541153 0
1783541154 0
1783541155 0
1783541157 0
1783541158 0
1783541159 0
1783541160 0
1783541161 0
1783541162 0
1783541163 0
1783541164 0
1783541165 0
1783541166 0
1783541167 0
1783541168 0
1783541169 0
1783541170 0
1783541171 0
1783541172 0
1783541173 0
1783541174 0
1783541175 0
1783541176 0
1783541177 0
1783541178 0
1783541179 0
1783541180 0
1783541181 0
1783541182 0
1783541183 0
1783541184 0
1783541185 0
1783541186 0
1783541187 0
1783541188 0
