1783544421 
1783544422 
1783544423 
1783544424 
1783544425 
1783544426 
1783544427 
1783544428 
1783544429 
1783544430 
1783544431 
1783544432 
1783544433 
1783544434 
1783544435 
1783544436 
1783544438 
1783544439 
1783544440 
1783544441 
1783544442 
1783544443 
1783544444 
1783544445 
1783544446 
1783544447 
1783544448 
1783544449 
1783544450 
1783544451 
1783544452 
1783544453 
1783544454 
1783544455 
1783544456 
1783544457 
1783544458 
1783544459 
1783544460 
1783544461 
1783544462 
1783544463 
1783544464 
1783544465 
1783544466 
1783544467 
1783544468 
1783544469 
1783544470 
1783544471 
1783544472 
1783544473 
1783544474 
1783544475 
1783544476 
1783544477 
1783544478 
1783544479 
1783544480 
1783544481 
1783544482 
1783544483 
1783544484 
1783544485 
1783544486 
1783544487 
1783544488 
1783544489 
1783544490 
1783544491 
1783544492 
1783544493 
1783544494 
1783544495 
1783544496 
1783544497 
1783544498 
1783544499 
1783544500 
1783544501 
1783544502 
1783544503 
1783544504 
1783544505 
1783544506 
1783544507 
1783544508 
1783544510 
1783544511 
1783544512 
1783544513 
1783544514 
1783544515 
1783544516 
1783544517 
1783544518 
1783544519 
1783544520 
1783544521 
1783544522 
1783544523 
1783544524 
1783544525 
1783544526 
1783544527 
1783544528 
1783544529 
1783544530 
1783544531 
1783544532 
1783544533 
1783544534 
1783544535 
1783544536 
1783544537 
1783544538 
1783544539 
1783544540 
1783544541 
1783544542 
1783544543 
1783544544 
1783544545 
1783544546 
