1783544421 0
1783544422 0
1783544423 0
1783544424 0
1783544425 0
1783544426 0
1783544427 0
1783544428 0
1783544429 0
1783544430 0
1783544431 0
1783544432 0
1783544433 0
1783544434 0
1783544435 0
1783544437 0
1783544438 0
1783544439 0
1783544440 0
1783544441 0
1783544442 0
1783544443 0
1783544444 0
1783544445 0
1783544446 0
1783544447 0
1783544448 0
1783544449 0
1783544450 0
1783544451 0
1783544452 0
1783544453 0
1783544454 0
1783544455 0
1783544456 0
1783544457 0
1783544458 0
1783544459 0
1783544460 0
1783544461 0
1783544462 0
1783544463 0
1783544464 0
1783544465 0
1783544466 0
1783544467 0
1783544468 0
1783544469 0
1783544470 0
1783544471 0
1783544472 0
1783544473 0
1783544474 0
1783544475 0
1783544476 0
1783544477 0
1783544478 0
1783544479 0
1783544480 0
1783544481 0
1783544482 0
1783544483 0
1783544484 0
1783544485 0
1783544486 0
1783544487 0
1783544488 0
1783544489 0
1783544490 0
1783544491 0
1783544492 0
1783544493 0
1783544494 0
1783544495 0
1783544496 0
1783544497 0
1783544498 0
1783544499 0
1783544500 0
1783544501 0
1783544502 0
1783544503 0
1783544504 0
1783544505 0
1783544506 0
1783544507 0
1783544509 0
1783544510 0
1783544511 0
1783544512 0
1783544513 0
1783544514 0
1783544515 0
1783544516 0
1783544517 0
1783544518 0
1783544519 0
1783544520 0
1783544521 0
1783544522 0
1783544523 0
1783544524 0
1783544525 0
1783544526 0
1783544527 0
1783544528 0
1783544529 0
1783544530 0
1783544531 0
1783544532 0
1783544533 0
1783544534 0
1783544535 0
1783544536 0
1783544537 0
1783544538 0
1783544539 0
1783544540 0
1783544541 0
1783544542 0
1783544543 0
1783544544 0
1783544545 0
1783544546 0
