1783544421 Dirty: 32 Writeback: 0 
1783544422 Dirty: 80 Writeback: 0 
1783544423 Dirty: 48 Writeback: 0 
1783544424 Dirty: 68 Writeback: 0 
1783544425 Dirty: 68 Writeback: 0 
1783544426 Dirty: 72 Writeback: 0 
1783544427 Dirty: 84 Writeback: 0 
1783544428 Dirty: 36 Writeback: 32 
1783544429 Dirty: 44 Writeback: 0 
1783544430 Dirty: 64 Writeback: 0 
1783544431 Dirty: 68 Writeback: 0 
1783544432 Dirty: 68 Writeback: 0 
1783544433 Dirty: 60 Writeback: 0 
1783544434 Dirty: 16 Writeback: 0 
1783544435 Dirty: 24 Writeback: 0 
1783544436 Dirty: 24 Writeback: 0 
1783544437 Dirty: 28 Writeback: 0 
1783544438 Dirty: 44 Writeback: 0 
1783544439 Dirty: 12 Writeback: 0 
1783544440 Dirty: 40 Writeback: 0 
1783544441 Dirty: 40 Writeback: 0 
1783544442 Dirty: 44 Writeback: 0 
1783544443 Dirty: 52 Writeback: 0 
1783544444 Dirty: 36 Writeback: 0 
1783544445 Dirty: 36 Writeback: 0 
1783544446 Dirty: 24 Writeback: 0 
1783544447 Dirty: 24 Writeback: 0 
1783544448 Dirty: 48 Writeback: 0 
1783544449 Dirty: 48 Writeback: 0 
1783544450 Dirty: 24 Writeback: 0 
1783544451 Dirty: 48 Writeback: 0 
1783544452 Dirty: 52 Writeback: 0 
1783544453 Dirty: 60 Writeback: 0 
1783544454 Dirty: 32 Writeback: 0 
1783544455 Dirty: 32 Writeback: 0 
1783544456 Dirty: 20 Writeback: 0 
1783544457 Dirty: 24 Writeback: 0 
1783544458 Dirty: 52 Writeback: 0 
1783544459 Dirty: 52 Writeback: 0 
1783544460 Dirty: 52 Writeback: 0 
1783544461 Dirty: 36 Writeback: 0 
1783544462 Dirty: 44 Writeback: 0 
1783544463 Dirty: 52 Writeback: 0 
1783544464 Dirty: 32 Writeback: 0 
1783544465 Dirty: 32 Writeback: 0 
1783544466 Dirty: 36 Writeback: 0 
1783544467 Dirty: 4 Writeback: 0 
1783544468 Dirty: 48 Writeback: 0 
1783544469 Dirty: 48 Writeback: 0 
1783544470 Dirty: 48 Writeback: 0 
1783544471 Dirty: 52 Writeback: 0 
1783544472 Dirty: 24 Writeback: 0 
1783544473 Dirty: 40 Writeback: 0 
1783544474 Dirty: 40 Writeback: 0 
1783544475 Dirty: 24 Writeback: 0 
1783544476 Dirty: 28 Writeback: 0 
1783544477 Dirty: 28 Writeback: 0 
1783544478 Dirty: 32 Writeback: 0 
1783544479 Dirty: 32 Writeback: 0 
1783544480 Dirty: 40 Writeback: 0 
1783544481 Dirty: 44 Writeback: 0 
1783544482 Dirty: 52 Writeback: 0 
1783544483 Dirty: 44 Writeback: 0 
1783544484 Dirty: 24 Writeback: 0 
1783544485 Dirty: 24 Writeback: 0 
1783544486 Dirty: 24 Writeback: 0 
1783544487 Dirty: 28 Writeback: 0 
1783544488 Dirty: 36 Writeback: 0 
1783544489 Dirty: 40 Writeback: 0 
1783544490 Dirty: 40 Writeback: 0 
1783544491 Dirty: 44 Writeback: 0 
1783544492 Dirty: 52 Writeback: 0 
1783544494 Dirty: 52 Writeback: 0 
1783544495 Dirty: 24 Writeback: 0 
1783544496 Dirty: 24 Writeback: 0 
1783544497 Dirty: 32 Writeback: 0 
1783544498 Dirty: 32 Writeback: 0 
1783544499 Dirty: 36 Writeback: 0 
1783544500 Dirty: 24 Writeback: 0 
1783544501 Dirty: 32 Writeback: 0 
1783544502 Dirty: 32 Writeback: 0 
1783544503 Dirty: 36 Writeback: 0 
1783544504 Dirty: 40 Writeback: 0 
1783544505 Dirty: 40 Writeback: 0 
1783544506 Dirty: 16 Writeback: 0 
1783544507 Dirty: 208 Writeback: 0 
1783544508 Dirty: 212 Writeback: 0 
1783544509 Dirty: 216 Writeback: 0 
1783544510 Dirty: 244 Writeback: 0 
1783544511 Dirty: 248 Writeback: 0 
1783544512 Dirty: 224 Writeback: 0 
1783544513 Dirty: 232 Writeback: 0 
1783544514 Dirty: 240 Writeback: 0 
1783544515 Dirty: 216 Writeback: 0 
1783544516 Dirty: 216 Writeback: 0 
1783544517 Dirty: 184 Writeback: 16 
1783544518 Dirty: 204 Writeback: 0 
1783544519 Dirty: 236 Writeback: 0 
1783544520 Dirty: 236 Writeback: 0 
1783544521 Dirty: 240 Writeback: 0 
1783544522 Dirty: 240 Writeback: 0 
1783544523 Dirty: 228 Writeback: 0 
1783544524 Dirty: 240 Writeback: 0 
1783544525 Dirty: 212 Writeback: 0 
1783544526 Dirty: 216 Writeback: 0 
1783544527 Dirty: 220 Writeback: 0 
1783544528 Dirty: 200 Writeback: 0 
1783544529 Dirty: 180 Writeback: 0 
1783544530 Dirty: 216 Writeback: 0 
1783544531 Dirty: 220 Writeback: 0 
1783544532 Dirty: 220 Writeback: 0 
1783544533 Dirty: 220 Writeback: 0 
1783544534 Dirty: 208 Writeback: 8 
1783544535 Dirty: 196 Writeback: 0 
1783544536 Dirty: 196 Writeback: 0 
1783544537 Dirty: 196 Writeback: 0 
1783544538 Dirty: 200 Writeback: 0 
1783544539 Dirty: 0 Writeback: 0 
1783544540 Dirty: 52 Writeback: 0 
1783544541 Dirty: 52 Writeback: 0 
1783544542 Dirty: 56 Writeback: 0 
1783544543 Dirty: 60 Writeback: 0 
1783544544 Dirty: 60 Writeback: 0 
1783544545 Dirty: 16 Writeback: 0 
1783544546 Dirty: 24 Writeback: 0 
